Component: ARM Compiler 5.06 update 7 (build 960) Tool: armlink [4d3601]

==============================================================================

Section Cross References

    at32f421_wk_config.o(i.wk_nvic_config) refers to at32f421_misc.o(i.nvic_priority_group_config) for nvic_priority_group_config
    at32f421_wk_config.o(i.wk_nvic_config) refers to at32f421_wk_config.o(i.__NVIC_GetPriorityGrouping) for __NVIC_GetPriorityGrouping
    at32f421_wk_config.o(i.wk_nvic_config) refers to at32f421_wk_config.o(i.NVIC_EncodePriority) for NVIC_EncodePriority
    at32f421_wk_config.o(i.wk_nvic_config) refers to at32f421_wk_config.o(i.__NVIC_SetPriority) for __NVIC_SetPriority
    at32f421_wk_config.o(i.wk_periph_clock_config) refers to at32f421_crm.o(i.crm_periph_clock_enable) for crm_periph_clock_enable
    at32f421_wk_config.o(i.wk_system_clock_config) refers to at32f421_crm.o(i.crm_reset) for crm_reset
    at32f421_wk_config.o(i.wk_system_clock_config) refers to at32f421_crm.o(i.crm_clock_source_enable) for crm_clock_source_enable
    at32f421_wk_config.o(i.wk_system_clock_config) refers to at32f421_crm.o(i.crm_flag_get) for crm_flag_get
    at32f421_wk_config.o(i.wk_system_clock_config) refers to at32f421_crm.o(i.crm_pll_config) for crm_pll_config
    at32f421_wk_config.o(i.wk_system_clock_config) refers to at32f421_crm.o(i.crm_ahb_div_set) for crm_ahb_div_set
    at32f421_wk_config.o(i.wk_system_clock_config) refers to at32f421_crm.o(i.crm_apb2_div_set) for crm_apb2_div_set
    at32f421_wk_config.o(i.wk_system_clock_config) refers to at32f421_crm.o(i.crm_apb1_div_set) for crm_apb1_div_set
    at32f421_wk_config.o(i.wk_system_clock_config) refers to at32f421_crm.o(i.crm_auto_step_mode_enable) for crm_auto_step_mode_enable
    at32f421_wk_config.o(i.wk_system_clock_config) refers to at32f421_crm.o(i.crm_sysclk_switch) for crm_sysclk_switch
    at32f421_wk_config.o(i.wk_system_clock_config) refers to at32f421_crm.o(i.crm_sysclk_switch_status_get) for crm_sysclk_switch_status_get
    at32f421_wk_config.o(i.wk_system_clock_config) refers to system_at32f421.o(i.system_core_clock_update) for system_core_clock_update
    main.o(i.main) refers to at32f421_wk_config.o(i.wk_system_clock_config) for wk_system_clock_config
    main.o(i.main) refers to at32f421_wk_config.o(i.wk_periph_clock_config) for wk_periph_clock_config
    main.o(i.main) refers to at32f421_wk_config.o(i.wk_nvic_config) for wk_nvic_config
    main.o(i.main) refers to wk_system.o(i.wk_timebase_init) for wk_timebase_init
    main.o(i.main) refers to wk_usart.o(i.wk_usart1_init) for wk_usart1_init
    main.o(i.main) refers to wk_gpio.o(i.wk_gpio_config) for wk_gpio_config
    main.o(i.main) refers to at32f421_gpio.o(i.gpio_bits_reset) for gpio_bits_reset
    main.o(i.main) refers to wk_system.o(i.wk_delay_ms) for wk_delay_ms
    main.o(i.main) refers to at32f421_gpio.o(i.gpio_bits_set) for gpio_bits_set
    main.o(i.main) refers to noretval__2printf.o(.text) for __2printf
    wk_system.o(.rev16_text) refers (Special) to use_no_semi_2.o(.text) for __use_no_semihosting
    wk_system.o(.revsh_text) refers (Special) to use_no_semi_2.o(.text) for __use_no_semihosting
    wk_system.o(.rrx_text) refers (Special) to use_no_semi_2.o(.text) for __use_no_semihosting
    wk_system.o(i._sys_exit) refers (Special) to use_no_semi_2.o(.text) for __use_no_semihosting
    wk_system.o(i._ttywrch) refers (Special) to use_no_semi_2.o(.text) for __use_no_semihosting
    wk_system.o(i.delay_us) refers (Special) to use_no_semi_2.o(.text) for __use_no_semihosting
    wk_system.o(i.delay_us) refers to wk_system.o(.data) for ticks_count_us
    wk_system.o(i.fputc) refers (Special) to use_no_semi_2.o(.text) for __use_no_semihosting
    wk_system.o(i.fputc) refers to at32f421_usart.o(i.usart_flag_get) for usart_flag_get
    wk_system.o(i.fputc) refers to at32f421_usart.o(i.usart_data_transmit) for usart_data_transmit
    wk_system.o(i.wk_delay_ms) refers (Special) to use_no_semi_2.o(.text) for __use_no_semihosting
    wk_system.o(i.wk_delay_ms) refers to wk_system.o(i.delay_us) for delay_us
    wk_system.o(i.wk_timebase_init) refers (Special) to use_no_semi_2.o(.text) for __use_no_semihosting
    wk_system.o(i.wk_timebase_init) refers to at32f421_crm.o(i.crm_clocks_freq_get) for crm_clocks_freq_get
    wk_system.o(i.wk_timebase_init) refers to at32f421_tmr.o(i.tmr_base_init) for tmr_base_init
    wk_system.o(i.wk_timebase_init) refers to at32f421_tmr.o(i.tmr_cnt_dir_set) for tmr_cnt_dir_set
    wk_system.o(i.wk_timebase_init) refers to at32f421_tmr.o(i.tmr_counter_enable) for tmr_counter_enable
    wk_system.o(i.wk_timebase_init) refers to wk_system.o(.data) for ticks_count_us
    wk_system.o(.data) refers (Special) to use_no_semi_2.o(.text) for __use_no_semihosting
    wk_usart.o(i.wk_usart1_init) refers to at32f421_gpio.o(i.gpio_default_para_init) for gpio_default_para_init
[...]
    at32f421_gpio.o(i.gpio_reset) refers to at32f421_crm.o(i.crm_periph_reset) for crm_periph_reset
    at32f421_usart.o(i.usart_init) refers to at32f421_crm.o(i.crm_clocks_freq_get) for crm_clocks_freq_get
    at32f421_usart.o(i.usart_reset) refers to at32f421_crm.o(i.crm_periph_reset) for crm_periph_reset
    at32f421_pwc.o(i.pwc_reset) refers to at32f421_crm.o(i.crm_periph_reset) for crm_periph_reset
    at32f421_flash.o(i.flash_boot_memory_extension_mode_enable) refers to at32f421_flash.o(i.flash_operation_wait_for) for flash_operation_wait_for
    at32f421_flash.o(i.flash_byte_program) refers to at32f421_flash.o(i.flash_operation_wait_for) for flash_operation_wait_for
    at32f421_flash.o(i.flash_crc_calibrate) refers to at32f421_flash.o(i.flash_operation_wait_for) for flash_operation_wait_for
    at32f421_flash.o(i.flash_epp_set) refers to at32f421_flash.o(i.flash_operation_wait_for) for flash_operation_wait_for
    at32f421_flash.o(i.flash_epp_set) refers to at32f421_flash.o(.constdata) for .constdata
    at32f421_flash.o(i.flash_extension_memory_slib_enable) refers to at32f421_flash.o(i.flash_operation_wait_for) for flash_operation_wait_for
    at32f421_flash.o(i.flash_fap_enable) refers to at32f421_flash.o(i.flash_operation_wait_for) for flash_operation_wait_for
    at32f421_flash.o(i.flash_fap_high_level_enable) refers to at32f421_flash.o(i.flash_operation_wait_for) for flash_operation_wait_for
    at32f421_flash.o(i.flash_halfword_program) refers to at32f421_flash.o(i.flash_operation_wait_for) for flash_operation_wait_for
    at32f421_flash.o(i.flash_internal_all_erase) refers to at32f421_flash.o(i.flash_operation_wait_for) for flash_operation_wait_for
    at32f421_flash.o(i.flash_operation_wait_for) refers to at32f421_flash.o(i.flash_operation_status_get) for flash_operation_status_get
    at32f421_flash.o(i.flash_sector_erase) refers to at32f421_flash.o(i.flash_operation_wait_for) for flash_operation_wait_for
    at32f421_flash.o(i.flash_slib_disable) refers to at32f421_flash.o(i.flash_operation_wait_for) for flash_operation_wait_for
    at32f421_flash.o(i.flash_slib_enable) refers to at32f421_flash.o(i.flash_operation_wait_for) for flash_operation_wait_for
    at32f421_flash.o(i.flash_ssb_set) refers to at32f421_flash.o(i.flash_operation_wait_for) for flash_operation_wait_for
    at32f421_flash.o(i.flash_user_system_data_erase) refers to at32f421_flash.o(i.flash_fap_status_get) for flash_fap_status_get
    at32f421_flash.o(i.flash_user_system_data_erase) refers to at32f421_flash.o(i.flash_operation_wait_for) for flash_operation_wait_for
    at32f421_flash.o(i.flash_user_system_data_program) refers to at32f421_flash.o(i.flash_operation_wait_for) for flash_operation_wait_for
    at32f421_flash.o(i.flash_word_program) refers to at32f421_flash.o(i.flash_operation_wait_for) for flash_operation_wait_for
    system_at32f421.o(i.system_core_clock_update) refers to at32f421_crm.o(i.crm_sysclk_switch_status_get) for crm_sysclk_switch_status_get
    system_at32f421.o(i.system_core_clock_update) refers to lludivv7m.o(.text) for __aeabi_uldivmod
    system_at32f421.o(i.system_core_clock_update) refers to system_at32f421.o(.data) for system_core_clock
    system_at32f421.o(i.system_core_clock_update) refers to system_at32f421.o(.constdata) for sys_ahb_div_table
    startup_at32f421.o(STACK) refers (Special) to heapauxi.o(.text) for __use_two_region_memory
    startup_at32f421.o(HEAP) refers (Special) to heapauxi.o(.text) for __use_two_region_memory
    startup_at32f421.o(RESET) refers (Special) to heapauxi.o(.text) for __use_two_region_memory
    startup_at32f421.o(RESET) refers to startup_at32f421.o(STACK) for __initial_sp
    startup_at32f421.o(RESET) refers to startup_at32f421.o(.text) for Reset_Handler
    startup_at32f421.o(RESET) refers to at32f421_int.o(i.NMI_Handler) for NMI_Handler
    startup_at32f421.o(RESET) refers to at32f421_int.o(i.HardFault_Handler) for HardFault_Handler
    startup_at32f421.o(RESET) refers to at32f421_int.o(i.MemManage_Handler) for MemManage_Handler
    startup_at32f421.o(RESET) refers to at32f421_int.o(i.BusFault_Handler) for BusFault_Handler
    startup_at32f421.o(RESET) refers to at32f421_int.o(i.UsageFault_Handler) for UsageFault_Handler
    startup_at32f421.o(RESET) refers to at32f421_int.o(i.SVC_Handler) for SVC_Handler
    startup_at32f421.o(RESET) refers to at32f421_int.o(i.DebugMon_Handler) for DebugMon_Handler
    startup_at32f421.o(RESET) refers to at32f421_int.o(i.PendSV_Handler) for PendSV_Handler
    startup_at32f421.o(RESET) refers to at32f421_int.o(i.SysTick_Handler) for SysTick_Handler
    startup_at32f421.o(.text) refers (Special) to heapauxi.o(.text) for __use_two_region_memory
    startup_at32f421.o(.text) refers to system_at32f421.o(i.SystemInit) for SystemInit
    startup_at32f421.o(.text) refers to __main.o(!!!main) for __main
    startup_at32f421.o(.text) refers to startup_at32f421.o(HEAP) for Heap_Mem
    startup_at32f421.o(.text) refers to startup_at32f421.o(STACK) for Stack_Mem
    use_no_semi_2.o(.text) refers (Special) to use_no_semi.o(.text) for __use_no_semihosting_swi
    __2printf.o(.text) refers to _printf_char_file.o(.text) for _printf_char_file
    __2printf.o(.text) refers to wk_system.o(.data) for __stdout
    noretval__2printf.o(.text) refers to _printf_char_file.o(.text) for _printf_char_file
    noretval__2printf.o(.text) refers to wk_system.o(.data) for __stdout
    __main.o(!!!main) refers to __rtentry.o(.ARM.Collect$$rtentry$$00000000) for __rt_entry
    __rtentry.o(.ARM.Collect$$rtentry$$00000000) refers (Special) to __rtentry2.o(.ARM.Collect$$rtentry$$0000000A) for __rt_entry_li
    __rtentry.o(.ARM.Collect$$rtentry$$00000000) refers (Special) to __rtentry2.o(.ARM.Collect$$rtentry$$0000000D) for __rt_entry_main
    __rtentry.o(.ARM.Collect$$rtentry$$00000000) refers (Special) to __rtentry2.o(.ARM.Collect$$rtentry$$0000000C) for __rt_entry_postli_1
    __rtentry.o(.ARM.Collect$$rtentry$$00000000) refers (Special) to __rtentry2.o(.ARM.Collect$$rtentry$$00000009) for __rt_entry_postsh_1
    __rtentry.o(.ARM.Collect$$rtentry$$00000000) refers (Special) to __rtentry2.o(.ARM.Collect$$rtentry$$00000002) for __rt_entry_presh_1
    __rtentry.o(.ARM.Collect$$rtentry$$00000000) refers (Special) to __rtentry4.o(.ARM.Collect$$rtentry$$00000004) for __rt_entry_sh
    aeabi_ldiv0_sigfpe.o(.text) refers to rt_div0.o(.text) for __rt_div0
    _printf_char_file.o(.text) refers to _printf_char_common.o(.text) for _printf_char_common
    _printf_char_file.o(.text) refers to ferror.o(.text) for ferror
    _printf_char_file.o(.text) refers to wk_system.o(i.fputc) for fputc
    __rtentry2.o(.ARM.Collect$$rtentry$$00000008) refers to boardinit2.o(.text) for _platform_post_stackheap_init
    __rtentry2.o(.ARM.Collect$$rtentry$$0000000A) refers to libinit.o(.ARM.Collect$$libinit$$00000000) for __rt_lib_init
    __rtentry2.o(.ARM.Collect$$rtentry$$0000000B) refers to boardinit3.o(.text) for _platform_post_lib_init
    __rtentry2.o(.ARM.Collect$$rtentry$$0000000D) refers to main.o(i.main) for main
    __rtentry2.o(.ARM.Collect$$rtentry$$0000000D) refers to exit.o(.text) for exit
    __rtentry2.o(.ARM.exidx) refers to __rtentry2.o(.ARM.Collect$$rtentry$$00000001) for .ARM.Collect$$rtentry$$00000001
    __rtentry2.o(.ARM.exidx) refers to __rtentry2.o(.ARM.Collect$$rtentry$$00000008) for .ARM.Collect$$rtentry$$00000008
    __rtentry2.o(.ARM.exidx) refers to __rtentry2.o(.ARM.Collect$$rtentry$$0000000A) for .ARM.Collect$$rtentry$$0000000A
    __rtentry2.o(.ARM.exidx) refers to __rtentry2.o(.ARM.Collect$$rtentry$$0000000B) for .ARM.Collect$$rtentry$$0000000B
    __rtentry2.o(.ARM.exidx) refers to __rtentry2.o(.ARM.Collect$$rtentry$$0000000D) for .ARM.Collect$$rtentry$$0000000D
    __rtentry4.o(.ARM.Collect$$rtentry$$00000004) refers to sys_stackheap_outer.o(.text) for __user_setup_stackheap
    __rtentry4.o(.ARM.exidx) refers to __rtentry4.o(.ARM.Collect$$rtentry$$00000004) for .ARM.Collect$$rtentry$$00000004
    rt_div0.o(.text) refers to defsig_fpe_outer.o(.text) for __rt_SIGFPE
    _printf_char_common.o(.text) refers to __printf_nopercent.o(.text) for __printf
    sys_stackheap_outer.o(.text) refers to libspace.o(.text) for __user_perproc_libspace
    sys_stackheap_outer.o(.text) refers to startup_at32f421.o(.text) for __user_initial_stackheap
    exit.o(.text) refers to rtexit.o(.ARM.Collect$$rtexit$$00000000) for __rt_exit
    defsig_fpe_outer.o(.text) refers to defsig_fpe_inner.o(.text) for __rt_SIGFPE_inner
    defsig_fpe_outer.o(.text) refers to defsig_exit.o(.text) for __sig_exit
    defsig_fpe_formal.o(.text) refers to rt_raise.o(.text) for __rt_raise
    libinit.o(.ARM.Collect$$libinit$$00000000) refers (Special) to libinit2.o(.ARM.Collect$$libinit$$0000002E) for __rt_lib_init_alloca_1
    libinit.o(.ARM.Collect$$libinit$$00000000) refers (Special) to libinit2.o(.ARM.Collect$$libinit$$0000002C) for __rt_lib_init_argv_1
    libinit.o(.ARM.Collect$$libinit$$00000000) refers (Special) to libinit2.o(.ARM.Collect$$libinit$$0000001B) for __rt_lib_init_atexit_1
    libinit.o(.ARM.Collect$$libinit$$00000000) refers (Special) to libinit2.o(.ARM.Collect$$libinit$$00000021) for __rt_lib_init_clock_1
    libinit.o(.ARM.Collect$$libinit$$00000000) refers (Special) to libinit2.o(.ARM.Collect$$libinit$$00000032) for __rt_lib_init_cpp_1
    libinit.o(.ARM.Collect$$libinit$$00000000) refers (Special) to libinit2.o(.ARM.Collect$$libinit$$00000030) for __rt_lib_init_exceptions_1
    libinit.o(.ARM.Collect$$libinit$$00000000) refers (Special) to libinit2.o(.ARM.Collect$$libinit$$00000002) for __rt_lib_init_fp_1
    libinit.o(.ARM.Collect$$libinit$$00000000) refers (Special) to libinit2.o(.ARM.Collect$$libinit$$0000001F) for __rt_lib_init_fp_trap_1
    libinit.o(.ARM.Collect$$libinit$$00000000) refers (Special) to libinit2.o(.ARM.Collect$$libinit$$00000023) for __rt_lib_init_getenv_1
    libinit.o(.ARM.Collect$$libinit$$00000000) refers (Special) to libinit2.o(.ARM.Collect$$libinit$$0000000A) for __rt_lib_init_heap_1
    libinit.o(.ARM.Collect$$libinit$$00000000) refers (Special) to libinit2.o(.ARM.Collect$$libinit$$00000011) for __rt_lib_init_lc_collate_1
    libinit.o(.ARM.Collect$$libinit$$00000000) refers (Special) to libinit2.o(.ARM.Collect$$libinit$$00000013) for __rt_lib_init_lc_ctype_1
    libinit.o(.ARM.Collect$$libinit$$00000000) refers (Special) to libinit2.o(.ARM.Collect$$libinit$$00000015) for __rt_lib_init_lc_monetary_1
    libinit.o(.ARM.Collect$$libinit$$00000000) refers (Special) to libinit2.o(.ARM.Collect$$libinit$$00000017) for __rt_lib_init_lc_numeric_1
    libinit.o(.ARM.Collect$$libinit$$00000000) refers (Special) to libinit2.o(.ARM.Collect$$libinit$$00000019) for __rt_lib_init_lc_time_1
    libinit.o(.ARM.Collect$$libinit$$00000000) refers (Special) to libinit2.o(.ARM.Collect$$libinit$$00000004) for __rt_lib_init_preinit_1
    libinit.o(.ARM.Collect$$libinit$$00000000) refers (Special) to libinit2.o(.ARM.Collect$$libinit$$0000000E) for __rt_lib_init_rand_1
    libinit.o(.ARM.Collect$$libinit$$00000000) refers (Special) to libinit2.o(.ARM.Collect$$libinit$$00000033) for __rt_lib_init_return
    libinit.o(.ARM.Collect$$libinit$$00000000) refers (Special) to libinit2.o(.ARM.Collect$$libinit$$0000001D) for __rt_lib_init_signal_1
    libinit.o(.ARM.Collect$$libinit$$00000000) refers (Special) to libinit2.o(.ARM.Collect$$libinit$$00000025) for __rt_lib_init_stdio_1
    libinit.o(.ARM.Collect$$libinit$$00000000) refers (Special) to libinit2.o(.ARM.Collect$$libinit$$0000000C) for __rt_lib_init_user_alloc_1
    libspace.o(.text) refers to libspace.o(.bss) for __libspace_start
    rtexit.o(.ARM.Collect$$rtexit$$00000000) refers (Special) to rtexit2.o(.ARM.Collect$$rtexit$$00000004) for __rt_exit_exit
    rtexit.o(.ARM.Collect$$rtexit$$00000000) refers (Special) to rtexit2.o(.ARM.Collect$$rtexit$$00000003) for __rt_exit_ls
    rtexit.o(.ARM.Collect$$rtexit$$00000000) refers (Special) to rtexit2.o(.ARM.Collect$$rtexit$$00000002) for __rt_exit_prels_1
    rtexit.o(.ARM.exidx) refers (Special) to rtexit2.o(.ARM.Collect$$rtexit$$00000004) for __rt_exit_exit
    rtexit.o(.ARM.exidx) refers (Special) to rtexit2.o(.ARM.Collect$$rtexit$$00000003) for __rt_exit_ls
    rtexit.o(.ARM.exidx) refers (Special) to rtexit2.o(.ARM.Collect$$rtexit$$00000002) for __rt_exit_prels_1
    rtexit.o(.ARM.exidx) refers to rtexit.o(.ARM.Collect$$rtexit$$00000000) for .ARM.Collect$$rtexit$$00000000
    rt_raise.o(.text) refers to __raise.o(.text) for __raise
    rt_raise.o(.text) refers to wk_system.o(i._sys_exit) for _sys_exit
    defsig_exit.o(.text) refers to wk_system.o(i._sys_exit) for _sys_exit
    defsig_fpe_inner.o(.text) refers to defsig_general.o(.text) for __default_signal_display
    libinit2.o(.ARM.Collect$$libinit$$00000010) refers to libinit2.o(.ARM.Collect$$libinit$$0000000F) for .ARM.Collect$$libinit$$0000000F
    libinit2.o(.ARM.Collect$$libinit$$00000012) refers to libinit2.o(.ARM.Collect$$libinit$$0000000F) for .ARM.Collect$$libinit$$0000000F
    libinit2.o(.ARM.Collect$$libinit$$00000014) refers to libinit2.o(.ARM.Collect$$libinit$$0000000F) for .ARM.Collect$$libinit$$0000000F
    libinit2.o(.ARM.Collect$$libinit$$00000016) refers to libinit2.o(.ARM.Collect$$libinit$$0000000F) for .ARM.Collect$$libinit$$0000000F
    libinit2.o(.ARM.Collect$$libinit$$00000018) refers to libinit2.o(.ARM.Collect$$libinit$$0000000F) for .ARM.Collect$$libinit$$0000000F
    libinit2.o(.ARM.Collect$$libinit$$00000026) refers to argv_veneer.o(.emb_text) for __ARM_argv_veneer
    libinit2.o(.ARM.Collect$$libinit$$00000027) refers to argv_veneer.o(.emb_text) for __ARM_argv_veneer
    rtexit2.o(.ARM.Collect$$rtexit$$00000003) refers to libshutdown.o(.ARM.Collect$$libshutdown$$00000000) for __rt_lib_shutdown
    rtexit2.o(.ARM.Collect$$rtexit$$00000004) refers to wk_system.o(i._sys_exit) for _sys_exit
    rtexit2.o(.ARM.exidx) refers to rtexit2.o(.ARM.Collect$$rtexit$$00000001) for .ARM.Collect$$rtexit$$00000001
    rtexit2.o(.ARM.exidx) refers to rtexit2.o(.ARM.Collect$$rtexit$$00000003) for .ARM.Collect$$rtexit$$00000003
    rtexit2.o(.ARM.exidx) refers to rtexit2.o(.ARM.Collect$$rtexit$$00000004) for .ARM.Collect$$rtexit$$00000004
    __raise.o(.text) refers to defsig.o(CL$$defsig) for __default_signal_handler
    defsig_general.o(.text) refers to wk_system.o(i._ttywrch) for _ttywrch
    argv_veneer.o(.emb_text) refers to no_argv.o(.text) for __ARM_get_argv
    defsig.o(CL$$defsig) refers to defsig_fpe_inner.o(.text) for __rt_SIGFPE_inner
    defsig.o(CL$$defsig) refers to defsig_rtmem_inner.o(.text) for __rt_SIGRTMEM_inner
    _get_argv_nomalloc.o(.text) refers (Special) to hrguard.o(.text) for __heap_region$guard
    _get_argv_nomalloc.o(.text) refers to defsig_rtmem_outer.o(.text) for __rt_SIGRTMEM
    _get_argv_nomalloc.o(.text) refers to sys_command.o(.text) for _sys_command_string
    libshutdown.o(.ARM.Collect$$libshutdown$$00000000) refers (Special) to libshutdown2.o(.ARM.Collect$$libshutdown$$00000004) for __rt_lib_shutdown_cpp_1
    libshutdown.o(.ARM.Collect$$libshutdown$$00000000) refers (Special) to libshutdown2.o(.ARM.Collect$$libshutdown$$00000002) for __rt_lib_shutdown_fini_1
    libshutdown.o(.ARM.Collect$$libshutdown$$00000000) refers (Special) to libshutdown2.o(.ARM.Collect$$libshutdown$$00000009) for __rt_lib_shutdown_fp_trap_1
    libshutdown.o(.ARM.Collect$$libshutdown$$00000000) refers (Special) to libshutdown2.o(.ARM.Collect$$libshutdown$$00000011) for __rt_lib_shutdown_heap_1
    libshutdown.o(.ARM.Collect$$libshutdown$$00000000) refers (Special) to libshutdown2.o(.ARM.Collect$$libshutdown$$00000012) for __rt_lib_shutdown_return
    libshutdown.o(.ARM.Collect$$libshutdown$$00000000) refers (Special) to libshutdown2.o(.ARM.Collect$$libshutdown$$0000000C) for __rt_lib_shutdown_signal_1
    libshutdown.o(.ARM.Collect$$libshutdown$$00000000) refers (Special) to libshutdown2.o(.ARM.Collect$$libshutdown$$00000006) for __rt_lib_shutdown_stdio_1
    libshutdown.o(.ARM.Collect$$libshutdown$$00000000) refers (Special) to libshutdown2.o(.ARM.Collect$$libshutdown$$0000000E) for __rt_lib_shutdown_user_alloc_1
    sys_command.o(.text) refers (Special) to use_no_semi.o(.text) for __I$use$semihosting
    sys_command.o(.text) refers (Special) to indicate_semi.o(.text) for __semihosting_library_function
    defsig_abrt_inner.o(.text) refers to defsig_general.o(.text) for __default_signal_display
    defsig_rtred_inner.o(.text) refers to defsig_general.o(.text) for __default_signal_display
    defsig_rtmem_inner.o(.text) refers to defsig_general.o(.text) for __default_signal_display
    defsig_rtmem_outer.o(.text) refers to defsig_rtmem_inner.o(.text) for __rt_SIGRTMEM_inner
    defsig_rtmem_outer.o(.text) refers to defsig_exit.o(.text) for __sig_exit
    defsig_rtmem_formal.o(.text) refers to rt_raise.o(.text) for __rt_raise
    defsig_stak_inner.o(.text) refers to defsig_general.o(.text) for __default_signal_display
    defsig_pvfn_inner.o(.text) refers to defsig_general.o(.text) for __default_signal_display
    defsig_cppl_inner.o(.text) refers to defsig_general.o(.text) for __default_signal_display
    defsig_segv_inner.o(.text) refers to defsig_general.o(.text) for __default_signal_display
    defsig_other.o(.text) refers to defsig_general.o(.text) for __default_signal_display


==============================================================================

Removing Unused input sections from the image.

    Removing at32f421_int.o(.rev16_text), (4 bytes).
    Removing at32f421_int.o(.revsh_text), (4 bytes).
    Removing at32f421_int.o(.rrx_text), (6 bytes).
    Removing at32f421_wk_config.o(.rev16_text), (4 bytes).
    Removing at32f421_wk_config.o(.revsh_text), (4 bytes).
    Removing at32f421_wk_config.o(.rrx_text), (6 bytes).
    Removing main.o(.rev16_text), (4 bytes).
    Removing main.o(.revsh_text), (4 bytes).
    Removing main.o(.rrx_text), (6 bytes).
    Removing wk_system.o(.rev16_text), (4 bytes).
    Removing wk_system.o(.revsh_text), (4 bytes).
    Removing wk_system.o(.rrx_text), (6 bytes).
    Removing wk_system.o(i._ttywrch), (4 bytes).
    Removing wk_usart.o(.rev16_text), (4 bytes).
    Removing wk_usart.o(.revsh_text), (4 bytes).
    Removing wk_usart.o(.rrx_text), (6 bytes).
    Removing wk_gpio.o(.rev16_text), (4 bytes).
    Removing wk_gpio.o(.revsh_text), (4 bytes).
    Removing wk_gpio.o(.rrx_text), (6 bytes).
    Removing at32f421_crm.o(.rev16_text), (4 bytes).
    Removing at32f421_crm.o(.revsh_text), (4 bytes).
    Removing at32f421_crm.o(.rrx_text), (6 bytes).
    Removing at32f421_crm.o(i.crm_adc_clock_div_set), (32 bytes).
    Removing at32f421_crm.o(i.crm_battery_powered_domain_reset), (20 bytes).
    Removing at32f421_crm.o(i.crm_clkout_div_set), (20 bytes).
    Removing at32f421_crm.o(i.crm_clock_failure_detection_enable), (20 bytes).
    Removing at32f421_crm.o(i.crm_clock_out_set), (32 bytes).
    Removing at32f421_crm.o(i.crm_ertc_clock_enable), (20 bytes).
    Removing at32f421_crm.o(i.crm_ertc_clock_select), (20 bytes).
    Removing at32f421_crm.o(i.crm_flag_clear), (212 bytes).
    Removing at32f421_crm.o(i.crm_hext_bypass), (20 bytes).
    Removing at32f421_crm.o(i.crm_hext_stable_wait), (46 bytes).
    Removing at32f421_crm.o(i.crm_hick_clock_calibration_set), (40 bytes).
    Removing at32f421_crm.o(i.crm_hick_clock_trimming_set), (20 bytes).
    Removing at32f421_crm.o(i.crm_hick_divider_select), (20 bytes).
    Removing at32f421_crm.o(i.crm_hick_sclk_frequency_select), (28 bytes).
    Removing at32f421_crm.o(i.crm_interrupt_enable), (32 bytes).
    Removing at32f421_crm.o(i.crm_interrupt_flag_get), (176 bytes).
    Removing at32f421_crm.o(i.crm_lext_bypass), (20 bytes).
    Removing at32f421_crm.o(i.crm_periph_reset), (68 bytes).
    Removing at32f421_crm.o(i.crm_periph_sleep_mode_clock_enable), (68 bytes).
    Removing at32f421_crm.o(i.crm_pll_config2), (132 bytes).
    Removing at32f421_tmr.o(.rev16_text), (4 bytes).
    Removing at32f421_tmr.o(.revsh_text), (4 bytes).
    Removing at32f421_tmr.o(.rrx_text), (6 bytes).
    Removing at32f421_tmr.o(i.tmr_brkdt_config), (72 bytes).
    Removing at32f421_tmr.o(i.tmr_brkdt_default_para_init), (18 bytes).
    Removing at32f421_tmr.o(i.tmr_channel1_input_select), (10 bytes).
    Removing at32f421_tmr.o(i.tmr_channel_buffer_enable), (10 bytes).
    Removing at32f421_tmr.o(i.tmr_channel_dma_select), (10 bytes).
    Removing at32f421_tmr.o(i.tmr_channel_enable), (96 bytes).
    Removing at32f421_tmr.o(i.tmr_channel_value_get), (46 bytes).
    Removing at32f421_tmr.o(i.tmr_channel_value_set), (40 bytes).
    Removing at32f421_tmr.o(i.tmr_clock_source_div_set), (10 bytes).
    Removing at32f421_tmr.o(i.tmr_counter_value_get), (6 bytes).
    Removing at32f421_tmr.o(i.tmr_counter_value_set), (4 bytes).
    Removing at32f421_tmr.o(i.tmr_div_value_get), (6 bytes).
    Removing at32f421_tmr.o(i.tmr_div_value_set), (4 bytes).
    Removing at32f421_tmr.o(i.tmr_dma_control_config), (18 bytes).
    Removing at32f421_tmr.o(i.tmr_dma_request_enable), (22 bytes).
    Removing at32f421_tmr.o(i.tmr_encoder_mode_config), (70 bytes).
    Removing at32f421_tmr.o(i.tmr_event_sw_trigger), (8 bytes).
    Removing at32f421_tmr.o(i.tmr_external_clock_config), (28 bytes).
    Removing at32f421_tmr.o(i.tmr_external_clock_mode1_config), (44 bytes).
    Removing at32f421_tmr.o(i.tmr_external_clock_mode2_config), (36 bytes).
    Removing at32f421_tmr.o(i.tmr_flag_clear), (6 bytes).
    Removing at32f421_tmr.o(i.tmr_flag_get), (18 bytes).
    Removing at32f421_tmr.o(i.tmr_force_output_set), (66 bytes).
    Removing at32f421_tmr.o(i.tmr_hall_select), (10 bytes).
    Removing at32f421_tmr.o(i.tmr_input_channel_divider_set), (66 bytes).
    Removing at32f421_tmr.o(i.tmr_input_channel_filter_set), (66 bytes).
    Removing at32f421_tmr.o(i.tmr_input_channel_init), (304 bytes).
    Removing at32f421_tmr.o(i.tmr_input_default_para_init), (16 bytes).
    Removing at32f421_tmr.o(i.tmr_internal_clock_set), (10 bytes).
    Removing at32f421_tmr.o(i.tmr_interrupt_enable), (22 bytes).
    Removing at32f421_tmr.o(i.tmr_interrupt_flag_get), (24 bytes).
    Removing at32f421_tmr.o(i.tmr_iremap_config), (10 bytes).
    Removing at32f421_tmr.o(i.tmr_one_cycle_mode_enable), (10 bytes).
    Removing at32f421_tmr.o(i.tmr_output_channel_buffer_enable), (66 bytes).
    Removing at32f421_tmr.o(i.tmr_output_channel_config), (416 bytes).
    Removing at32f421_tmr.o(i.tmr_output_channel_immediately_set), (66 bytes).
    Removing at32f421_tmr.o(i.tmr_output_channel_mode_select), (66 bytes).
    Removing at32f421_tmr.o(i.tmr_output_channel_polarity_set), (96 bytes).
    Removing at32f421_tmr.o(i.tmr_output_channel_switch_select), (10 bytes).
    Removing at32f421_tmr.o(i.tmr_output_channel_switch_set), (66 bytes).
    Removing at32f421_tmr.o(i.tmr_output_default_para_init), (18 bytes).
    Removing at32f421_tmr.o(i.tmr_output_enable), (10 bytes).
    Removing at32f421_tmr.o(i.tmr_overflow_event_disable), (10 bytes).
    Removing at32f421_tmr.o(i.tmr_overflow_request_source_set), (10 bytes).
    Removing at32f421_tmr.o(i.tmr_period_buffer_enable), (10 bytes).
    Removing at32f421_tmr.o(i.tmr_period_value_get), (6 bytes).
    Removing at32f421_tmr.o(i.tmr_period_value_set), (4 bytes).
    Removing at32f421_tmr.o(i.tmr_primary_mode_select), (10 bytes).
    Removing at32f421_tmr.o(i.tmr_pwm_input_config), (350 bytes).
    Removing at32f421_tmr.o(i.tmr_repetition_counter_set), (10 bytes).
    Removing at32f421_tmr.o(i.tmr_reset), (216 bytes).
    Removing at32f421_tmr.o(i.tmr_sub_mode_select), (10 bytes).
    Removing at32f421_tmr.o(i.tmr_sub_sync_mode_set), (10 bytes).
    Removing at32f421_tmr.o(i.tmr_trigger_input_select), (10 bytes).
    Removing at32f421_gpio.o(.rev16_text), (4 bytes).
    Removing at32f421_gpio.o(.revsh_text), (4 bytes).
    Removing at32f421_gpio.o(.rrx_text), (6 bytes).
    Removing at32f421_gpio.o(i.gpio_bits_write), (10 bytes).
    Removing at32f421_gpio.o(i.gpio_input_data_bit_read), (18 bytes).
    Removing at32f421_gpio.o(i.gpio_input_data_read), (8 bytes).
    Removing at32f421_gpio.o(i.gpio_output_data_bit_read), (18 bytes).
    Removing at32f421_gpio.o(i.gpio_output_data_read), (8 bytes).
    Removing at32f421_gpio.o(i.gpio_pin_wp_config), (18 bytes).
    Removing at32f421_gpio.o(i.gpio_pins_huge_driven_config), (18 bytes).
    Removing at32f421_gpio.o(i.gpio_port_write), (4 bytes).
    Removing at32f421_gpio.o(i.gpio_reset), (128 bytes).
    Removing at32f421_usart.o(.rev16_text), (4 bytes).
    Removing at32f421_usart.o(.revsh_text), (4 bytes).
    Removing at32f421_usart.o(.rrx_text), (6 bytes).
    Removing at32f421_usart.o(i.usart_break_bit_num_set), (10 bytes).
    Removing at32f421_usart.o(i.usart_break_send), (12 bytes).
    Removing at32f421_usart.o(i.usart_clock_config), (28 bytes).
    Removing at32f421_usart.o(i.usart_clock_enable), (10 bytes).
    Removing at32f421_usart.o(i.usart_data_receive), (8 bytes).
    Removing at32f421_usart.o(i.usart_dma_receiver_enable), (10 bytes).
    Removing at32f421_usart.o(i.usart_dma_transmitter_enable), (10 bytes).
    Removing at32f421_usart.o(i.usart_flag_clear), (18 bytes).
    Removing at32f421_usart.o(i.usart_interrupt_enable), (54 bytes).
    Removing at32f421_usart.o(i.usart_interrupt_flag_get), (176 bytes).
    Removing at32f421_usart.o(i.usart_irda_low_power_enable), (10 bytes).
    Removing at32f421_usart.o(i.usart_irda_mode_enable), (10 bytes).
    Removing at32f421_usart.o(i.usart_irda_smartcard_division_set), (10 bytes).
    Removing at32f421_usart.o(i.usart_lin_mode_enable), (10 bytes).
    Removing at32f421_usart.o(i.usart_receiver_enable), (10 bytes).
    Removing at32f421_usart.o(i.usart_receiver_mute_enable), (10 bytes).
    Removing at32f421_usart.o(i.usart_reset), (64 bytes).
    Removing at32f421_usart.o(i.usart_single_line_halfduplex_select), (10 bytes).
    Removing at32f421_usart.o(i.usart_smartcard_guard_time_set), (10 bytes).
    Removing at32f421_usart.o(i.usart_smartcard_mode_enable), (10 bytes).
    Removing at32f421_usart.o(i.usart_smartcard_nack_set), (10 bytes).
    Removing at32f421_usart.o(i.usart_transmit_receive_pin_swap), (10 bytes).
    Removing at32f421_usart.o(i.usart_wakeup_id_set), (10 bytes).
    Removing at32f421_usart.o(i.usart_wakeup_mode_set), (10 bytes).
    Removing at32f421_pwc.o(.rev16_text), (4 bytes).
    Removing at32f421_pwc.o(.revsh_text), (4 bytes).
    Removing at32f421_pwc.o(.rrx_text), (6 bytes).
    Removing at32f421_pwc.o(i.pwc_battery_powered_domain_access), (20 bytes).
    Removing at32f421_pwc.o(i.pwc_deep_sleep_mode_enter), (48 bytes).
    Removing at32f421_pwc.o(i.pwc_flag_clear), (48 bytes).
    Removing at32f421_pwc.o(i.pwc_flag_get), (24 bytes).
    Removing at32f421_pwc.o(i.pwc_power_voltage_monitor_enable), (20 bytes).
    Removing at32f421_pwc.o(i.pwc_pvm_level_select), (20 bytes).
    Removing at32f421_pwc.o(i.pwc_reset), (24 bytes).
    Removing at32f421_pwc.o(i.pwc_sleep_mode_enter), (36 bytes).
    Removing at32f421_pwc.o(i.pwc_standby_mode_enter), (56 bytes).
    Removing at32f421_pwc.o(i.pwc_voltage_regulate_set), (48 bytes).
    Removing at32f421_pwc.o(i.pwc_wakeup_pin_enable), (32 bytes).
    Removing at32f421_debug.o(.rev16_text), (4 bytes).
    Removing at32f421_debug.o(.revsh_text), (4 bytes).
    Removing at32f421_debug.o(.rrx_text), (6 bytes).
    Removing at32f421_debug.o(i.debug_device_id_get), (12 bytes).
    Removing at32f421_debug.o(i.debug_periph_mode_set), (32 bytes).
    Removing at32f421_flash.o(.rev16_text), (4 bytes).
    Removing at32f421_flash.o(.revsh_text), (4 bytes).
    Removing at32f421_flash.o(.rrx_text), (6 bytes).
    Removing at32f421_flash.o(i.flash_boot_memory_extension_mode_enable), (64 bytes).
    Removing at32f421_flash.o(i.flash_byte_program), (56 bytes).
    Removing at32f421_flash.o(i.flash_crc_calibrate), (40 bytes).
    Removing at32f421_flash.o(i.flash_em_slib_inststart_sector_get), (16 bytes).
    Removing at32f421_flash.o(i.flash_epp_set), (220 bytes).
    Removing at32f421_flash.o(i.flash_epp_status_get), (12 bytes).
    Removing at32f421_flash.o(i.flash_extension_memory_slib_enable), (88 bytes).
    Removing at32f421_flash.o(i.flash_extension_memory_slib_state_get), (24 bytes).
    Removing at32f421_flash.o(i.flash_fap_enable), (140 bytes).
    Removing at32f421_flash.o(i.flash_fap_high_level_enable), (260 bytes).
    Removing at32f421_flash.o(i.flash_fap_high_level_status_get), (16 bytes).
    Removing at32f421_flash.o(i.flash_fap_status_get), (16 bytes).
    Removing at32f421_flash.o(i.flash_flag_clear), (12 bytes).
    Removing at32f421_flash.o(i.flash_flag_get), (56 bytes).
    Removing at32f421_flash.o(i.flash_halfword_program), (56 bytes).
    Removing at32f421_flash.o(i.flash_internal_all_erase), (60 bytes).
    Removing at32f421_flash.o(i.flash_interrupt_enable), (44 bytes).
    Removing at32f421_flash.o(i.flash_lock), (20 bytes).
    Removing at32f421_flash.o(i.flash_low_power_mode_enable), (20 bytes).
    Removing at32f421_flash.o(i.flash_operation_status_get), (52 bytes).
    Removing at32f421_flash.o(i.flash_operation_wait_for), (36 bytes).
    Removing at32f421_flash.o(i.flash_sector_erase), (64 bytes).
    Removing at32f421_flash.o(i.flash_slib_disable), (52 bytes).
    Removing at32f421_flash.o(i.flash_slib_enable), (148 bytes).
    Removing at32f421_flash.o(i.flash_slib_end_sector_get), (12 bytes).
    Removing at32f421_flash.o(i.flash_slib_inststart_sector_get), (16 bytes).
    Removing at32f421_flash.o(i.flash_slib_start_sector_get), (16 bytes).
    Removing at32f421_flash.o(i.flash_slib_state_get), (24 bytes).
    Removing at32f421_flash.o(i.flash_ssb_set), (92 bytes).
    Removing at32f421_flash.o(i.flash_ssb_status_get), (16 bytes).
    Removing at32f421_flash.o(i.flash_unlock), (24 bytes).
    Removing at32f421_flash.o(i.flash_user_system_data_erase), (152 bytes).
    Removing at32f421_flash.o(i.flash_user_system_data_program), (88 bytes).
    Removing at32f421_flash.o(i.flash_word_program), (56 bytes).
    Removing at32f421_flash.o(.constdata), (8 bytes).
    Removing at32f421_misc.o(.rev16_text), (4 bytes).
    Removing at32f421_misc.o(.revsh_text), (4 bytes).
    Removing at32f421_misc.o(.rrx_text), (6 bytes).
    Removing at32f421_misc.o(i.nvic_irq_disable), (44 bytes).
    Removing at32f421_misc.o(i.nvic_irq_enable), (200 bytes).
    Removing at32f421_misc.o(i.nvic_lowpower_mode_config), (32 bytes).
    Removing at32f421_misc.o(i.nvic_system_reset), (44 bytes).
    Removing at32f421_misc.o(i.nvic_vector_table_set), (20 bytes).
    Removing at32f421_misc.o(i.systick_clock_source_config), (40 bytes).
    Removing system_at32f421.o(.rev16_text), (4 bytes).
    Removing system_at32f421.o(.revsh_text), (4 bytes).
    Removing system_at32f421.o(.rrx_text), (6 bytes).

207 unused section(s) (total 7552 bytes) removed from the image.

==============================================================================

Image Symbol Table

    Local Symbols

    Symbol Name                              Value     Ov Type        Size  Object(Section)

    ../clib/angel/boardlib.s                 0x00000000   Number         0  boardinit2.o ABSOLUTE
    ../clib/angel/boardlib.s                 0x00000000   Number         0  boardinit3.o ABSOLUTE
    ../clib/angel/boardlib.s                 0x00000000   Number         0  boardshut.o ABSOLUTE
    ../clib/angel/boardlib.s                 0x00000000   Number         0  boardinit1.o ABSOLUTE
    ../clib/angel/handlers.s                 0x00000000   Number         0  __scatter_copy.o ABSOLUTE
    ../clib/angel/handlers.s                 0x00000000   Number         0  __scatter_zi.o ABSOLUTE
    ../clib/angel/kernel.s                   0x00000000   Number         0  rtexit2.o ABSOLUTE
    ../clib/angel/kernel.s                   0x00000000   Number         0  __rtentry.o ABSOLUTE
    ../clib/angel/kernel.s                   0x00000000   Number         0  rtexit.o ABSOLUTE
    ../clib/angel/kernel.s                   0x00000000   Number         0  __rtentry2.o ABSOLUTE
    ../clib/angel/kernel.s                   0x00000000   Number         0  __rtentry4.o ABSOLUTE
    ../clib/angel/rt.s                       0x00000000   Number         0  rt_raise.o ABSOLUTE
    ../clib/angel/rt.s                       0x00000000   Number         0  aeabi_ldiv0.o ABSOLUTE
    ../clib/angel/rt.s                       0x00000000   Number         0  aeabi_ldiv0_sigfpe.o ABSOLUTE
    ../clib/angel/rt.s                       0x00000000   Number         0  rt_div0.o ABSOLUTE
    ../clib/angel/scatter.s                  0x00000000   Number         0  __scatter.o ABSOLUTE
    ../clib/angel/startup.s                  0x00000000   Number         0  __main.o ABSOLUTE
    ../clib/angel/sys.s                      0x00000000   Number         0  use_no_semi_2.o ABSOLUTE
    ../clib/angel/sys.s                      0x00000000   Number         0  use_no_semi.o ABSOLUTE
    ../clib/angel/sys.s                      0x00000000   Number         0  libspace.o ABSOLUTE
    ../clib/angel/sys.s                      0x00000000   Number         0  sys_stackheap_outer.o ABSOLUTE
    ../clib/angel/sys.s                      0x00000000   Number         0  indicate_semi.o ABSOLUTE
    ../clib/angel/sysapp.c                   0x00000000   Number         0  sys_command.o ABSOLUTE
    ../clib/armsys.c                         0x00000000   Number         0  argv_veneer.o ABSOLUTE
    ../clib/armsys.c                         0x00000000   Number         0  argv_veneer.o ABSOLUTE
    ../clib/armsys.c                         0x00000000   Number         0  no_argv.o ABSOLUTE
    ../clib/armsys.c                         0x00000000   Number         0  _get_argv_nomalloc.o ABSOLUTE
    ../clib/heapalloc.c                      0x00000000   Number         0  hrguard.o ABSOLUTE
    ../clib/heapaux.c                        0x00000000   Number         0  heapauxi.o ABSOLUTE
    ../clib/libinit.s                        0x00000000   Number         0  libshutdown.o ABSOLUTE
    ../clib/libinit.s                        0x00000000   Number         0  libinit.o ABSOLUTE
    ../clib/libinit.s                        0x00000000   Number         0  libinit2.o ABSOLUTE
    ../clib/libinit.s                        0x00000000   Number         0  libshutdown2.o ABSOLUTE
    ../clib/longlong.s                       0x00000000   Number         0  lludivv7m.o ABSOLUTE
    ../clib/printf.c                         0x00000000   Number         0  __2printf.o ABSOLUTE
    ../clib/printf.c                         0x00000000   Number         0  noretval__2printf.o ABSOLUTE
    ../clib/printf.c                         0x00000000   Number         0  __printf_nopercent.o ABSOLUTE
    ../clib/printf.c                         0x00000000   Number         0  _printf_char_common.o ABSOLUTE
    ../clib/printf.c                         0x00000000   Number         0  _printf_char_file.o ABSOLUTE
    ../clib/signal.c                         0x00000000   Number         0  defsig_general.o ABSOLUTE
    ../clib/signal.c                         0x00000000   Number         0  defsig_rtmem_inner.o ABSOLUTE
    ../clib/signal.c                         0x00000000   Number         0  defsig_fpe_outer.o ABSOLUTE
    ../clib/signal.c                         0x00000000   Number         0  defsig_fpe_formal.o ABSOLUTE
    ../clib/signal.c                         0x00000000   Number         0  defsig_rtmem_outer.o ABSOLUTE
    ../clib/signal.c                         0x00000000   Number         0  defsig_exit.o ABSOLUTE
    ../clib/signal.c                         0x00000000   Number         0  defsig_fpe_inner.o ABSOLUTE
    ../clib/signal.c                         0x00000000   Number         0  defsig_abrt_inner.o ABSOLUTE
    ../clib/signal.c                         0x00000000   Number         0  defsig_rtred_inner.o ABSOLUTE
    ../clib/signal.c                         0x00000000   Number         0  defsig_rtmem_formal.o ABSOLUTE
    ../clib/signal.c                         0x00000000   Number         0  __raise.o ABSOLUTE
    ../clib/signal.c                         0x00000000   Number         0  defsig_stak_inner.o ABSOLUTE
    ../clib/signal.c                         0x00000000   Number         0  defsig_pvfn_inner.o ABSOLUTE
    ../clib/signal.c                         0x00000000   Number         0  defsig_cppl_inner.o ABSOLUTE
    ../clib/signal.c                         0x00000000   Number         0  defsig_segv_inner.o ABSOLUTE
    ../clib/signal.c                         0x00000000   Number         0  defsig_other.o ABSOLUTE
    ../clib/signal.s                         0x00000000   Number         0  defsig.o ABSOLUTE
    ../clib/stdio.c                          0x00000000   Number         0  ferror.o ABSOLUTE
    ../clib/stdio.c                          0x00000000   Number         0  ferror_locked.o ABSOLUTE
    ../clib/stdlib.c                         0x00000000   Number         0  exit.o ABSOLUTE
    ../fplib/fpinit.s                        0x00000000   Number         0  fpinit.o ABSOLUTE
    ..\..\libraries\cmsis\cm4\device_support\system_at32f421.c 0x00000000   Number         0  system_at32f421.o ABSOLUTE
    ..\..\libraries\drivers\src\at32f421_crm.c 0x00000000   Number         0  at32f421_crm.o ABSOLUTE
    ..\..\libraries\drivers\src\at32f421_debug.c 0x00000000   Number         0  at32f421_debug.o ABSOLUTE
    ..\..\libraries\drivers\src\at32f421_flash.c 0x00000000   Number         0  at32f421_flash.o ABSOLUTE
    ..\..\libraries\drivers\src\at32f421_gpio.c 0x00000000   Number         0  at32f421_gpio.o ABSOLUTE
    ..\..\libraries\drivers\src\at32f421_misc.c 0x00000000   Number         0  at32f421_misc.o ABSOLUTE
    ..\..\libraries\drivers\src\at32f421_pwc.c 0x00000000   Number         0  at32f421_pwc.o ABSOLUTE
    ..\..\libraries\drivers\src\at32f421_tmr.c 0x00000000   Number         0  at32f421_tmr.o ABSOLUTE
    ..\..\libraries\drivers\src\at32f421_usart.c 0x00000000   Number         0  at32f421_usart.o ABSOLUTE
    ..\\..\\libraries\\cmsis\\cm4\\device_support\\system_at32f421.c 0x00000000   Number         0  system_at32f421.o ABSOLUTE
    ..\\..\\libraries\\drivers\\src\\at32f421_crm.c 0x00000000   Number         0  at32f421_crm.o ABSOLUTE
    ..\\..\\libraries\\drivers\\src\\at32f421_debug.c 0x00000000   Number         0  at32f421_debug.o ABSOLUTE
    ..\\..\\libraries\\drivers\\src\\at32f421_flash.c 0x00000000   Number         0  at32f421_flash.o ABSOLUTE
    ..\\..\\libraries\\drivers\\src\\at32f421_gpio.c 0x00000000   Number         0  at32f421_gpio.o ABSOLUTE
    ..\\..\\libraries\\drivers\\src\\at32f421_misc.c 0x00000000   Number         0  at32f421_misc.o ABSOLUTE
    ..\\..\\libraries\\drivers\\src\\at32f421_pwc.c 0x00000000   Number         0  at32f421_pwc.o ABSOLUTE
    ..\\..\\libraries\\drivers\\src\\at32f421_tmr.c 0x00000000   Number         0  at32f421_tmr.o ABSOLUTE
    ..\\..\\libraries\\drivers\\src\\at32f421_usart.c 0x00000000   Number         0  at32f421_usart.o ABSOLUTE
    ..\\src\\at32f421_int.c                  0x00000000   Number         0  at32f421_int.o ABSOLUTE
    ..\\src\\at32f421_wk_config.c            0x00000000   Number         0  at32f421_wk_config.o ABSOLUTE
    ..\\src\\main.c                          0x00000000   Number         0  main.o ABSOLUTE
    ..\\src\\wk_gpio.c                       0x00000000   Number         0  wk_gpio.o ABSOLUTE
    ..\\src\\wk_system.c                     0x00000000   Number         0  wk_system.o ABSOLUTE
    ..\\src\\wk_usart.c                      0x00000000   Number         0  wk_usart.o ABSOLUTE
    ..\src\at32f421_int.c                    0x00000000   Number         0  at32f421_int.o ABSOLUTE
    ..\src\at32f421_wk_config.c              0x00000000   Number         0  at32f421_wk_config.o ABSOLUTE
    ..\src\main.c                            0x00000000   Number         0  main.o ABSOLUTE
    ..\src\wk_gpio.c                         0x00000000   Number         0  wk_gpio.o ABSOLUTE
    ..\src\wk_system.c                       0x00000000   Number         0  wk_system.o ABSOLUTE
    ..\src\wk_usart.c                        0x00000000   Number         0  wk_usart.o ABSOLUTE
    dc.s                                     0x00000000   Number         0  dc.o ABSOLUTE
    startup_at32f421.s                       0x00000000   Number         0  startup_at32f421.o ABSOLUTE
    RESET                                    0x08000000   Section      204  startup_at32f421.o(RESET)
    !!!main                                  0x080000cc   Section        8  __main.o(!!!main)
    !!!scatter                               0x080000d4   Section       52  __scatter.o(!!!scatter)
    !!handler_copy                           0x08000108   Section       26  __scatter_copy.o(!!handler_copy)
    !!handler_zi                             0x08000124   Section       28  __scatter_zi.o(!!handler_zi)
    .ARM.Collect$$libinit$$00000000          0x08000140   Section        2  libinit.o(.ARM.Collect$$libinit$$00000000)
    .ARM.Collect$$libinit$$00000002          0x08000142   Section        0  libinit2.o(.ARM.Collect$$libinit$$00000002)
    .ARM.Collect$$libinit$$00000004          0x08000142   Section        0  libinit2.o(.ARM.Collect$$libinit$$00000004)
    .ARM.Collect$$libinit$$0000000A          0x08000142   Section        0  libinit2.o(.ARM.Collect$$libinit$$0000000A)
    .ARM.Collect$$libinit$$0000000C          0x08000142   Section        0  libinit2.o(.ARM.Collect$$libinit$$0000000C)
    .ARM.Collect$$libinit$$0000000E          0x08000142   Section        0  libinit2.o(.ARM.Collect$$libinit$$0000000E)
    .ARM.Collect$$libinit$$00000011          0x08000142   Section        0  libinit2.o(.ARM.Collect$$libinit$$00000011)
    .ARM.Collect$$libinit$$00000013          0x08000142   Section        0  libinit2.o(.ARM.Collect$$libinit$$00000013)
    .ARM.Collect$$libinit$$00000015          0x08000142   Section        0  libinit2.o(.ARM.Collect$$libinit$$00000015)
    .ARM.Collect$$libinit$$00000017          0x08000142   Section        0  libinit2.o(.ARM.Collect$$libinit$$00000017)
    .ARM.Collect$$libinit$$00000019          0x08000142   Section        0  libinit2.o(.ARM.Collect$$libinit$$00000019)
    .ARM.Collect$$libinit$$0000001B          0x08000142   Section        0  libinit2.o(.ARM.Collect$$libinit$$0000001B)
    .ARM.Collect$$libinit$$0000001D          0x08000142   Section        0  libinit2.o(.ARM.Collect$$libinit$$0000001D)
    .ARM.Collect$$libinit$$0000001F          0x08000142   Section        0  libinit2.o(.ARM.Collect$$libinit$$0000001F)
    .ARM.Collect$$libinit$$00000021          0x08000142   Section        0  libinit2.o(.ARM.Collect$$libinit$$00000021)
    .ARM.Collect$$libinit$$00000023          0x08000142   Section        0  libinit2.o(.ARM.Collect$$libinit$$00000023)
    .ARM.Collect$$libinit$$00000025          0x08000142   Section        0  libinit2.o(.ARM.Collect$$libinit$$00000025)
    .ARM.Collect$$libinit$$0000002C          0x08000142   Section        0  libinit2.o(.ARM.Collect$$libinit$$0000002C)
    .ARM.Collect$$libinit$$0000002E          0x08000142   Section        0  libinit2.o(.ARM.Collect$$libinit$$0000002E)
    .ARM.Collect$$libinit$$00000030          0x08000142   Section        0  libinit2.o(.ARM.Collect$$libinit$$00000030)
    .ARM.Collect$$libinit$$00000032          0x08000142   Section        0  libinit2.o(.ARM.Collect$$libinit$$00000032)
    .ARM.Collect$$libinit$$00000033          0x08000142   Section        2  libinit2.o(.ARM.Collect$$libinit$$00000033)
    .ARM.Collect$$libshutdown$$00000000      0x08000144   Section        2  libshutdown.o(.ARM.Collect$$libshutdown$$00000000)
    .ARM.Collect$$libshutdown$$00000002      0x08000146   Section        0  libshutdown2.o(.ARM.Collect$$libshutdown$$00000002)
    .ARM.Collect$$libshutdown$$00000004      0x08000146   Section        0  libshutdown2.o(.ARM.Collect$$libshutdown$$00000004)
    .ARM.Collect$$libshutdown$$00000006      0x08000146   Section        0  libshutdown2.o(.ARM.Collect$$libshutdown$$00000006)
    .ARM.Collect$$libshutdown$$00000009      0x08000146   Section        0  libshutdown2.o(.ARM.Collect$$libshutdown$$00000009)
    .ARM.Collect$$libshutdown$$0000000C      0x08000146   Section        0  libshutdown2.o(.ARM.Collect$$libshutdown$$0000000C)
    .ARM.Collect$$libshutdown$$0000000E      0x08000146   Section        0  libshutdown2.o(.ARM.Collect$$libshutdown$$0000000E)
    .ARM.Collect$$libshutdown$$00000011      0x08000146   Section        0  libshutdown2.o(.ARM.Collect$$libshutdown$$00000011)
    .ARM.Collect$$libshutdown$$00000012      0x08000146   Section        2  libshutdown2.o(.ARM.Collect$$libshutdown$$00000012)
    .ARM.Collect$$rtentry$$00000000          0x08000148   Section        0  __rtentry.o(.ARM.Collect$$rtentry$$00000000)
    .ARM.Collect$$rtentry$$00000002          0x08000148   Section        0  __rtentry2.o(.ARM.Collect$$rtentry$$00000002)
    .ARM.Collect$$rtentry$$00000004          0x08000148   Section        6  __rtentry4.o(.ARM.Collect$$rtentry$$00000004)
    .ARM.Collect$$rtentry$$00000009          0x0800014e   Section        0  __rtentry2.o(.ARM.Collect$$rtentry$$00000009)
    .ARM.Collect$$rtentry$$0000000A          0x0800014e   Section        4  __rtentry2.o(.ARM.Collect$$rtentry$$0000000A)
    .ARM.Collect$$rtentry$$0000000C          0x08000152   Section        0  __rtentry2.o(.ARM.Collect$$rtentry$$0000000C)
    .ARM.Collect$$rtentry$$0000000D          0x08000152   Section        8  __rtentry2.o(.ARM.Collect$$rtentry$$0000000D)
    .ARM.Collect$$rtexit$$00000000           0x0800015a   Section        2  rtexit.o(.ARM.Collect$$rtexit$$00000000)
    .ARM.Collect$$rtexit$$00000002           0x0800015c   Section        0  rtexit2.o(.ARM.Collect$$rtexit$$00000002)
    .ARM.Collect$$rtexit$$00000003           0x0800015c   Section        4  rtexit2.o(.ARM.Collect$$rtexit$$00000003)
    .ARM.Collect$$rtexit$$00000004           0x08000160   Section        6  rtexit2.o(.ARM.Collect$$rtexit$$00000004)
    .text                                    0x08000168   Section       64  startup_at32f421.o(.text)
    .text                                    0x080001a8   Section        2  use_no_semi_2.o(.text)
    .text                                    0x080001aa   Section      238  lludivv7m.o(.text)
    .text                                    0x08000298   Section        0  noretval__2printf.o(.text)
    .text                                    0x080002b0   Section        0  heapauxi.o(.text)
    .text                                    0x080002b6   Section        2  use_no_semi.o(.text)
    .text                                    0x080002b8   Section        0  _printf_char_file.o(.text)
    .text                                    0x080002dc   Section        0  _printf_char_common.o(.text)
    _printf_input_char                       0x080002dd   Thumb Code    10  _printf_char_common.o(.text)
    .text                                    0x0800030c   Section        0  ferror.o(.text)
    .text                                    0x08000314   Section       74  sys_stackheap_outer.o(.text)
    .text                                    0x0800035e   Section        0  __printf_nopercent.o(.text)
    .text                                    0x08000386   Section        0  exit.o(.text)
    .text                                    0x08000398   Section        8  libspace.o(.text)
    i.BusFault_Handler                       0x080003a0   Section        0  at32f421_int.o(i.BusFault_Handler)
    i.DebugMon_Handler                       0x080003a4   Section        0  at32f421_int.o(i.DebugMon_Handler)
    i.HardFault_Handler                      0x080003a6   Section        0  at32f421_int.o(i.HardFault_Handler)
    i.MemManage_Handler                      0x080003aa   Section        0  at32f421_int.o(i.MemManage_Handler)
    i.NMI_Handler                            0x080003ae   Section        0  at32f421_int.o(i.NMI_Handler)
    i.NVIC_EncodePriority                    0x080003b0   Section        0  at32f421_wk_config.o(i.NVIC_EncodePriority)
    NVIC_EncodePriority                      0x080003b1   Thumb Code    64  at32f421_wk_config.o(i.NVIC_EncodePriority)
    i.PendSV_Handler                         0x080003f0   Section        0  at32f421_int.o(i.PendSV_Handler)
    i.SVC_Handler                            0x080003f2   Section        0  at32f421_int.o(i.SVC_Handler)
    i.SysTick_Handler                        0x080003f4   Section        0  at32f421_int.o(i.SysTick_Handler)
    i.SystemInit                             0x080003f8   Section        0  system_at32f421.o(i.SystemInit)
    i.UsageFault_Handler                     0x08000464   Section        0  at32f421_int.o(i.UsageFault_Handler)
    i.__NVIC_GetPriorityGrouping             0x08000468   Section        0  at32f421_wk_config.o(i.__NVIC_GetPriorityGrouping)
    __NVIC_GetPriorityGrouping               0x08000469   Thumb Code    10  at32f421_wk_config.o(i.__NVIC_GetPriorityGrouping)
    i.__NVIC_SetPriority                     0x08000478   Section        0  at32f421_wk_config.o(i.__NVIC_SetPriority)
    __NVIC_SetPriority                       0x08000479   Thumb Code    32  at32f421_wk_config.o(i.__NVIC_SetPriority)
    i._sys_exit                              0x080004a0   Section        0  wk_system.o(i._sys_exit)
    i.crm_ahb_div_set                        0x080004a4   Section        0  at32f421_crm.o(i.crm_ahb_div_set)
    i.crm_apb1_div_set                       0x080004b8   Section        0  at32f421_crm.o(i.crm_apb1_div_set)
    i.crm_apb2_div_set                       0x080004cc   Section        0  at32f421_crm.o(i.crm_apb2_div_set)
    i.crm_auto_step_mode_enable              0x080004e0   Section        0  at32f421_crm.o(i.crm_auto_step_mode_enable)
    i.crm_clock_source_enable                0x08000508   Section        0  at32f421_crm.o(i.crm_clock_source_enable)
    i.crm_clocks_freq_get                    0x08000568   Section        0  at32f421_crm.o(i.crm_clocks_freq_get)
    i.crm_flag_get                           0x08000714   Section        0  at32f421_crm.o(i.crm_flag_get)
    i.crm_periph_clock_enable                0x08000744   Section        0  at32f421_crm.o(i.crm_periph_clock_enable)
    i.crm_pll_config                         0x08000788   Section        0  at32f421_crm.o(i.crm_pll_config)
    i.crm_reset                              0x0800089c   Section        0  at32f421_crm.o(i.crm_reset)
    i.crm_sysclk_switch                      0x08000900   Section        0  at32f421_crm.o(i.crm_sysclk_switch)
    i.crm_sysclk_switch_status_get           0x0800093c   Section        0  at32f421_crm.o(i.crm_sysclk_switch_status_get)
    i.delay_us                               0x0800094c   Section        0  wk_system.o(i.delay_us)
    delay_us                                 0x0800094d   Thumb Code    48  wk_system.o(i.delay_us)
    i.fputc                                  0x08000984   Section        0  wk_system.o(i.fputc)
    i.gpio_bits_reset                        0x080009b8   Section        0  at32f421_gpio.o(i.gpio_bits_reset)
    i.gpio_bits_set                          0x080009bc   Section        0  at32f421_gpio.o(i.gpio_bits_set)
    i.gpio_default_para_init                 0x080009c0   Section        0  at32f421_gpio.o(i.gpio_default_para_init)
    i.gpio_init                              0x080009d4   Section        0  at32f421_gpio.o(i.gpio_init)
    i.gpio_pin_mux_config                    0x08000a4e   Section        0  at32f421_gpio.o(i.gpio_pin_mux_config)
    i.main                                   0x08000a90   Section        0  main.o(i.main)
    i.nvic_priority_group_config             0x08000ae8   Section        0  at32f421_misc.o(i.nvic_priority_group_config)
    i.system_core_clock_update               0x08000b10   Section        0  system_at32f421.o(i.system_core_clock_update)
    i.tmr_base_init                          0x08000c64   Section        0  at32f421_tmr.o(i.tmr_base_init)
    i.tmr_cnt_dir_set                        0x08000c74   Section        0  at32f421_tmr.o(i.tmr_cnt_dir_set)
    i.tmr_counter_enable                     0x08000c7e   Section        0  at32f421_tmr.o(i.tmr_counter_enable)
    i.usart_data_transmit                    0x08000c88   Section        0  at32f421_usart.o(i.usart_data_transmit)
    i.usart_enable                           0x08000c90   Section        0  at32f421_usart.o(i.usart_enable)
    i.usart_flag_get                         0x08000c9a   Section        0  at32f421_usart.o(i.usart_flag_get)
    i.usart_hardware_flow_control_set        0x08000caa   Section        0  at32f421_usart.o(i.usart_hardware_flow_control_set)
    i.usart_init                             0x08000d10   Section        0  at32f421_usart.o(i.usart_init)
    i.usart_parity_selection_config          0x08000d7c   Section        0  at32f421_usart.o(i.usart_parity_selection_config)
    i.usart_transmitter_enable               0x08000dc8   Section        0  at32f421_usart.o(i.usart_transmitter_enable)
    i.wk_delay_ms                            0x08000dd2   Section        0  wk_system.o(i.wk_delay_ms)
    i.wk_gpio_config                         0x08000dfc   Section        0  wk_gpio.o(i.wk_gpio_config)
    i.wk_nvic_config                         0x08000e38   Section        0  at32f421_wk_config.o(i.wk_nvic_config)
    i.wk_periph_clock_config                 0x08000ef8   Section        0  at32f421_wk_config.o(i.wk_periph_clock_config)
    i.wk_system_clock_config                 0x08000f28   Section        0  at32f421_wk_config.o(i.wk_system_clock_config)
    i.wk_timebase_init                       0x08000fb8   Section        0  wk_system.o(i.wk_timebase_init)
    i.wk_usart1_init                         0x08001000   Section        0  wk_usart.o(i.wk_usart1_init)
    .constdata                               0x0800106c   Section       40  at32f421_crm.o(.constdata)
    sclk_ahb_div_table                       0x0800106c   Data          16  at32f421_crm.o(.constdata)
    ahb_apb1_div_table                       0x0800107c   Data           8  at32f421_crm.o(.constdata)
    ahb_apb2_div_table                       0x08001084   Data           8  at32f421_crm.o(.constdata)
    adc_div_table                            0x0800108c   Data           8  at32f421_crm.o(.constdata)
    .constdata                               0x08001094   Section       16  system_at32f421.o(.constdata)
    sys_ahb_div_table                        0x08001094   Data          16  system_at32f421.o(.constdata)
    .data                                    0x20000000   Section        8  wk_system.o(.data)
    .data                                    0x20000008   Section        4  system_at32f421.o(.data)
    .bss                                     0x2000000c   Section       96  libspace.o(.bss)
    HEAP                                     0x20000070   Section      512  startup_at32f421.o(HEAP)
    Heap_Mem                                 0x20000070   Data         512  startup_at32f421.o(HEAP)
    STACK                                    0x20000270   Section     1024  startup_at32f421.o(STACK)
    Stack_Mem                                0x20000270   Data        1024  startup_at32f421.o(STACK)
    __initial_sp                             0x20000670   Data           0  startup_at32f421.o(STACK)

    Global Symbols

    Symbol Name                              Value     Ov Type        Size  Object(Section)

    BuildAttributes$$THM_ISAv4$E$P$D$K$B$S$7EM$PE$A:L22UL41UL21$X:L11$S22US41US21$IEEE1$IW$USESV6$~STKCKD$USESV7$~SHL$OSPACE$ROPI$EBA8$UX$STANDARDLIB$REQ8$PRES8$EABIv2 0x00000000   Number         0  anon$$obj.o ABSOLUTE
    __ARM_use_no_argv                        0x00000000   Number         0  main.o ABSOLUTE
    __ARM_exceptions_init                     - Undefined Weak Reference
    __alloca_initialize                       - Undefined Weak Reference
    __arm_fini_                               - Undefined Weak Reference
    __arm_preinit_                            - Undefined Weak Reference
    __cpp_initialize__aeabi_                  - Undefined Weak Reference
    __cxa_finalize                            - Undefined Weak Reference
    __rt_locale                               - Undefined Weak Reference
    __sigvec_lookup                           - Undefined Weak Reference
    _atexit_init                              - Undefined Weak Reference
    _call_atexit_fns                          - Undefined Weak Reference
    _clock_init                               - Undefined Weak Reference
    _fp_trap_init                             - Undefined Weak Reference
    _fp_trap_shutdown                         - Undefined Weak Reference
    _get_lc_collate                           - Undefined Weak Reference
    _get_lc_ctype                             - Undefined Weak Reference
    _get_lc_monetary                          - Undefined Weak Reference
    _get_lc_numeric                           - Undefined Weak Reference
    _get_lc_time                              - Undefined Weak Reference
    _getenv_init                              - Undefined Weak Reference
    _handle_redirection                       - Undefined Weak Reference
    _init_alloc                               - Undefined Weak Reference
    _init_user_alloc                          - Undefined Weak Reference
    _initio                                   - Undefined Weak Reference
    _mutex_acquire                            - Undefined Weak Reference
    _mutex_release                            - Undefined Weak Reference
    _rand_init                                - Undefined Weak Reference
    _signal_finish                            - Undefined Weak Reference
    _signal_init                              - Undefined Weak Reference
    _terminate_alloc                          - Undefined Weak Reference
    _terminate_user_alloc                     - Undefined Weak Reference
    _terminateio                              - Undefined Weak Reference
    __Vectors_Size                           0x000000cc   Number         0  startup_at32f421.o ABSOLUTE
    __Vectors                                0x08000000   Data           4  startup_at32f421.o(RESET)
    __Vectors_End                            0x080000cc   Data           0  startup_at32f421.o(RESET)
    __main                                   0x080000cd   Thumb Code     8  __main.o(!!!main)
    __scatterload                            0x080000d5   Thumb Code     0  __scatter.o(!!!scatter)
    __scatterload_rt2                        0x080000d5   Thumb Code    44  __scatter.o(!!!scatter)
    __scatterload_rt2_thumb_only             0x080000d5   Thumb Code     0  __scatter.o(!!!scatter)
    __scatterload_null                       0x080000e3   Thumb Code     0  __scatter.o(!!!scatter)
    __scatterload_copy                       0x08000109   Thumb Code    26  __scatter_copy.o(!!handler_copy)
    __scatterload_zeroinit                   0x08000125   Thumb Code    28  __scatter_zi.o(!!handler_zi)
    __rt_lib_init                            0x08000141   Thumb Code     0  libinit.o(.ARM.Collect$$libinit$$00000000)
    __rt_lib_init_alloca_1                   0x08000143   Thumb Code     0  libinit2.o(.ARM.Collect$$libinit$$0000002E)
    __rt_lib_init_argv_1                     0x08000143   Thumb Code     0  libinit2.o(.ARM.Collect$$libinit$$0000002C)
    __rt_lib_init_atexit_1                   0x08000143   Thumb Code     0  libinit2.o(.ARM.Collect$$libinit$$0000001B)
    __rt_lib_init_clock_1                    0x08000143   Thumb Code     0  libinit2.o(.ARM.Collect$$libinit$$00000021)
    __rt_lib_init_cpp_1                      0x08000143   Thumb Code     0  libinit2.o(.ARM.Collect$$libinit$$00000032)
    __rt_lib_init_exceptions_1               0x08000143   Thumb Code     0  libinit2.o(.ARM.Collect$$libinit$$00000030)
    __rt_lib_init_fp_1                       0x08000143   Thumb Code     0  libinit2.o(.ARM.Collect$$libinit$$00000002)
    __rt_lib_init_fp_trap_1                  0x08000143   Thumb Code     0  libinit2.o(.ARM.Collect$$libinit$$0000001F)
    __rt_lib_init_getenv_1                   0x08000143   Thumb Code     0  libinit2.o(.ARM.Collect$$libinit$$00000023)
    __rt_lib_init_heap_1                     0x08000143   Thumb Code     0  libinit2.o(.ARM.Collect$$libinit$$0000000A)
    __rt_lib_init_lc_collate_1               0x08000143   Thumb Code     0  libinit2.o(.ARM.Collect$$libinit$$00000011)
    __rt_lib_init_lc_ctype_1                 0x08000143   Thumb Code     0  libinit2.o(.ARM.Collect$$libinit$$00000013)
    __rt_lib_init_lc_monetary_1              0x08000143   Thumb Code     0  libinit2.o(.ARM.Collect$$libinit$$00000015)
    __rt_lib_init_lc_numeric_1               0x08000143   Thumb Code     0  libinit2.o(.ARM.Collect$$libinit$$00000017)
    __rt_lib_init_lc_time_1                  0x08000143   Thumb Code     0  libinit2.o(.ARM.Collect$$libinit$$00000019)
    __rt_lib_init_preinit_1                  0x08000143   Thumb Code     0  libinit2.o(.ARM.Collect$$libinit$$00000004)
    __rt_lib_init_rand_1                     0x08000143   Thumb Code     0  libinit2.o(.ARM.Collect$$libinit$$0000000E)
    __rt_lib_init_return                     0x08000143   Thumb Code     0  libinit2.o(.ARM.Collect$$libinit$$00000033)
    __rt_lib_init_signal_1                   0x08000143   Thumb Code     0  libinit2.o(.ARM.Collect$$libinit$$0000001D)
    __rt_lib_init_stdio_1                    0x08000143   Thumb Code     0  libinit2.o(.ARM.Collect$$libinit$$00000025)
    __rt_lib_init_user_alloc_1               0x08000143   Thumb Code     0  libinit2.o(.ARM.Collect$$libinit$$0000000C)
    __rt_lib_shutdown                        0x08000145   Thumb Code     0  libshutdown.o(.ARM.Collect$$libshutdown$$00000000)
    __rt_lib_shutdown_cpp_1                  0x08000147   Thumb Code     0  libshutdown2.o(.ARM.Collect$$libshutdown$$00000004)
    __rt_lib_shutdown_fini_1                 0x08000147   Thumb Code     0  libshutdown2.o(.ARM.Collect$$libshutdown$$00000002)
    __rt_lib_shutdown_fp_trap_1              0x08000147   Thumb Code     0  libshutdown2.o(.ARM.Collect$$libshutdown$$00000009)
    __rt_lib_shutdown_heap_1                 0x08000147   Thumb Code     0  libshutdown2.o(.ARM.Collect$$libshutdown$$00000011)
    __rt_lib_shutdown_return                 0x08000147   Thumb Code     0  libshutdown2.o(.ARM.Collect$$libshutdown$$00000012)
    __rt_lib_shutdown_signal_1               0x08000147   Thumb Code     0  libshutdown2.o(.ARM.Collect$$libshutdown$$0000000C)
    __rt_lib_shutdown_stdio_1                0x08000147   Thumb Code     0  libshutdown2.o(.ARM.Collect$$libshutdown$$00000006)
    __rt_lib_shutdown_user_alloc_1           0x08000147   Thumb Code     0  libshutdown2.o(.ARM.Collect$$libshutdown$$0000000E)
    __rt_entry                               0x08000149   Thumb Code     0  __rtentry.o(.ARM.Collect$$rtentry$$00000000)
    __rt_entry_presh_1                       0x08000149   Thumb Code     0  __rtentry2.o(.ARM.Collect$$rtentry$$00000002)
    __rt_entry_sh                            0x08000149   Thumb Code     0  __rtentry4.o(.ARM.Collect$$rtentry$$00000004)
    __rt_entry_li                            0x0800014f   Thumb Code     0  __rtentry2.o(.ARM.Collect$$rtentry$$0000000A)
    __rt_entry_postsh_1                      0x0800014f   Thumb Code     0  __rtentry2.o(.ARM.Collect$$rtentry$$00000009)
    __rt_entry_main                          0x08000153   Thumb Code     0  __rtentry2.o(.ARM.Collect$$rtentry$$0000000D)
    __rt_entry_postli_1                      0x08000153   Thumb Code     0  __rtentry2.o(.ARM.Collect$$rtentry$$0000000C)
    __rt_exit                                0x0800015b   Thumb Code     0  rtexit.o(.ARM.Collect$$rtexit$$00000000)
    __rt_exit_ls                             0x0800015d   Thumb Code     0  rtexit2.o(.ARM.Collect$$rtexit$$00000003)
    __rt_exit_prels_1                        0x0800015d   Thumb Code     0  rtexit2.o(.ARM.Collect$$rtexit$$00000002)
    __rt_exit_exit                           0x08000161   Thumb Code     0  rtexit2.o(.ARM.Collect$$rtexit$$00000004)
    Reset_Handler                            0x08000169   Thumb Code     8  startup_at32f421.o(.text)
    ADC1_CMP_IRQHandler                      0x08000183   Thumb Code     0  startup_at32f421.o(.text)
    CRM_IRQHandler                           0x08000183   Thumb Code     0  startup_at32f421.o(.text)
    DMA1_Channel1_IRQHandler                 0x08000183   Thumb Code     0  startup_at32f421.o(.text)
    DMA1_Channel3_2_IRQHandler               0x08000183   Thumb Code     0  startup_at32f421.o(.text)
    DMA1_Channel5_4_IRQHandler               0x08000183   Thumb Code     0  startup_at32f421.o(.text)
    ERTC_IRQHandler                          0x08000183   Thumb Code     0  startup_at32f421.o(.text)
    EXINT15_4_IRQHandler                     0x08000183   Thumb Code     0  startup_at32f421.o(.text)
    EXINT1_0_IRQHandler                      0x08000183   Thumb Code     0  startup_at32f421.o(.text)
    EXINT3_2_IRQHandler                      0x08000183   Thumb Code     0  startup_at32f421.o(.text)
    FLASH_IRQHandler                         0x08000183   Thumb Code     0  startup_at32f421.o(.text)
    I2C1_ERR_IRQHandler                      0x08000183   Thumb Code     0  startup_at32f421.o(.text)
    I2C1_EVT_IRQHandler                      0x08000183   Thumb Code     0  startup_at32f421.o(.text)
    I2C2_ERR_IRQHandler                      0x08000183   Thumb Code     0  startup_at32f421.o(.text)
    I2C2_EVT_IRQHandler                      0x08000183   Thumb Code     0  startup_at32f421.o(.text)
    PVM_IRQHandler                           0x08000183   Thumb Code     0  startup_at32f421.o(.text)
    SPI1_IRQHandler                          0x08000183   Thumb Code     0  startup_at32f421.o(.text)
    SPI2_IRQHandler                          0x08000183   Thumb Code     0  startup_at32f421.o(.text)
    TMR14_GLOBAL_IRQHandler                  0x08000183   Thumb Code     0  startup_at32f421.o(.text)
    TMR15_GLOBAL_IRQHandler                  0x08000183   Thumb Code     0  startup_at32f421.o(.text)
    TMR16_GLOBAL_IRQHandler                  0x08000183   Thumb Code     0  startup_at32f421.o(.text)
    TMR17_GLOBAL_IRQHandler                  0x08000183   Thumb Code     0  startup_at32f421.o(.text)
    TMR1_BRK_OVF_TRG_HALL_IRQHandler         0x08000183   Thumb Code     0  startup_at32f421.o(.text)
    TMR1_CH_IRQHandler                       0x08000183   Thumb Code     0  startup_at32f421.o(.text)
    TMR3_GLOBAL_IRQHandler                   0x08000183   Thumb Code     0  startup_at32f421.o(.text)
    TMR6_GLOBAL_IRQHandler                   0x08000183   Thumb Code     0  startup_at32f421.o(.text)
    USART1_IRQHandler                        0x08000183   Thumb Code     0  startup_at32f421.o(.text)
    USART2_IRQHandler                        0x08000183   Thumb Code     0  startup_at32f421.o(.text)
    WWDT_IRQHandler                          0x08000183   Thumb Code     0  startup_at32f421.o(.text)
    __user_initial_stackheap                 0x08000185   Thumb Code     0  startup_at32f421.o(.text)
    __use_no_semihosting                     0x080001a9   Thumb Code     2  use_no_semi_2.o(.text)
    __aeabi_uldivmod                         0x080001ab   Thumb Code     0  lludivv7m.o(.text)
    _ll_udiv                                 0x080001ab   Thumb Code   238  lludivv7m.o(.text)
    __2printf                                0x08000299   Thumb Code    20  noretval__2printf.o(.text)
    __use_two_region_memory                  0x080002b1   Thumb Code     2  heapauxi.o(.text)
    __rt_heap_escrow$2region                 0x080002b3   Thumb Code     2  heapauxi.o(.text)
    __rt_heap_expand$2region                 0x080002b5   Thumb Code     2  heapauxi.o(.text)
    __I$use$semihosting                      0x080002b7   Thumb Code     0  use_no_semi.o(.text)
    __use_no_semihosting_swi                 0x080002b7   Thumb Code     2  use_no_semi.o(.text)
    _printf_char_file                        0x080002b9   Thumb Code    32  _printf_char_file.o(.text)
    _printf_char_common                      0x080002e7   Thumb Code    32  _printf_char_common.o(.text)
    ferror                                   0x0800030d   Thumb Code     8  ferror.o(.text)
    __user_setup_stackheap                   0x08000315   Thumb Code    74  sys_stackheap_outer.o(.text)
    __printf                                 0x0800035f   Thumb Code    40  __printf_nopercent.o(.text)
    exit                                     0x08000387   Thumb Code    18  exit.o(.text)
    __user_libspace                          0x08000399   Thumb Code     8  libspace.o(.text)
    __user_perproc_libspace                  0x08000399   Thumb Code     0  libspace.o(.text)
    __user_perthread_libspace                0x08000399   Thumb Code     0  libspace.o(.text)
    BusFault_Handler                         0x080003a1   Thumb Code     4  at32f421_int.o(i.BusFault_Handler)
    DebugMon_Handler                         0x080003a5   Thumb Code     2  at32f421_int.o(i.DebugMon_Handler)
    HardFault_Handler                        0x080003a7   Thumb Code     4  at32f421_int.o(i.HardFault_Handler)
    MemManage_Handler                        0x080003ab   Thumb Code     4  at32f421_int.o(i.MemManage_Handler)
    NMI_Handler                              0x080003af   Thumb Code     2  at32f421_int.o(i.NMI_Handler)
    PendSV_Handler                           0x080003f1   Thumb Code     2  at32f421_int.o(i.PendSV_Handler)
    SVC_Handler                              0x080003f3   Thumb Code     2  at32f421_int.o(i.SVC_Handler)
    SysTick_Handler                          0x080003f5   Thumb Code     2  at32f421_int.o(i.SysTick_Handler)
    SystemInit                               0x080003f9   Thumb Code    96  system_at32f421.o(i.SystemInit)
    UsageFault_Handler                       0x08000465   Thumb Code     4  at32f421_int.o(i.UsageFault_Handler)
    _sys_exit                                0x080004a1   Thumb Code     4  wk_system.o(i._sys_exit)
    crm_ahb_div_set                          0x080004a5   Thumb Code    14  at32f421_crm.o(i.crm_ahb_div_set)
    crm_apb1_div_set                         0x080004b9   Thumb Code    14  at32f421_crm.o(i.crm_apb1_div_set)
    crm_apb2_div_set                         0x080004cd   Thumb Code    14  at32f421_crm.o(i.crm_apb2_div_set)
    crm_auto_step_mode_enable                0x080004e1   Thumb Code    34  at32f421_crm.o(i.crm_auto_step_mode_enable)
    crm_clock_source_enable                  0x08000509   Thumb Code    90  at32f421_crm.o(i.crm_clock_source_enable)
    crm_clocks_freq_get                      0x08000569   Thumb Code   396  at32f421_crm.o(i.crm_clocks_freq_get)
    crm_flag_get                             0x08000715   Thumb Code    42  at32f421_crm.o(i.crm_flag_get)
    crm_periph_clock_enable                  0x08000745   Thumb Code    62  at32f421_crm.o(i.crm_periph_clock_enable)
    crm_pll_config                           0x08000789   Thumb Code   224  at32f421_crm.o(i.crm_pll_config)
    crm_reset                                0x0800089d   Thumb Code    90  at32f421_crm.o(i.crm_reset)
    crm_sysclk_switch                        0x08000901   Thumb Code    54  at32f421_crm.o(i.crm_sysclk_switch)
    crm_sysclk_switch_status_get             0x0800093d   Thumb Code    10  at32f421_crm.o(i.crm_sysclk_switch_status_get)
    fputc                                    0x08000985   Thumb Code    46  wk_system.o(i.fputc)
    gpio_bits_reset                          0x080009b9   Thumb Code     4  at32f421_gpio.o(i.gpio_bits_reset)
    gpio_bits_set                            0x080009bd   Thumb Code     4  at32f421_gpio.o(i.gpio_bits_set)
    gpio_default_para_init                   0x080009c1   Thumb Code    20  at32f421_gpio.o(i.gpio_default_para_init)
    gpio_init                                0x080009d5   Thumb Code   122  at32f421_gpio.o(i.gpio_init)
    gpio_pin_mux_config                      0x08000a4f   Thumb Code    66  at32f421_gpio.o(i.gpio_pin_mux_config)
    main                                     0x08000a91   Thumb Code    70  main.o(i.main)
    nvic_priority_group_config               0x08000ae9   Thumb Code    32  at32f421_misc.o(i.nvic_priority_group_config)
    system_core_clock_update                 0x08000b11   Thumb Code   316  system_at32f421.o(i.system_core_clock_update)
    tmr_base_init                            0x08000c65   Thumb Code    16  at32f421_tmr.o(i.tmr_base_init)
    tmr_cnt_dir_set                          0x08000c75   Thumb Code    10  at32f421_tmr.o(i.tmr_cnt_dir_set)
    tmr_counter_enable                       0x08000c7f   Thumb Code    10  at32f421_tmr.o(i.tmr_counter_enable)
    usart_data_transmit                      0x08000c89   Thumb Code     8  at32f421_usart.o(i.usart_data_transmit)
    usart_enable                             0x08000c91   Thumb Code    10  at32f421_usart.o(i.usart_enable)
    usart_flag_get                           0x08000c9b   Thumb Code    16  at32f421_usart.o(i.usart_flag_get)
    usart_hardware_flow_control_set          0x08000cab   Thumb Code   102  at32f421_usart.o(i.usart_hardware_flow_control_set)
    usart_init                               0x08000d11   Thumb Code   102  at32f421_usart.o(i.usart_init)
    usart_parity_selection_config            0x08000d7d   Thumb Code    76  at32f421_usart.o(i.usart_parity_selection_config)
    usart_transmitter_enable                 0x08000dc9   Thumb Code    10  at32f421_usart.o(i.usart_transmitter_enable)
    wk_delay_ms                              0x08000dd3   Thumb Code    42  wk_system.o(i.wk_delay_ms)
    wk_gpio_config                           0x08000dfd   Thumb Code    56  wk_gpio.o(i.wk_gpio_config)
    wk_nvic_config                           0x08000e39   Thumb Code   192  at32f421_wk_config.o(i.wk_nvic_config)
    wk_periph_clock_config                   0x08000ef9   Thumb Code    40  at32f421_wk_config.o(i.wk_periph_clock_config)
    wk_system_clock_config                   0x08000f29   Thumb Code   134  at32f421_wk_config.o(i.wk_system_clock_config)
    wk_timebase_init                         0x08000fb9   Thumb Code    60  wk_system.o(i.wk_timebase_init)
    wk_usart1_init                           0x08001001   Thumb Code   104  wk_usart.o(i.wk_usart1_init)
    Region$$Table$$Base                      0x080010a4   Number         0  anon$$obj.o(Region$$Table)
    Region$$Table$$Limit                     0x080010c4   Number         0  anon$$obj.o(Region$$Table)
    ticks_count_us                           0x20000000   Data           4  wk_system.o(.data)
    __stdout                                 0x20000004   Data           4  wk_system.o(.data)
    system_core_clock                        0x20000008   Data           4  system_at32f421.o(.data)
    __libspace_start                         0x2000000c   Data          96  libspace.o(.bss)
    __temporary_stack_top$libspace           0x2000006c   Data           0  libspace.o(.bss)



==============================================================================

Memory Map of the image

  Image Entry point : 0x080000cd

  Load Region LR_IROM1 (Base: 0x08000000, Size: 0x000010d0, Max: 0x00010000, ABSOLUTE)

    Execution Region ER_IROM1 (Exec base: 0x08000000, Load base: 0x08000000, Size: 0x000010c4, Max: 0x00010000, ABSOLUTE)

    Exec Addr    Load Addr    Size         Type   Attr      Idx    E Section Name        Object

    0x08000000   0x08000000   0x000000cc   Data   RO         1655    RESET               startup_at32f421.o
    0x080000cc   0x080000cc   0x00000008   Code   RO         1672  * !!!main             c_w.l(__main.o)
    0x080000d4   0x080000d4   0x00000034   Code   RO         1847    !!!scatter          c_w.l(__scatter.o)
    0x08000108   0x08000108   0x0000001a   Code   RO         1849    !!handler_copy      c_w.l(__scatter_copy.o)
    0x08000122   0x08000122   0x00000002   PAD
    0x08000124   0x08000124   0x0000001c   Code   RO         1851    !!handler_zi        c_w.l(__scatter_zi.o)
    0x08000140   0x08000140   0x00000002   Code   RO         1721    .ARM.Collect$$libinit$$00000000  c_w.l(libinit.o)
    0x08000142   0x08000142   0x00000000   Code   RO         1734    .ARM.Collect$$libinit$$00000002  c_w.l(libinit2.o)
    0x08000142   0x08000142   0x00000000   Code   RO         1736    .ARM.Collect$$libinit$$00000004  c_w.l(libinit2.o)
    0x08000142   0x08000142   0x00000000   Code   RO         1739    .ARM.Collect$$libinit$$0000000A  c_w.l(libinit2.o)
    0x08000142   0x08000142   0x00000000   Code   RO         1741    .ARM.Collect$$libinit$$0000000C  c_w.l(libinit2.o)
    0x08000142   0x08000142   0x00000000   Code   RO         1743    .ARM.Collect$$libinit$$0000000E  c_w.l(libinit2.o)
    0x08000142   0x08000142   0x00000000   Code   RO         1746    .ARM.Collect$$libinit$$00000011  c_w.l(libinit2.o)
    0x08000142   0x08000142   0x00000000   Code   RO         1748    .ARM.Collect$$libinit$$00000013  c_w.l(libinit2.o)
    0x08000142   0x08000142   0x00000000   Code   RO         1750    .ARM.Collect$$libinit$$00000015  c_w.l(libinit2.o)
    0x08000142   0x08000142   0x00000000   Code   RO         1752    .ARM.Collect$$libinit$$00000017  c_w.l(libinit2.o)
    0x08000142   0x08000142   0x00000000   Code   RO         1754    .ARM.Collect$$libinit$$00000019  c_w.l(libinit2.o)
    0x08000142   0x08000142   0x00000000   Code   RO         1756    .ARM.Collect$$libinit$$0000001B  c_w.l(libinit2.o)
    0x08000142   0x08000142   0x00000000   Code   RO         1758    .ARM.Collect$$libinit$$0000001D  c_w.l(libinit2.o)
    0x08000142   0x08000142   0x00000000   Code   RO         1760    .ARM.Collect$$libinit$$0000001F  c_w.l(libinit2.o)
    0x08000142   0x08000142   0x00000000   Code   RO         1762    .ARM.Collect$$libinit$$00000021  c_w.l(libinit2.o)
    0x08000142   0x08000142   0x00000000   Code   RO         1764    .ARM.Collect$$libinit$$00000023  c_w.l(libinit2.o)
    0x08000142   0x08000142   0x00000000   Code   RO         1766    .ARM.Collect$$libinit$$00000025  c_w.l(libinit2.o)
    0x08000142   0x08000142   0x00000000   Code   RO         1770    .ARM.Collect$$libinit$$0000002C  c_w.l(libinit2.o)
    0x08000142   0x08000142   0x00000000   Code   RO         1772    .ARM.Collect$$libinit$$0000002E  c_w.l(libinit2.o)
    0x08000142   0x08000142   0x00000000   Code   RO         1774    .ARM.Collect$$libinit$$00000030  c_w.l(libinit2.o)
    0x08000142   0x08000142   0x00000000   Code   RO         1776    .ARM.Collect$$libinit$$00000032  c_w.l(libinit2.o)
    0x08000142   0x08000142   0x00000002   Code   RO         1777    .ARM.Collect$$libinit$$00000033  c_w.l(libinit2.o)
    0x08000144   0x08000144   0x00000002   Code   RO         1801    .ARM.Collect$$libshutdown$$00000000  c_w.l(libshutdown.o)
    0x08000146   0x08000146   0x00000000   Code   RO         1827    .ARM.Collect$$libshutdown$$00000002  c_w.l(libshutdown2.o)
    0x08000146   0x08000146   0x00000000   Code   RO         1829    .ARM.Collect$$libshutdown$$00000004  c_w.l(libshutdown2.o)
    0x08000146   0x08000146   0x00000000   Code   RO         1831    .ARM.Collect$$libshutdown$$00000006  c_w.l(libshutdown2.o)
    0x08000146   0x08000146   0x00000000   Code   RO         1834    .ARM.Collect$$libshutdown$$00000009  c_w.l(libshutdown2.o)
    0x08000146   0x08000146   0x00000000   Code   RO         1837    .ARM.Collect$$libshutdown$$0000000C  c_w.l(libshutdown2.o)
    0x08000146   0x08000146   0x00000000   Code   RO         1839    .ARM.Collect$$libshutdown$$0000000E  c_w.l(libshutdown2.o)
    0x08000146   0x08000146   0x00000000   Code   RO         1842    .ARM.Collect$$libshutdown$$00000011  c_w.l(libshutdown2.o)
    0x08000146   0x08000146   0x00000002   Code   RO         1843    .ARM.Collect$$libshutdown$$00000012  c_w.l(libshutdown2.o)
    0x08000148   0x08000148   0x00000000   Code   RO         1676    .ARM.Collect$$rtentry$$00000000  c_w.l(__rtentry.o)
    0x08000148   0x08000148   0x00000000   Code   RO         1684    .ARM.Collect$$rtentry$$00000002  c_w.l(__rtentry2.o)
    0x08000148   0x08000148   0x00000006   Code   RO         1696    .ARM.Collect$$rtentry$$00000004  c_w.l(__rtentry4.o)
    0x0800014e   0x0800014e   0x00000000   Code   RO         1686    .ARM.Collect$$rtentry$$00000009  c_w.l(__rtentry2.o)
    0x0800014e   0x0800014e   0x00000004   Code   RO         1687    .ARM.Collect$$rtentry$$0000000A  c_w.l(__rtentry2.o)
    0x08000152   0x08000152   0x00000000   Code   RO         1689    .ARM.Collect$$rtentry$$0000000C  c_w.l(__rtentry2.o)
    0x08000152   0x08000152   0x00000008   Code   RO         1690    .ARM.Collect$$rtentry$$0000000D  c_w.l(__rtentry2.o)
    0x0800015a   0x0800015a   0x00000002   Code   RO         1725    .ARM.Collect$$rtexit$$00000000  c_w.l(rtexit.o)
    0x0800015c   0x0800015c   0x00000000   Code   RO         1779    .ARM.Collect$$rtexit$$00000002  c_w.l(rtexit2.o)
    0x0800015c   0x0800015c   0x00000004   Code   RO         1780    .ARM.Collect$$rtexit$$00000003  c_w.l(rtexit2.o)
    0x08000160   0x08000160   0x00000006   Code   RO         1781    .ARM.Collect$$rtexit$$00000004  c_w.l(rtexit2.o)
    0x08000166   0x08000166   0x00000002   PAD
    0x08000168   0x08000168   0x00000040   Code   RO         1656    .text               startup_at32f421.o
    0x080001a8   0x080001a8   0x00000002   Code   RO         1662    .text               c_w.l(use_no_semi_2.o)
    0x080001aa   0x080001aa   0x000000ee   Code   RO         1664    .text               c_w.l(lludivv7m.o)
    0x08000298   0x08000298   0x00000018   Code   RO         1668    .text               c_w.l(noretval__2printf.o)
    0x080002b0   0x080002b0   0x00000006   Code   RO         1670    .text               c_w.l(heapauxi.o)
    0x080002b6   0x080002b6   0x00000002   Code   RO         1674    .text               c_w.l(use_no_semi.o)
    0x080002b8   0x080002b8   0x00000024   Code   RO         1681    .text               c_w.l(_printf_char_file.o)
    0x080002dc   0x080002dc   0x00000030   Code   RO         1700    .text               c_w.l(_printf_char_common.o)
    0x0800030c   0x0800030c   0x00000008   Code   RO         1702    .text               c_w.l(ferror.o)
    0x08000314   0x08000314   0x0000004a   Code   RO         1706    .text               c_w.l(sys_stackheap_outer.o)
    0x0800035e   0x0800035e   0x00000028   Code   RO         1708    .text               c_w.l(__printf_nopercent.o)
    0x08000386   0x08000386   0x00000012   Code   RO         1710    .text               c_w.l(exit.o)
    0x08000398   0x08000398   0x00000008   Code   RO         1722    .text               c_w.l(libspace.o)
    0x080003a0   0x080003a0   0x00000004   Code   RO            4    i.BusFault_Handler  at32f421_int.o
    0x080003a4   0x080003a4   0x00000002   Code   RO            5    i.DebugMon_Handler  at32f421_int.o
    0x080003a6   0x080003a6   0x00000004   Code   RO            6    i.HardFault_Handler  at32f421_int.o
    0x080003aa   0x080003aa   0x00000004   Code   RO            7    i.MemManage_Handler  at32f421_int.o
    0x080003ae   0x080003ae   0x00000002   Code   RO            8    i.NMI_Handler       at32f421_int.o
    0x080003b0   0x080003b0   0x00000040   Code   RO          138    i.NVIC_EncodePriority  at32f421_wk_config.o
    0x080003f0   0x080003f0   0x00000002   Code   RO            9    i.PendSV_Handler    at32f421_int.o
    0x080003f2   0x080003f2   0x00000002   Code   RO           10    i.SVC_Handler       at32f421_int.o
    0x080003f4   0x080003f4   0x00000002   Code   RO           11    i.SysTick_Handler   at32f421_int.o
    0x080003f6   0x080003f6   0x00000002   PAD
    0x080003f8   0x080003f8   0x0000006c   Code   RO         1619    i.SystemInit        system_at32f421.o
    0x08000464   0x08000464   0x00000004   Code   RO           12    i.UsageFault_Handler  at32f421_int.o
    0x08000468   0x08000468   0x00000010   Code   RO          139    i.__NVIC_GetPriorityGrouping  at32f421_wk_config.o
    0x08000478   0x08000478   0x00000028   Code   RO          140    i.__NVIC_SetPriority  at32f421_wk_config.o
    0x080004a0   0x080004a0   0x00000004   Code   RO          233    i._sys_exit         wk_system.o
    0x080004a4   0x080004a4   0x00000014   Code   RO          342    i.crm_ahb_div_set   at32f421_crm.o
    0x080004b8   0x080004b8   0x00000014   Code   RO          343    i.crm_apb1_div_set  at32f421_crm.o
    0x080004cc   0x080004cc   0x00000014   Code   RO          344    i.crm_apb2_div_set  at32f421_crm.o
    0x080004e0   0x080004e0   0x00000028   Code   RO          345    i.crm_auto_step_mode_enable  at32f421_crm.o
    0x08000508   0x08000508   0x00000060   Code   RO          350    i.crm_clock_source_enable  at32f421_crm.o
    0x08000568   0x08000568   0x000001ac   Code   RO          351    i.crm_clocks_freq_get  at32f421_crm.o
    0x08000714   0x08000714   0x00000030   Code   RO          355    i.crm_flag_get      at32f421_crm.o
    0x08000744   0x08000744   0x00000044   Code   RO          365    i.crm_periph_clock_enable  at32f421_crm.o
    0x08000788   0x08000788   0x00000114   Code   RO          368    i.crm_pll_config    at32f421_crm.o
    0x0800089c   0x0800089c   0x00000064   Code   RO          370    i.crm_reset         at32f421_crm.o
    0x08000900   0x08000900   0x0000003c   Code   RO          371    i.crm_sysclk_switch  at32f421_crm.o
    0x0800093c   0x0800093c   0x00000010   Code   RO          372    i.crm_sysclk_switch_status_get  at32f421_crm.o
    0x0800094c   0x0800094c   0x00000038   Code   RO          235    i.delay_us          wk_system.o
    0x08000984   0x08000984   0x00000034   Code   RO          236    i.fputc             wk_system.o
    0x080009b8   0x080009b8   0x00000004   Code   RO          912    i.gpio_bits_reset   at32f421_gpio.o
    0x080009bc   0x080009bc   0x00000004   Code   RO          913    i.gpio_bits_set     at32f421_gpio.o
    0x080009c0   0x080009c0   0x00000014   Code   RO          915    i.gpio_default_para_init  at32f421_gpio.o
    0x080009d4   0x080009d4   0x0000007a   Code   RO          916    i.gpio_init         at32f421_gpio.o
    0x08000a4e   0x08000a4e   0x00000042   Code   RO          921    i.gpio_pin_mux_config  at32f421_gpio.o
    0x08000a90   0x08000a90   0x00000058   Code   RO          200    i.main              main.o
    0x08000ae8   0x08000ae8   0x00000028   Code   RO         1558    i.nvic_priority_group_config  at32f421_misc.o
    0x08000b10   0x08000b10   0x00000154   Code   RO         1620    i.system_core_clock_update  system_at32f421.o
    0x08000c64   0x08000c64   0x00000010   Code   RO          552    i.tmr_base_init     at32f421_tmr.o
    0x08000c74   0x08000c74   0x0000000a   Code   RO          562    i.tmr_cnt_dir_set   at32f421_tmr.o
    0x08000c7e   0x08000c7e   0x0000000a   Code   RO          563    i.tmr_counter_enable  at32f421_tmr.o
    0x08000c88   0x08000c88   0x00000008   Code   RO         1019    i.usart_data_transmit  at32f421_usart.o
    0x08000c90   0x08000c90   0x0000000a   Code   RO         1022    i.usart_enable      at32f421_usart.o
    0x08000c9a   0x08000c9a   0x00000010   Code   RO         1024    i.usart_flag_get    at32f421_usart.o
    0x08000caa   0x08000caa   0x00000066   Code   RO         1025    i.usart_hardware_flow_control_set  at32f421_usart.o
    0x08000d10   0x08000d10   0x0000006c   Code   RO         1026    i.usart_init        at32f421_usart.o
    0x08000d7c   0x08000d7c   0x0000004c   Code   RO         1033    i.usart_parity_selection_config  at32f421_usart.o
    0x08000dc8   0x08000dc8   0x0000000a   Code   RO         1042    i.usart_transmitter_enable  at32f421_usart.o
    0x08000dd2   0x08000dd2   0x0000002a   Code   RO          237    i.wk_delay_ms       wk_system.o
    0x08000dfc   0x08000dfc   0x0000003c   Code   RO          317    i.wk_gpio_config    wk_gpio.o
    0x08000e38   0x08000e38   0x000000c0   Code   RO          141    i.wk_nvic_config    at32f421_wk_config.o
    0x08000ef8   0x08000ef8   0x00000030   Code   RO          142    i.wk_periph_clock_config  at32f421_wk_config.o
    0x08000f28   0x08000f28   0x00000090   Code   RO          143    i.wk_system_clock_config  at32f421_wk_config.o
    0x08000fb8   0x08000fb8   0x00000048   Code   RO          238    i.wk_timebase_init  wk_system.o
    0x08001000   0x08001000   0x0000006c   Code   RO          293    i.wk_usart1_init    wk_usart.o
    0x0800106c   0x0800106c   0x00000028   Data   RO          373    .constdata          at32f421_crm.o
    0x08001094   0x08001094   0x00000010   Data   RO         1621    .constdata          system_at32f421.o
    0x080010a4   0x080010a4   0x00000020   Data   RO         1845    Region$$Table       anon$$obj.o


    Execution Region RW_IRAM1 (Exec base: 0x20000000, Load base: 0x080010c4, Size: 0x00000670, Max: 0x00004000, ABSOLUTE)

    Exec Addr    Load Addr    Size         Type   Attr      Idx    E Section Name        Object

    0x20000000   0x080010c4   0x00000008   Data   RW          239    .data               wk_system.o
    0x20000008   0x080010cc   0x00000004   Data   RW         1622    .data               system_at32f421.o
    0x2000000c        -       0x00000060   Zero   RW         1723    .bss                c_w.l(libspace.o)
    0x2000006c   0x080010d0   0x00000004   PAD
    0x20000070        -       0x00000200   Zero   RW         1654    HEAP                startup_at32f421.o
    0x20000270        -       0x00000400   Zero   RW         1653    STACK               startup_at32f421.o


==============================================================================

Image component sizes


      Code (inc. data)   RO Data    RW Data    ZI Data      Debug   Object Name

      1192        154         40          0          0       7617   at32f421_crm.o
       216          0          0          0          0       3345   at32f421_gpio.o
        26          0          0          0          0      42686   at32f421_int.o
        40          8          0          0          0      30776   at32f421_misc.o
        36          0          0          0          0       2003   at32f421_tmr.o
       330          6          0          0          0       4668   at32f421_usart.o
       504         32          0          0          0      33030   at32f421_wk_config.o
        88         18          0          0          0        463   main.o
        64         26        204          0       1536        768   startup_at32f421.o
       448         36         16          4          0       2228   system_at32f421.o
        60          4          0          0          0        489   wk_gpio.o
       226         26          0          8          0       4518   wk_system.o
       108          4          0          0          0        513   wk_usart.o

    ----------------------------------------------------------------------
      3340        314        292         12       1536     133104   Object Totals
         0          0         32          0          0          0   (incl. Generated)
         2          0          0          0          0          0   (incl. Padding)

    ----------------------------------------------------------------------

      Code (inc. data)   RO Data    RW Data    ZI Data      Debug   Library Member Name

         8          0          0          0          0         68   __main.o
        40          0          0          0          0         84   __printf_nopercent.o
         0          0          0          0          0          0   __rtentry.o
        12          0          0          0          0          0   __rtentry2.o
         6          0          0          0          0          0   __rtentry4.o
        52          8          0          0          0          0   __scatter.o
        26          0          0          0          0          0   __scatter_copy.o
        28          0          0          0          0          0   __scatter_zi.o
        48          6          0          0          0         96   _printf_char_common.o
        36          4          0          0          0         80   _printf_char_file.o
        18          0          0          0          0         80   exit.o
         8          0          0          0          0         68   ferror.o
         6          0          0          0          0        152   heapauxi.o
         2          0          0          0          0          0   libinit.o
         2          0          0          0          0          0   libinit2.o
         2          0          0          0          0          0   libshutdown.o
         2          0          0          0          0          0   libshutdown2.o
         8          4          0          0         96         68   libspace.o
       238          0          0          0          0        100   lludivv7m.o
        24          4          0          0          0         84   noretval__2printf.o
         2          0          0          0          0          0   rtexit.o
        10          0          0          0          0          0   rtexit2.o
        74          0          0          0          0         80   sys_stackheap_outer.o
         2          0          0          0          0         68   use_no_semi.o
         2          0          0          0          0         68   use_no_semi_2.o

    ----------------------------------------------------------------------
       660         26          0          0        100       1096   Library Totals
         4          0          0          0          4          0   (incl. Padding)

    ----------------------------------------------------------------------

      Code (inc. data)   RO Data    RW Data    ZI Data      Debug   Library Name

       656         26          0          0         96       1096   c_w.l

    ----------------------------------------------------------------------
       660         26          0          0        100       1096   Library Totals

    ----------------------------------------------------------------------

==============================================================================


      Code (inc. data)   RO Data    RW Data    ZI Data      Debug   

      4000        340        292         12       1636     131232   Grand Totals
      4000        340        292         12       1636     131232   ELF Image Totals
      4000        340        292         12          0          0   ROM Totals

==============================================================================

    Total RO  Size (Code + RO Data)                 4292 (   4.19kB)
    Total RW  Size (RW Data + ZI Data)              1648 (   1.61kB)
    Total ROM Size (Code + RO Data + RW Data)       4304 (   4.20kB)

==============================================================================

