<html>
<body>
<pre>
<h1>µVision Build Log</h1>
<h2>Tool Versions:</h2>
IDE-Version: ¦ÌVision V5.36.0.0
Copyright (C) 2021 ARM Ltd and ARM Germany GmbH. All rights reserved.
License Information: Meng Yang, CC, LIC=FYKYW-QYINL-MMB9I-THK63-NQ06P-WZ0ZU
 
Tool Versions:
Toolchain:       MDK-ARM Plus  Version: 5.36.0.0
Toolchain Path:  D:\15.Keil\Core\ARM\ARMCLANG\Bin
C Compiler:      ArmClang.exe V6.16
Assembler:       Armasm.exe V6.16
Linker/Locator:  ArmLink.exe V6.16
Library Manager: ArmAr.exe V6.16
Hex Converter:   FromElf.exe V6.16
CPU DLL:         SARMCM3.DLL V5.36.0.0
Dialog DLL:      DCM.DLL V1.17.3.0
Target DLL:      CMSIS_AGDI.dll V1.33.0.0
Dialog DLL:      TCM.DLL V1.53.0.0
 
<h2>Project:</h2>
E:\02.github\010.AT32-Learn\003.ST7735S\ST7735\project\MDK_V5\ST7735.uvprojx
Project File Date:  05/05/2025

<h2>Output:</h2>
*** Using Compiler 'V6.16', folder: 'D:\15.Keil\Core\ARM\ARMCLANG\Bin'
Rebuild target 'ST7735'
compiling main.c...
compiling at32f421_int.c...
compiling at32f421_gpio.c...
compiling wk_usart.c...
compiling wk_gpio.c...
compiling at32f421_wk_config.c...
compiling wk_system.c...
compiling at32f421_crm.c...
compiling at32f421_debug.c...
compiling at32f421_usart.c...
compiling at32f421_pwc.c...
assembling startup_at32f421.s...
compiling at32f421_misc.c...
compiling system_at32f421.c...
compiling at32f421_flash.c...
compiling st7735s.c...
linking...
Program Size: Code=3956 RO-data=236 RW-data=4 ZI-data=1644  
FromELF: creating hex file...
".\objects\ST7735.axf" - 0 Error(s), 0 Warning(s).

<h2>Software Packages used:</h2>

Package Vendor: ArteryTek
                
                ArteryTek.AT32F421_DFP.2.1.8
                ArteryTek AT32F421 Series Device Support,Drivers

<h2>Collection of Component include folders:</h2>
  D:\15.Keil\Packs\ArteryTek\AT32F421_DFP\2.1.8\Device\Include

<h2>Collection of Component Files used:</h2>
Build Time Elapsed:  00:00:01
</pre>
</body>
</html>
