Component: ARM Compiler 6.16 Tool: armlink [5dfeaa00]

==============================================================================

Section Cross References

    at32f421_int.o(.ARM.exidx.text.NMI_Handler) refers to at32f421_int.o(.text.NMI_Handler) for [Anonymous Symbol]
    at32f421_int.o(.ARM.exidx.text.HardFault_Handler) refers to at32f421_int.o(.text.HardFault_Handler) for [Anonymous Symbol]
    at32f421_int.o(.ARM.exidx.text.MemManage_Handler) refers to at32f421_int.o(.text.MemManage_Handler) for [Anonymous Symbol]
    at32f421_int.o(.ARM.exidx.text.BusFault_Handler) refers to at32f421_int.o(.text.BusFault_Handler) for [Anonymous Symbol]
    at32f421_int.o(.ARM.exidx.text.UsageFault_Handler) refers to at32f421_int.o(.text.UsageFault_Handler) for [Anonymous Symbol]
    at32f421_int.o(.ARM.exidx.text.SVC_Handler) refers to at32f421_int.o(.text.SVC_Handler) for [Anonymous Symbol]
    at32f421_int.o(.ARM.exidx.text.DebugMon_Handler) refers to at32f421_int.o(.text.DebugMon_Handler) for [Anonymous Symbol]
    at32f421_int.o(.ARM.exidx.text.PendSV_Handler) refers to at32f421_int.o(.text.PendSV_Handler) for [Anonymous Symbol]
    at32f421_int.o(.ARM.exidx.text.SysTick_Handler) refers to at32f421_int.o(.text.SysTick_Handler) for [Anonymous Symbol]
    at32f421_wk_config.o(.text.wk_system_clock_config) refers to at32f421_crm.o(.text.crm_reset) for crm_reset
    at32f421_wk_config.o(.text.wk_system_clock_config) refers to at32f421_crm.o(.text.crm_clock_source_enable) for crm_clock_source_enable
    at32f421_wk_config.o(.text.wk_system_clock_config) refers to at32f421_crm.o(.text.crm_flag_get) for crm_flag_get
    at32f421_wk_config.o(.text.wk_system_clock_config) refers to at32f421_crm.o(.text.crm_pll_config) for crm_pll_config
    at32f421_wk_config.o(.text.wk_system_clock_config) refers to at32f421_crm.o(.text.crm_ahb_div_set) for crm_ahb_div_set
    at32f421_wk_config.o(.text.wk_system_clock_config) refers to at32f421_crm.o(.text.crm_apb2_div_set) for crm_apb2_div_set
    at32f421_wk_config.o(.text.wk_system_clock_config) refers to at32f421_crm.o(.text.crm_apb1_div_set) for crm_apb1_div_set
    at32f421_wk_config.o(.text.wk_system_clock_config) refers to at32f421_crm.o(.text.crm_auto_step_mode_enable) for crm_auto_step_mode_enable
    at32f421_wk_config.o(.text.wk_system_clock_config) refers to at32f421_crm.o(.text.crm_sysclk_switch) for crm_sysclk_switch
    at32f421_wk_config.o(.text.wk_system_clock_config) refers to at32f421_crm.o(.text.crm_sysclk_switch_status_get) for crm_sysclk_switch_status_get
    at32f421_wk_config.o(.text.wk_system_clock_config) refers to system_at32f421.o(.text.system_core_clock_update) for system_core_clock_update
    at32f421_wk_config.o(.ARM.exidx.text.wk_system_clock_config) refers to at32f421_wk_config.o(.text.wk_system_clock_config) for [Anonymous Symbol]
    at32f421_wk_config.o(.text.wk_periph_clock_config) refers to at32f421_crm.o(.text.crm_periph_clock_enable) for crm_periph_clock_enable
    at32f421_wk_config.o(.ARM.exidx.text.wk_periph_clock_config) refers to at32f421_wk_config.o(.text.wk_periph_clock_config) for [Anonymous Symbol]
    at32f421_wk_config.o(.text.wk_nvic_config) refers to at32f421_misc.o(.text.nvic_priority_group_config) for nvic_priority_group_config
    at32f421_wk_config.o(.text.wk_nvic_config) refers to at32f421_wk_config.o(.text.__NVIC_GetPriorityGrouping) for __NVIC_GetPriorityGrouping
    at32f421_wk_config.o(.text.wk_nvic_config) refers to at32f421_wk_config.o(.text.NVIC_EncodePriority) for NVIC_EncodePriority
    at32f421_wk_config.o(.text.wk_nvic_config) refers to at32f421_wk_config.o(.text.__NVIC_SetPriority) for __NVIC_SetPriority
    at32f421_wk_config.o(.ARM.exidx.text.wk_nvic_config) refers to at32f421_wk_config.o(.text.wk_nvic_config) for [Anonymous Symbol]
    at32f421_wk_config.o(.ARM.exidx.text.__NVIC_SetPriority) refers to at32f421_wk_config.o(.text.__NVIC_SetPriority) for [Anonymous Symbol]
    at32f421_wk_config.o(.ARM.exidx.text.NVIC_EncodePriority) refers to at32f421_wk_config.o(.text.NVIC_EncodePriority) for [Anonymous Symbol]
    at32f421_wk_config.o(.ARM.exidx.text.__NVIC_GetPriorityGrouping) refers to at32f421_wk_config.o(.text.__NVIC_GetPriorityGrouping) for [Anonymous Symbol]
    main.o(.text.main) refers to at32f421_wk_config.o(.text.wk_system_clock_config) for wk_system_clock_config
    main.o(.text.main) refers to at32f421_wk_config.o(.text.wk_periph_clock_config) for wk_periph_clock_config
    main.o(.text.main) refers to at32f421_wk_config.o(.text.wk_nvic_config) for wk_nvic_config
    main.o(.text.main) refers to wk_system.o(.text.wk_timebase_init) for wk_timebase_init
    main.o(.text.main) refers to wk_usart.o(.text.wk_usart1_init) for wk_usart1_init
    main.o(.text.main) refers to wk_gpio.o(.text.wk_gpio_config) for wk_gpio_config
    main.o(.text.main) refers to st7735s.o(.text.st7735s_lcd_init) for st7735s_lcd_init
    main.o(.text.main) refers to st7735s.o(.text.st7735s_lcd_clear) for st7735s_lcd_clear
[...]
    defsig_exit.o(.text) refers to wk_system.o(.text._sys_exit) for _sys_exit
    defsig_rtmem_inner.o(.text) refers to defsig_general.o(.text) for __default_signal_display
    __raise.o(.text) refers to defsig.o(CL$$defsig) for __default_signal_handler
    defsig_general.o(.text) refers to wk_system.o(.text._ttywrch) for _ttywrch
    defsig.o(CL$$defsig) refers to defsig_rtmem_inner.o(.text) for __rt_SIGRTMEM_inner
    defsig_abrt_inner.o(.text) refers to defsig_general.o(.text) for __default_signal_display
    defsig_fpe_inner.o(.text) refers to defsig_general.o(.text) for __default_signal_display
    defsig_rtred_inner.o(.text) refers to defsig_general.o(.text) for __default_signal_display
    defsig_stak_inner.o(.text) refers to defsig_general.o(.text) for __default_signal_display
    defsig_pvfn_inner.o(.text) refers to defsig_general.o(.text) for __default_signal_display
    defsig_cppl_inner.o(.text) refers to defsig_general.o(.text) for __default_signal_display
    defsig_segv_inner.o(.text) refers to defsig_general.o(.text) for __default_signal_display
    defsig_other.o(.text) refers to defsig_general.o(.text) for __default_signal_display


==============================================================================

Removing Unused input sections from the image.

    Removing at32f421_int.o(.text), (0 bytes).
    Removing at32f421_int.o(.ARM.exidx.text.NMI_Handler), (8 bytes).
    Removing at32f421_int.o(.ARM.exidx.text.HardFault_Handler), (8 bytes).
    Removing at32f421_int.o(.ARM.exidx.text.MemManage_Handler), (8 bytes).
    Removing at32f421_int.o(.ARM.exidx.text.BusFault_Handler), (8 bytes).
    Removing at32f421_int.o(.ARM.exidx.text.UsageFault_Handler), (8 bytes).
    Removing at32f421_int.o(.ARM.exidx.text.SVC_Handler), (8 bytes).
    Removing at32f421_int.o(.ARM.exidx.text.DebugMon_Handler), (8 bytes).
    Removing at32f421_int.o(.ARM.exidx.text.PendSV_Handler), (8 bytes).
    Removing at32f421_int.o(.ARM.exidx.text.SysTick_Handler), (8 bytes).
    Removing at32f421_wk_config.o(.text), (0 bytes).
    Removing at32f421_wk_config.o(.ARM.exidx.text.wk_system_clock_config), (8 bytes).
    Removing at32f421_wk_config.o(.ARM.exidx.text.wk_periph_clock_config), (8 bytes).
    Removing at32f421_wk_config.o(.ARM.exidx.text.wk_nvic_config), (8 bytes).
    Removing at32f421_wk_config.o(.ARM.exidx.text.__NVIC_SetPriority), (8 bytes).
    Removing at32f421_wk_config.o(.ARM.exidx.text.NVIC_EncodePriority), (8 bytes).
    Removing at32f421_wk_config.o(.ARM.exidx.text.__NVIC_GetPriorityGrouping), (8 bytes).
    Removing main.o(.text), (0 bytes).
    Removing main.o(.ARM.exidx.text.main), (8 bytes).
    Removing main.o(.ARM.use_no_argv), (4 bytes).
    Removing wk_system.o(.text), (0 bytes).
    Removing wk_system.o(.ARM.exidx.text.wk_delay_ms), (8 bytes).
    Removing wk_system.o(.ARM.exidx.text.delay_us), (8 bytes).
    Removing wk_system.o(.ARM.exidx.text.wk_timebase_init), (8 bytes).
    Removing wk_system.o(.ARM.exidx.text._sys_exit), (8 bytes).
    Removing wk_system.o(.text._ttywrch), (2 bytes).
    Removing wk_system.o(.ARM.exidx.text._ttywrch), (8 bytes).
    Removing wk_system.o(.text.fputc), (48 bytes).
    Removing wk_system.o(.ARM.exidx.text.fputc), (8 bytes).
    Removing wk_system.o(.bss.__stdout), (84 bytes).
    Removing wk_usart.o(.text), (0 bytes).
    Removing wk_usart.o(.ARM.exidx.text.wk_usart1_init), (8 bytes).
    Removing wk_gpio.o(.text), (0 bytes).
    Removing wk_gpio.o(.ARM.exidx.text.wk_gpio_config), (8 bytes).
    Removing at32f421_crm.o(.text), (0 bytes).
    Removing at32f421_crm.o(.ARM.exidx.text.crm_reset), (8 bytes).
    Removing at32f421_crm.o(.text.crm_lext_bypass), (26 bytes).
    Removing at32f421_crm.o(.ARM.exidx.text.crm_lext_bypass), (8 bytes).
    Removing at32f421_crm.o(.text.crm_hext_bypass), (26 bytes).
    Removing at32f421_crm.o(.ARM.exidx.text.crm_hext_bypass), (8 bytes).
    Removing at32f421_crm.o(.ARM.exidx.text.crm_flag_get), (8 bytes).
    Removing at32f421_crm.o(.text.crm_interrupt_flag_get), (164 bytes).
    Removing at32f421_crm.o(.ARM.exidx.text.crm_interrupt_flag_get), (8 bytes).
    Removing at32f421_crm.o(.text.crm_hext_stable_wait), (40 bytes).
    Removing at32f421_crm.o(.ARM.exidx.text.crm_hext_stable_wait), (8 bytes).
    Removing at32f421_crm.o(.text.crm_hick_clock_trimming_set), (26 bytes).
    Removing at32f421_crm.o(.ARM.exidx.text.crm_hick_clock_trimming_set), (8 bytes).
    Removing at32f421_crm.o(.text.crm_hick_clock_calibration_set), (44 bytes).
    Removing at32f421_crm.o(.ARM.exidx.text.crm_hick_clock_calibration_set), (8 bytes).
    Removing at32f421_crm.o(.ARM.exidx.text.crm_periph_clock_enable), (8 bytes).
    Removing at32f421_crm.o(.text.crm_periph_reset), (40 bytes).
    Removing at32f421_crm.o(.ARM.exidx.text.crm_periph_reset), (8 bytes).
    Removing at32f421_crm.o(.text.crm_periph_sleep_mode_clock_enable), (40 bytes).
    Removing at32f421_crm.o(.ARM.exidx.text.crm_periph_sleep_mode_clock_enable), (8 bytes).
    Removing at32f421_crm.o(.ARM.exidx.text.crm_clock_source_enable), (8 bytes).
    Removing at32f421_crm.o(.text.crm_flag_clear), (172 bytes).
    Removing at32f421_crm.o(.ARM.exidx.text.crm_flag_clear), (8 bytes).
    Removing at32f421_crm.o(.text.crm_ertc_clock_select), (26 bytes).
    Removing at32f421_crm.o(.ARM.exidx.text.crm_ertc_clock_select), (8 bytes).
    Removing at32f421_crm.o(.text.crm_ertc_clock_enable), (26 bytes).
    Removing at32f421_crm.o(.ARM.exidx.text.crm_ertc_clock_enable), (8 bytes).
    Removing at32f421_crm.o(.ARM.exidx.text.crm_ahb_div_set), (8 bytes).
    Removing at32f421_crm.o(.ARM.exidx.text.crm_apb1_div_set), (8 bytes).
    Removing at32f421_crm.o(.ARM.exidx.text.crm_apb2_div_set), (8 bytes).
    Removing at32f421_crm.o(.text.crm_adc_clock_div_set), (30 bytes).
    Removing at32f421_crm.o(.ARM.exidx.text.crm_adc_clock_div_set), (8 bytes).
    Removing at32f421_crm.o(.text.crm_clock_failure_detection_enable), (26 bytes).
    Removing at32f421_crm.o(.ARM.exidx.text.crm_clock_failure_detection_enable), (8 bytes).
    Removing at32f421_crm.o(.text.crm_battery_powered_domain_reset), (26 bytes).
    Removing at32f421_crm.o(.ARM.exidx.text.crm_battery_powered_domain_reset), (8 bytes).
    Removing at32f421_crm.o(.ARM.exidx.text.crm_pll_config), (8 bytes).
    Removing at32f421_crm.o(.text.crm_pll_config2), (132 bytes).
    Removing at32f421_crm.o(.ARM.exidx.text.crm_pll_config2), (8 bytes).
    Removing at32f421_crm.o(.ARM.exidx.text.crm_sysclk_switch), (8 bytes).
    Removing at32f421_crm.o(.ARM.exidx.text.crm_sysclk_switch_status_get), (8 bytes).
    Removing at32f421_crm.o(.ARM.exidx.text.crm_clocks_freq_get), (8 bytes).
    Removing at32f421_crm.o(.text.crm_clock_out_set), (30 bytes).
    Removing at32f421_crm.o(.ARM.exidx.text.crm_clock_out_set), (8 bytes).
    Removing at32f421_crm.o(.text.crm_interrupt_enable), (24 bytes).
    Removing at32f421_crm.o(.ARM.exidx.text.crm_interrupt_enable), (8 bytes).
    Removing at32f421_crm.o(.ARM.exidx.text.crm_auto_step_mode_enable), (8 bytes).
    Removing at32f421_crm.o(.text.crm_hick_divider_select), (26 bytes).
    Removing at32f421_crm.o(.ARM.exidx.text.crm_hick_divider_select), (8 bytes).
    Removing at32f421_crm.o(.text.crm_hick_sclk_frequency_select), (36 bytes).
    Removing at32f421_crm.o(.ARM.exidx.text.crm_hick_sclk_frequency_select), (8 bytes).
    Removing at32f421_crm.o(.text.crm_clkout_div_set), (22 bytes).
    Removing at32f421_crm.o(.ARM.exidx.text.crm_clkout_div_set), (8 bytes).
    Removing at32f421_gpio.o(.text), (0 bytes).
    Removing at32f421_gpio.o(.text.gpio_reset), (80 bytes).
    Removing at32f421_gpio.o(.ARM.exidx.text.gpio_reset), (8 bytes).
    Removing at32f421_gpio.o(.ARM.exidx.text.gpio_init), (8 bytes).
    Removing at32f421_gpio.o(.ARM.exidx.text.gpio_default_para_init), (8 bytes).
    Removing at32f421_gpio.o(.text.gpio_input_data_bit_read), (14 bytes).
    Removing at32f421_gpio.o(.ARM.exidx.text.gpio_input_data_bit_read), (8 bytes).
    Removing at32f421_gpio.o(.text.gpio_input_data_read), (6 bytes).
    Removing at32f421_gpio.o(.ARM.exidx.text.gpio_input_data_read), (8 bytes).
    Removing at32f421_gpio.o(.text.gpio_output_data_bit_read), (10 bytes).
    Removing at32f421_gpio.o(.ARM.exidx.text.gpio_output_data_bit_read), (8 bytes).
    Removing at32f421_gpio.o(.text.gpio_output_data_read), (6 bytes).
    Removing at32f421_gpio.o(.ARM.exidx.text.gpio_output_data_read), (8 bytes).
    Removing at32f421_gpio.o(.ARM.exidx.text.gpio_bits_set), (8 bytes).
    Removing at32f421_gpio.o(.ARM.exidx.text.gpio_bits_reset), (8 bytes).
    Removing at32f421_gpio.o(.text.gpio_bits_write), (12 bytes).
    Removing at32f421_gpio.o(.ARM.exidx.text.gpio_bits_write), (8 bytes).
    Removing at32f421_gpio.o(.text.gpio_port_write), (4 bytes).
    Removing at32f421_gpio.o(.ARM.exidx.text.gpio_port_write), (8 bytes).
    Removing at32f421_gpio.o(.text.gpio_pin_wp_config), (16 bytes).
    Removing at32f421_gpio.o(.ARM.exidx.text.gpio_pin_wp_config), (8 bytes).
    Removing at32f421_gpio.o(.text.gpio_pins_huge_driven_config), (16 bytes).
    Removing at32f421_gpio.o(.ARM.exidx.text.gpio_pins_huge_driven_config), (8 bytes).
    Removing at32f421_gpio.o(.ARM.exidx.text.gpio_pin_mux_config), (8 bytes).
    Removing at32f421_usart.o(.text), (0 bytes).
    Removing at32f421_usart.o(.text.usart_reset), (60 bytes).
    Removing at32f421_usart.o(.ARM.exidx.text.usart_reset), (8 bytes).
    Removing at32f421_usart.o(.ARM.exidx.text.usart_init), (8 bytes).
    Removing at32f421_usart.o(.ARM.exidx.text.usart_parity_selection_config), (8 bytes).
    Removing at32f421_usart.o(.ARM.exidx.text.usart_enable), (8 bytes).
    Removing at32f421_usart.o(.ARM.exidx.text.usart_transmitter_enable), (8 bytes).
    Removing at32f421_usart.o(.text.usart_receiver_enable), (18 bytes).
    Removing at32f421_usart.o(.ARM.exidx.text.usart_receiver_enable), (8 bytes).
    Removing at32f421_usart.o(.text.usart_clock_config), (54 bytes).
    Removing at32f421_usart.o(.ARM.exidx.text.usart_clock_config), (8 bytes).
    Removing at32f421_usart.o(.text.usart_clock_enable), (18 bytes).
    Removing at32f421_usart.o(.ARM.exidx.text.usart_clock_enable), (8 bytes).
    Removing at32f421_usart.o(.text.usart_interrupt_enable), (32 bytes).
    Removing at32f421_usart.o(.ARM.exidx.text.usart_interrupt_enable), (8 bytes).
    Removing at32f421_usart.o(.text.usart_dma_transmitter_enable), (18 bytes).
    Removing at32f421_usart.o(.ARM.exidx.text.usart_dma_transmitter_enable), (8 bytes).
    Removing at32f421_usart.o(.text.usart_dma_receiver_enable), (18 bytes).
    Removing at32f421_usart.o(.ARM.exidx.text.usart_dma_receiver_enable), (8 bytes).
    Removing at32f421_usart.o(.text.usart_wakeup_id_set), (10 bytes).
    Removing at32f421_usart.o(.ARM.exidx.text.usart_wakeup_id_set), (8 bytes).
    Removing at32f421_usart.o(.text.usart_wakeup_mode_set), (18 bytes).
    Removing at32f421_usart.o(.ARM.exidx.text.usart_wakeup_mode_set), (8 bytes).
    Removing at32f421_usart.o(.text.usart_receiver_mute_enable), (18 bytes).
    Removing at32f421_usart.o(.ARM.exidx.text.usart_receiver_mute_enable), (8 bytes).
    Removing at32f421_usart.o(.text.usart_break_bit_num_set), (18 bytes).
    Removing at32f421_usart.o(.ARM.exidx.text.usart_break_bit_num_set), (8 bytes).
    Removing at32f421_usart.o(.text.usart_lin_mode_enable), (18 bytes).
    Removing at32f421_usart.o(.ARM.exidx.text.usart_lin_mode_enable), (8 bytes).
    Removing at32f421_usart.o(.text.usart_data_transmit), (8 bytes).
    Removing at32f421_usart.o(.ARM.exidx.text.usart_data_transmit), (8 bytes).
    Removing at32f421_usart.o(.text.usart_data_receive), (6 bytes).
    Removing at32f421_usart.o(.ARM.exidx.text.usart_data_receive), (8 bytes).
    Removing at32f421_usart.o(.text.usart_break_send), (10 bytes).
    Removing at32f421_usart.o(.ARM.exidx.text.usart_break_send), (8 bytes).
    Removing at32f421_usart.o(.text.usart_smartcard_guard_time_set), (14 bytes).
    Removing at32f421_usart.o(.ARM.exidx.text.usart_smartcard_guard_time_set), (8 bytes).
    Removing at32f421_usart.o(.text.usart_irda_smartcard_division_set), (12 bytes).
    Removing at32f421_usart.o(.ARM.exidx.text.usart_irda_smartcard_division_set), (8 bytes).
    Removing at32f421_usart.o(.text.usart_smartcard_mode_enable), (18 bytes).
    Removing at32f421_usart.o(.ARM.exidx.text.usart_smartcard_mode_enable), (8 bytes).
    Removing at32f421_usart.o(.text.usart_smartcard_nack_set), (18 bytes).
    Removing at32f421_usart.o(.ARM.exidx.text.usart_smartcard_nack_set), (8 bytes).
    Removing at32f421_usart.o(.text.usart_single_line_halfduplex_select), (18 bytes).
    Removing at32f421_usart.o(.ARM.exidx.text.usart_single_line_halfduplex_select), (8 bytes).
    Removing at32f421_usart.o(.text.usart_irda_mode_enable), (18 bytes).
    Removing at32f421_usart.o(.ARM.exidx.text.usart_irda_mode_enable), (8 bytes).
    Removing at32f421_usart.o(.text.usart_irda_low_power_enable), (18 bytes).
    Removing at32f421_usart.o(.ARM.exidx.text.usart_irda_low_power_enable), (8 bytes).
    Removing at32f421_usart.o(.ARM.exidx.text.usart_hardware_flow_control_set), (8 bytes).
    Removing at32f421_usart.o(.text.usart_transmit_receive_pin_swap), (18 bytes).
    Removing at32f421_usart.o(.ARM.exidx.text.usart_transmit_receive_pin_swap), (8 bytes).
    Removing at32f421_usart.o(.text.usart_flag_get), (10 bytes).
    Removing at32f421_usart.o(.ARM.exidx.text.usart_flag_get), (8 bytes).
    Removing at32f421_usart.o(.text.usart_interrupt_flag_get), (196 bytes).
    Removing at32f421_usart.o(.ARM.exidx.text.usart_interrupt_flag_get), (8 bytes).
    Removing at32f421_usart.o(.text.usart_flag_clear), (16 bytes).
    Removing at32f421_usart.o(.ARM.exidx.text.usart_flag_clear), (8 bytes).
    Removing at32f421_pwc.o(.text), (0 bytes).
    Removing at32f421_pwc.o(.text.pwc_reset), (26 bytes).
    Removing at32f421_pwc.o(.ARM.exidx.text.pwc_reset), (8 bytes).
    Removing at32f421_pwc.o(.text.pwc_battery_powered_domain_access), (26 bytes).
    Removing at32f421_pwc.o(.ARM.exidx.text.pwc_battery_powered_domain_access), (8 bytes).
    Removing at32f421_pwc.o(.text.pwc_pvm_level_select), (26 bytes).
    Removing at32f421_pwc.o(.ARM.exidx.text.pwc_pvm_level_select), (8 bytes).
    Removing at32f421_pwc.o(.text.pwc_power_voltage_monitor_enable), (26 bytes).
    Removing at32f421_pwc.o(.ARM.exidx.text.pwc_power_voltage_monitor_enable), (8 bytes).
    Removing at32f421_pwc.o(.text.pwc_wakeup_pin_enable), (24 bytes).
    Removing at32f421_pwc.o(.ARM.exidx.text.pwc_wakeup_pin_enable), (8 bytes).
    Removing at32f421_pwc.o(.text.pwc_flag_clear), (36 bytes).
    Removing at32f421_pwc.o(.ARM.exidx.text.pwc_flag_clear), (8 bytes).
    Removing at32f421_pwc.o(.text.pwc_flag_get), (18 bytes).
    Removing at32f421_pwc.o(.ARM.exidx.text.pwc_flag_get), (8 bytes).
    Removing at32f421_pwc.o(.text.pwc_sleep_mode_enter), (36 bytes).
    Removing at32f421_pwc.o(.ARM.exidx.text.pwc_sleep_mode_enter), (8 bytes).
    Removing at32f421_pwc.o(.text.pwc_deep_sleep_mode_enter), (42 bytes).
    Removing at32f421_pwc.o(.ARM.exidx.text.pwc_deep_sleep_mode_enter), (8 bytes).
    Removing at32f421_pwc.o(.text.pwc_voltage_regulate_set), (38 bytes).
    Removing at32f421_pwc.o(.ARM.exidx.text.pwc_voltage_regulate_set), (8 bytes).
    Removing at32f421_pwc.o(.text.pwc_standby_mode_enter), (44 bytes).
    Removing at32f421_pwc.o(.ARM.exidx.text.pwc_standby_mode_enter), (8 bytes).
    Removing at32f421_debug.o(.text), (0 bytes).
    Removing at32f421_debug.o(.text.debug_device_id_get), (14 bytes).
    Removing at32f421_debug.o(.ARM.exidx.text.debug_device_id_get), (8 bytes).
    Removing at32f421_debug.o(.text.debug_periph_mode_set), (24 bytes).
    Removing at32f421_debug.o(.ARM.exidx.text.debug_periph_mode_set), (8 bytes).
    Removing at32f421_flash.o(.text), (0 bytes).
    Removing at32f421_flash.o(.text.flash_flag_get), (52 bytes).
    Removing at32f421_flash.o(.ARM.exidx.text.flash_flag_get), (8 bytes).
    Removing at32f421_flash.o(.text.flash_flag_clear), (12 bytes).
    Removing at32f421_flash.o(.ARM.exidx.text.flash_flag_clear), (8 bytes).
    Removing at32f421_flash.o(.text.flash_operation_status_get), (42 bytes).
    Removing at32f421_flash.o(.ARM.exidx.text.flash_operation_status_get), (8 bytes).
    Removing at32f421_flash.o(.text.flash_operation_wait_for), (30 bytes).
    Removing at32f421_flash.o(.ARM.exidx.text.flash_operation_wait_for), (8 bytes).
    Removing at32f421_flash.o(.text.flash_unlock), (30 bytes).
    Removing at32f421_flash.o(.ARM.exidx.text.flash_unlock), (8 bytes).
    Removing at32f421_flash.o(.text.flash_lock), (18 bytes).
    Removing at32f421_flash.o(.ARM.exidx.text.flash_lock), (8 bytes).
    Removing at32f421_flash.o(.text.flash_sector_erase), (46 bytes).
    Removing at32f421_flash.o(.ARM.exidx.text.flash_sector_erase), (8 bytes).
    Removing at32f421_flash.o(.text.flash_internal_all_erase), (44 bytes).
    Removing at32f421_flash.o(.ARM.exidx.text.flash_internal_all_erase), (8 bytes).
    Removing at32f421_flash.o(.text.flash_user_system_data_erase), (126 bytes).
    Removing at32f421_flash.o(.ARM.exidx.text.flash_user_system_data_erase), (8 bytes).
    Removing at32f421_flash.o(.text.flash_fap_status_get), (16 bytes).
    Removing at32f421_flash.o(.ARM.exidx.text.flash_fap_status_get), (8 bytes).
    Removing at32f421_flash.o(.text.flash_word_program), (38 bytes).
    Removing at32f421_flash.o(.ARM.exidx.text.flash_word_program), (8 bytes).
    Removing at32f421_flash.o(.text.flash_halfword_program), (38 bytes).
    Removing at32f421_flash.o(.ARM.exidx.text.flash_halfword_program), (8 bytes).
    Removing at32f421_flash.o(.text.flash_byte_program), (38 bytes).
    Removing at32f421_flash.o(.ARM.exidx.text.flash_byte_program), (8 bytes).
    Removing at32f421_flash.o(.text.flash_user_system_data_program), (70 bytes).
    Removing at32f421_flash.o(.ARM.exidx.text.flash_user_system_data_program), (8 bytes).
    Removing at32f421_flash.o(.text.flash_epp_set), (156 bytes).
    Removing at32f421_flash.o(.ARM.exidx.text.flash_epp_set), (8 bytes).
    Removing at32f421_flash.o(.text.flash_epp_status_get), (14 bytes).
    Removing at32f421_flash.o(.ARM.exidx.text.flash_epp_status_get), (8 bytes).
    Removing at32f421_flash.o(.text.flash_fap_enable), (122 bytes).
    Removing at32f421_flash.o(.ARM.exidx.text.flash_fap_enable), (8 bytes).
    Removing at32f421_flash.o(.text.flash_fap_high_level_enable), (208 bytes).
    Removing at32f421_flash.o(.ARM.exidx.text.flash_fap_high_level_enable), (8 bytes).
    Removing at32f421_flash.o(.text.flash_fap_high_level_status_get), (16 bytes).
    Removing at32f421_flash.o(.ARM.exidx.text.flash_fap_high_level_status_get), (8 bytes).
    Removing at32f421_flash.o(.text.flash_ssb_set), (78 bytes).
    Removing at32f421_flash.o(.ARM.exidx.text.flash_ssb_set), (8 bytes).
    Removing at32f421_flash.o(.text.flash_ssb_status_get), (16 bytes).
    Removing at32f421_flash.o(.ARM.exidx.text.flash_ssb_status_get), (8 bytes).
    Removing at32f421_flash.o(.text.flash_interrupt_enable), (60 bytes).
    Removing at32f421_flash.o(.ARM.exidx.text.flash_interrupt_enable), (8 bytes).
    Removing at32f421_flash.o(.text.flash_slib_enable), (134 bytes).
    Removing at32f421_flash.o(.ARM.exidx.text.flash_slib_enable), (8 bytes).
    Removing at32f421_flash.o(.text.flash_slib_disable), (34 bytes).
    Removing at32f421_flash.o(.ARM.exidx.text.flash_slib_disable), (8 bytes).
    Removing at32f421_flash.o(.text.flash_slib_state_get), (16 bytes).
    Removing at32f421_flash.o(.ARM.exidx.text.flash_slib_state_get), (8 bytes).
    Removing at32f421_flash.o(.text.flash_slib_start_sector_get), (16 bytes).
    Removing at32f421_flash.o(.ARM.exidx.text.flash_slib_start_sector_get), (8 bytes).
    Removing at32f421_flash.o(.text.flash_slib_inststart_sector_get), (16 bytes).
    Removing at32f421_flash.o(.ARM.exidx.text.flash_slib_inststart_sector_get), (8 bytes).
    Removing at32f421_flash.o(.text.flash_slib_end_sector_get), (14 bytes).
    Removing at32f421_flash.o(.ARM.exidx.text.flash_slib_end_sector_get), (8 bytes).
    Removing at32f421_flash.o(.text.flash_crc_calibrate), (30 bytes).
    Removing at32f421_flash.o(.ARM.exidx.text.flash_crc_calibrate), (8 bytes).
    Removing at32f421_flash.o(.text.flash_boot_memory_extension_mode_enable), (54 bytes).
    Removing at32f421_flash.o(.ARM.exidx.text.flash_boot_memory_extension_mode_enable), (8 bytes).
    Removing at32f421_flash.o(.text.flash_extension_memory_slib_enable), (70 bytes).
    Removing at32f421_flash.o(.ARM.exidx.text.flash_extension_memory_slib_enable), (8 bytes).
    Removing at32f421_flash.o(.text.flash_extension_memory_slib_state_get), (16 bytes).
    Removing at32f421_flash.o(.ARM.exidx.text.flash_extension_memory_slib_state_get), (8 bytes).
    Removing at32f421_flash.o(.text.flash_em_slib_inststart_sector_get), (16 bytes).
    Removing at32f421_flash.o(.ARM.exidx.text.flash_em_slib_inststart_sector_get), (8 bytes).
    Removing at32f421_flash.o(.text.flash_low_power_mode_enable), (26 bytes).
    Removing at32f421_flash.o(.ARM.exidx.text.flash_low_power_mode_enable), (8 bytes).
    Removing at32f421_misc.o(.text), (0 bytes).
    Removing at32f421_misc.o(.text.nvic_system_reset), (4 bytes).
    Removing at32f421_misc.o(.ARM.exidx.text.nvic_system_reset), (8 bytes).
    Removing at32f421_misc.o(.text.__NVIC_SystemReset), (36 bytes).
    Removing at32f421_misc.o(.ARM.exidx.text.__NVIC_SystemReset), (8 bytes).
    Removing at32f421_misc.o(.text.nvic_irq_enable), (36 bytes).
    Removing at32f421_misc.o(.ARM.exidx.text.nvic_irq_enable), (8 bytes).
    Removing at32f421_misc.o(.text.NVIC_EncodePriority), (44 bytes).
    Removing at32f421_misc.o(.ARM.exidx.text.NVIC_EncodePriority), (8 bytes).
    Removing at32f421_misc.o(.text.__NVIC_GetPriorityGrouping), (16 bytes).
    Removing at32f421_misc.o(.ARM.exidx.text.__NVIC_GetPriorityGrouping), (8 bytes).
    Removing at32f421_misc.o(.text.__NVIC_SetPriority), (34 bytes).
    Removing at32f421_misc.o(.ARM.exidx.text.__NVIC_SetPriority), (8 bytes).
    Removing at32f421_misc.o(.text.__NVIC_EnableIRQ), (32 bytes).
    Removing at32f421_misc.o(.ARM.exidx.text.__NVIC_EnableIRQ), (8 bytes).
    Removing at32f421_misc.o(.text.nvic_irq_disable), (8 bytes).
    Removing at32f421_misc.o(.ARM.exidx.text.nvic_irq_disable), (8 bytes).
    Removing at32f421_misc.o(.text.__NVIC_DisableIRQ), (40 bytes).
    Removing at32f421_misc.o(.ARM.exidx.text.__NVIC_DisableIRQ), (8 bytes).
    Removing at32f421_misc.o(.ARM.exidx.text.nvic_priority_group_config), (8 bytes).
    Removing at32f421_misc.o(.ARM.exidx.text.__NVIC_SetPriorityGrouping), (8 bytes).
    Removing at32f421_misc.o(.text.nvic_vector_table_set), (24 bytes).
    Removing at32f421_misc.o(.ARM.exidx.text.nvic_vector_table_set), (8 bytes).
    Removing at32f421_misc.o(.text.nvic_lowpower_mode_config), (24 bytes).
    Removing at32f421_misc.o(.ARM.exidx.text.nvic_lowpower_mode_config), (8 bytes).
    Removing at32f421_misc.o(.ARM.exidx.text.systick_clock_source_config), (8 bytes).
    Removing system_at32f421.o(.text), (0 bytes).
    Removing system_at32f421.o(.ARM.exidx.text.SystemInit), (8 bytes).
    Removing system_at32f421.o(.ARM.exidx.text.system_core_clock_update), (8 bytes).
    Removing st7735s.o(.text), (0 bytes).
    Removing st7735s.o(.ARM.exidx.text.st7735s_lcd_init), (8 bytes).
    Removing st7735s.o(.ARM.exidx.text.st7735s_lcd_reset), (8 bytes).
    Removing st7735s.o(.ARM.exidx.text.st7735s_load_parameter), (8 bytes).
    Removing st7735s.o(.ARM.exidx.text.st7735s_lcd_clear), (8 bytes).
    Removing st7735s.o(.ARM.exidx.text.st7735s_lcd_address_set), (8 bytes).
    Removing st7735s.o(.ARM.exidx.text.st7735s_write_data_u16), (8 bytes).
    Removing st7735s.o(.text.st7735s_lcd_fill_color), (82 bytes).
    Removing st7735s.o(.ARM.exidx.text.st7735s_lcd_fill_color), (8 bytes).
    Removing st7735s.o(.ARM.exidx.text.st7735s_lcd_draw_point), (8 bytes).
    Removing st7735s.o(.text.st7735s_lcd_draw_string), (70 bytes).
    Removing st7735s.o(.ARM.exidx.text.st7735s_lcd_draw_string), (8 bytes).
    Removing st7735s.o(.ARM.exidx.text.st7735s_lcd_draw_char), (8 bytes).
    Removing st7735s.o(.ARM.exidx.text.LCD_ShowIntNum), (8 bytes).
    Removing st7735s.o(.ARM.exidx.text.mypow), (8 bytes).
    Removing st7735s.o(.ARM.exidx.text.LCD_ShowFloatNum1), (8 bytes).
    Removing st7735s.o(.ARM.exidx.text.st7735s_write_commend), (8 bytes).
    Removing st7735s.o(.ARM.exidx.text.st7735s_write_data_u8), (8 bytes).
    Removing st7735s.o(.ARM.exidx.text.software_spi_transmit_u8), (8 bytes).

314 unused section(s) (total 5946 bytes) removed from the image.

==============================================================================

Image Symbol Table

    Local Symbols

    Symbol Name                              Value     Ov Type        Size  Object(Section)

    ../clib/angel/boardlib.s                 0x00000000   Number         0  boardinit1.o ABSOLUTE
    ../clib/angel/boardlib.s                 0x00000000   Number         0  boardinit2.o ABSOLUTE
    ../clib/angel/boardlib.s                 0x00000000   Number         0  boardinit3.o ABSOLUTE
    ../clib/angel/boardlib.s                 0x00000000   Number         0  boardshut.o ABSOLUTE
    ../clib/angel/handlers.s                 0x00000000   Number         0  __scatter_copy.o ABSOLUTE
    ../clib/angel/handlers.s                 0x00000000   Number         0  __scatter_zi.o ABSOLUTE
    ../clib/angel/kernel.s                   0x00000000   Number         0  __rtentry.o ABSOLUTE
    ../clib/angel/kernel.s                   0x00000000   Number         0  __rtentry2.o ABSOLUTE
    ../clib/angel/kernel.s                   0x00000000   Number         0  __rtentry4.o ABSOLUTE
    ../clib/angel/kernel.s                   0x00000000   Number         0  rtexit.o ABSOLUTE
    ../clib/angel/kernel.s                   0x00000000   Number         0  rtexit2.o ABSOLUTE
    ../clib/angel/rt.s                       0x00000000   Number         0  rt_raise.o ABSOLUTE
    ../clib/angel/scatter.s                  0x00000000   Number         0  __scatter.o ABSOLUTE
    ../clib/angel/startup.s                  0x00000000   Number         0  __main.o ABSOLUTE
    ../clib/angel/sys.s                      0x00000000   Number         0  use_no_semi_2.o ABSOLUTE
    ../clib/angel/sys.s                      0x00000000   Number         0  use_no_semi.o ABSOLUTE
    ../clib/angel/sys.s                      0x00000000   Number         0  sys_stackheap_outer.o ABSOLUTE
    ../clib/angel/sys.s                      0x00000000   Number         0  libspace.o ABSOLUTE
    ../clib/angel/sys.s                      0x00000000   Number         0  indicate_semi.o ABSOLUTE
    ../clib/angel/sysapp.c                   0x00000000   Number         0  sys_command.o ABSOLUTE
    ../clib/angel/sysapp.c                   0x00000000   Number         0  sys_command_hlt.o ABSOLUTE
    ../clib/armsys.c                         0x00000000   Number         0  argv_veneer.o ABSOLUTE
    ../clib/armsys.c                         0x00000000   Number         0  argv_veneer.o ABSOLUTE
    ../clib/armsys.c                         0x00000000   Number         0  _get_argv_nomalloc.o ABSOLUTE
    ../clib/armsys.c                         0x00000000   Number         0  no_argv.o ABSOLUTE
    ../clib/heapalloc.c                      0x00000000   Number         0  hrguard.o ABSOLUTE
    ../clib/heapaux.c                        0x00000000   Number         0  heapauxi.o ABSOLUTE
    ../clib/libinit.s                        0x00000000   Number         0  libinit.o ABSOLUTE
    ../clib/libinit.s                        0x00000000   Number         0  libinit2.o ABSOLUTE
    ../clib/libinit.s                        0x00000000   Number         0  libshutdown.o ABSOLUTE
    ../clib/libinit.s                        0x00000000   Number         0  libshutdown2.o ABSOLUTE
    ../clib/signal.c                         0x00000000   Number         0  defsig_rtmem_outer.o ABSOLUTE
    ../clib/signal.c                         0x00000000   Number         0  defsig_rtmem_formal.o ABSOLUTE
    ../clib/signal.c                         0x00000000   Number         0  defsig_exit.o ABSOLUTE
    ../clib/signal.c                         0x00000000   Number         0  defsig_rtmem_inner.o ABSOLUTE
    ../clib/signal.c                         0x00000000   Number         0  __raise.o ABSOLUTE
    ../clib/signal.c                         0x00000000   Number         0  defsig_general.o ABSOLUTE
    ../clib/signal.c                         0x00000000   Number         0  defsig_abrt_inner.o ABSOLUTE
    ../clib/signal.c                         0x00000000   Number         0  defsig_fpe_inner.o ABSOLUTE
    ../clib/signal.c                         0x00000000   Number         0  defsig_rtred_inner.o ABSOLUTE
    ../clib/signal.c                         0x00000000   Number         0  defsig_stak_inner.o ABSOLUTE
    ../clib/signal.c                         0x00000000   Number         0  defsig_pvfn_inner.o ABSOLUTE
    ../clib/signal.c                         0x00000000   Number         0  defsig_cppl_inner.o ABSOLUTE
    ../clib/signal.c                         0x00000000   Number         0  defsig_segv_inner.o ABSOLUTE
    ../clib/signal.c                         0x00000000   Number         0  defsig_other.o ABSOLUTE
    ../clib/signal.s                         0x00000000   Number         0  defsig.o ABSOLUTE
    ../clib/stdlib.c                         0x00000000   Number         0  exit.o ABSOLUTE
    ../fplib/d2f.s                           0x00000000   Number         0  d2f.o ABSOLUTE
    ../fplib/daddsub.s                       0x00000000   Number         0  daddsub_clz.o ABSOLUTE
    ../fplib/dnaninf.s                       0x00000000   Number         0  dnaninf.o ABSOLUTE
    ../fplib/dretinf.s                       0x00000000   Number         0  dretinf.o ABSOLUTE
    ../fplib/f2d.s                           0x00000000   Number         0  f2d.o ABSOLUTE
    ../fplib/ffix.s                          0x00000000   Number         0  ffix.o ABSOLUTE
    ../fplib/fmul.s                          0x00000000   Number         0  fmul.o ABSOLUTE
    ../fplib/fnaninf.s                       0x00000000   Number         0  fnaninf.o ABSOLUTE
    ../fplib/fpinit.s                        0x00000000   Number         0  fpinit.o ABSOLUTE
    ../fplib/fpinit_empty.s                  0x00000000   Number         0  fpinit_empty.o ABSOLUTE
    ../fplib/fretinf.s                       0x00000000   Number         0  fretinf.o ABSOLUTE
    ../fplib/usenofp.s                       0x00000000   Number         0  usenofp.o ABSOLUTE
    at32f421_crm.c                           0x00000000   Number         0  at32f421_crm.o ABSOLUTE
    at32f421_debug.c                         0x00000000   Number         0  at32f421_debug.o ABSOLUTE
    at32f421_flash.c                         0x00000000   Number         0  at32f421_flash.o ABSOLUTE
    at32f421_gpio.c                          0x00000000   Number         0  at32f421_gpio.o ABSOLUTE
    at32f421_int.c                           0x00000000   Number         0  at32f421_int.o ABSOLUTE
    at32f421_misc.c                          0x00000000   Number         0  at32f421_misc.o ABSOLUTE
    at32f421_pwc.c                           0x00000000   Number         0  at32f421_pwc.o ABSOLUTE
    at32f421_usart.c                         0x00000000   Number         0  at32f421_usart.o ABSOLUTE
    at32f421_wk_config.c                     0x00000000   Number         0  at32f421_wk_config.o ABSOLUTE
    dc.s                                     0x00000000   Number         0  dc.o ABSOLUTE
    main.c                                   0x00000000   Number         0  main.o ABSOLUTE
    st7735s.c                                0x00000000   Number         0  st7735s.o ABSOLUTE
    startup_at32f421.s                       0x00000000   Number         0  startup_at32f421.o ABSOLUTE
    system_at32f421.c                        0x00000000   Number         0  system_at32f421.o ABSOLUTE
    wk_gpio.c                                0x00000000   Number         0  wk_gpio.o ABSOLUTE
    wk_system.c                              0x00000000   Number         0  wk_system.o ABSOLUTE
    wk_usart.c                               0x00000000   Number         0  wk_usart.o ABSOLUTE
    RESET                                    0x08000000   Section      204  startup_at32f421.o(RESET)
    !!!main                                  0x080000cc   Section        8  __main.o(!!!main)
    !!!scatter                               0x080000d4   Section       52  __scatter.o(!!!scatter)
    !!handler_copy                           0x08000108   Section       26  __scatter_copy.o(!!handler_copy)
    !!handler_zi                             0x08000124   Section       28  __scatter_zi.o(!!handler_zi)
    .ARM.Collect$$libinit$$00000000          0x08000140   Section        2  libinit.o(.ARM.Collect$$libinit$$00000000)
    .ARM.Collect$$libinit$$00000002          0x08000142   Section        0  libinit2.o(.ARM.Collect$$libinit$$00000002)
    .ARM.Collect$$libinit$$00000004          0x08000142   Section        0  libinit2.o(.ARM.Collect$$libinit$$00000004)
    .ARM.Collect$$libinit$$0000000A          0x08000142   Section        0  libinit2.o(.ARM.Collect$$libinit$$0000000A)
    .ARM.Collect$$libinit$$0000000C          0x08000142   Section        0  libinit2.o(.ARM.Collect$$libinit$$0000000C)
    .ARM.Collect$$libinit$$0000000E          0x08000142   Section        0  libinit2.o(.ARM.Collect$$libinit$$0000000E)
    .ARM.Collect$$libinit$$00000011          0x08000142   Section        0  libinit2.o(.ARM.Collect$$libinit$$00000011)
    .ARM.Collect$$libinit$$00000013          0x08000142   Section        0  libinit2.o(.ARM.Collect$$libinit$$00000013)
    .ARM.Collect$$libinit$$00000015          0x08000142   Section        0  libinit2.o(.ARM.Collect$$libinit$$00000015)
    .ARM.Collect$$libinit$$00000017          0x08000142   Section        0  libinit2.o(.ARM.Collect$$libinit$$00000017)
    .ARM.Collect$$libinit$$00000019          0x08000142   Section        0  libinit2.o(.ARM.Collect$$libinit$$00000019)
    .ARM.Collect$$libinit$$0000001B          0x08000142   Section        0  libinit2.o(.ARM.Collect$$libinit$$0000001B)
    .ARM.Collect$$libinit$$0000001D          0x08000142   Section        0  libinit2.o(.ARM.Collect$$libinit$$0000001D)
    .ARM.Collect$$libinit$$0000001F          0x08000142   Section        0  libinit2.o(.ARM.Collect$$libinit$$0000001F)
    .ARM.Collect$$libinit$$00000021          0x08000142   Section        0  libinit2.o(.ARM.Collect$$libinit$$00000021)
    .ARM.Collect$$libinit$$00000023          0x08000142   Section        0  libinit2.o(.ARM.Collect$$libinit$$00000023)
    .ARM.Collect$$libinit$$00000025          0x08000142   Section        0  libinit2.o(.ARM.Collect$$libinit$$00000025)
    .ARM.Collect$$libinit$$0000002C          0x08000142   Section        0  libinit2.o(.ARM.Collect$$libinit$$0000002C)
    .ARM.Collect$$libinit$$0000002E          0x08000142   Section        0  libinit2.o(.ARM.Collect$$libinit$$0000002E)
    .ARM.Collect$$libinit$$00000030          0x08000142   Section        0  libinit2.o(.ARM.Collect$$libinit$$00000030)
    .ARM.Collect$$libinit$$00000032          0x08000142   Section        0  libinit2.o(.ARM.Collect$$libinit$$00000032)
    .ARM.Collect$$libinit$$00000033          0x08000142   Section        2  libinit2.o(.ARM.Collect$$libinit$$00000033)
    .ARM.Collect$$libshutdown$$00000000      0x08000144   Section        2  libshutdown.o(.ARM.Collect$$libshutdown$$00000000)
    .ARM.Collect$$libshutdown$$00000002      0x08000146   Section        0  libshutdown2.o(.ARM.Collect$$libshutdown$$00000002)
    .ARM.Collect$$libshutdown$$00000004      0x08000146   Section        0  libshutdown2.o(.ARM.Collect$$libshutdown$$00000004)
    .ARM.Collect$$libshutdown$$00000007      0x08000146   Section        0  libshutdown2.o(.ARM.Collect$$libshutdown$$00000007)
    .ARM.Collect$$libshutdown$$0000000A      0x08000146   Section        0  libshutdown2.o(.ARM.Collect$$libshutdown$$0000000A)
    .ARM.Collect$$libshutdown$$0000000C      0x08000146   Section        0  libshutdown2.o(.ARM.Collect$$libshutdown$$0000000C)
    .ARM.Collect$$libshutdown$$0000000F      0x08000146   Section        0  libshutdown2.o(.ARM.Collect$$libshutdown$$0000000F)
    .ARM.Collect$$libshutdown$$00000010      0x08000146   Section        2  libshutdown2.o(.ARM.Collect$$libshutdown$$00000010)
    .ARM.Collect$$rtentry$$00000000          0x08000148   Section        0  __rtentry.o(.ARM.Collect$$rtentry$$00000000)
    .ARM.Collect$$rtentry$$00000002          0x08000148   Section        0  __rtentry2.o(.ARM.Collect$$rtentry$$00000002)
    .ARM.Collect$$rtentry$$00000004          0x08000148   Section        6  __rtentry4.o(.ARM.Collect$$rtentry$$00000004)
    .ARM.Collect$$rtentry$$00000009          0x0800014e   Section        0  __rtentry2.o(.ARM.Collect$$rtentry$$00000009)
    .ARM.Collect$$rtentry$$0000000A          0x0800014e   Section        4  __rtentry2.o(.ARM.Collect$$rtentry$$0000000A)
    .ARM.Collect$$rtentry$$0000000C          0x08000152   Section        0  __rtentry2.o(.ARM.Collect$$rtentry$$0000000C)
    .ARM.Collect$$rtentry$$0000000D          0x08000152   Section        8  __rtentry2.o(.ARM.Collect$$rtentry$$0000000D)
    .ARM.Collect$$rtexit$$00000000           0x0800015a   Section        2  rtexit.o(.ARM.Collect$$rtexit$$00000000)
    .ARM.Collect$$rtexit$$00000002           0x0800015c   Section        0  rtexit2.o(.ARM.Collect$$rtexit$$00000002)
    .ARM.Collect$$rtexit$$00000003           0x0800015c   Section        4  rtexit2.o(.ARM.Collect$$rtexit$$00000003)
    .ARM.Collect$$rtexit$$00000004           0x08000160   Section        6  rtexit2.o(.ARM.Collect$$rtexit$$00000004)
    .text                                    0x08000168   Section       64  startup_at32f421.o(.text)
    .text                                    0x080001a8   Section        2  use_no_semi_2.o(.text)
    .text                                    0x080001aa   Section        0  heapauxi.o(.text)
    .text                                    0x080001b0   Section        2  use_no_semi.o(.text)
    .text                                    0x080001b2   Section       74  sys_stackheap_outer.o(.text)
    .text                                    0x080001fc   Section        0  exit.o(.text)
    .text                                    0x08000210   Section        8  libspace.o(.text)
    [Anonymous Symbol]                       0x08000218   Section        0  at32f421_int.o(.text.BusFault_Handler)
    [Anonymous Symbol]                       0x0800021c   Section        0  at32f421_int.o(.text.DebugMon_Handler)
    [Anonymous Symbol]                       0x08000220   Section        0  at32f421_int.o(.text.HardFault_Handler)
    [Anonymous Symbol]                       0x08000224   Section        0  st7735s.o(.text.LCD_ShowFloatNum1)
    [Anonymous Symbol]                       0x080002f8   Section        0  st7735s.o(.text.LCD_ShowIntNum)
    [Anonymous Symbol]                       0x080003ac   Section        0  at32f421_int.o(.text.MemManage_Handler)
    [Anonymous Symbol]                       0x080003b0   Section        0  at32f421_int.o(.text.NMI_Handler)
    NVIC_EncodePriority                      0x080003b5   Thumb Code    36  at32f421_wk_config.o(.text.NVIC_EncodePriority)
    [Anonymous Symbol]                       0x080003b4   Section        0  at32f421_wk_config.o(.text.NVIC_EncodePriority)
    [Anonymous Symbol]                       0x080003d8   Section        0  at32f421_int.o(.text.PendSV_Handler)
    [Anonymous Symbol]                       0x080003dc   Section        0  at32f421_int.o(.text.SVC_Handler)
    [Anonymous Symbol]                       0x080003e0   Section        0  at32f421_int.o(.text.SysTick_Handler)
    [Anonymous Symbol]                       0x080003e4   Section        0  system_at32f421.o(.text.SystemInit)
    [Anonymous Symbol]                       0x08000440   Section        0  at32f421_int.o(.text.UsageFault_Handler)
    __NVIC_GetPriorityGrouping               0x08000445   Thumb Code    16  at32f421_wk_config.o(.text.__NVIC_GetPriorityGrouping)
    [Anonymous Symbol]                       0x08000444   Section        0  at32f421_wk_config.o(.text.__NVIC_GetPriorityGrouping)
    __NVIC_SetPriority                       0x08000455   Thumb Code    18  at32f421_wk_config.o(.text.__NVIC_SetPriority)
    [Anonymous Symbol]                       0x08000454   Section        0  at32f421_wk_config.o(.text.__NVIC_SetPriority)
    __NVIC_SetPriorityGrouping               0x08000469   Thumb Code    32  at32f421_misc.o(.text.__NVIC_SetPriorityGrouping)
    [Anonymous Symbol]                       0x08000468   Section        0  at32f421_misc.o(.text.__NVIC_SetPriorityGrouping)
    [Anonymous Symbol]                       0x08000488   Section        0  wk_system.o(.text._sys_exit)
    [Anonymous Symbol]                       0x0800048c   Section        0  at32f421_crm.o(.text.crm_ahb_div_set)
    [Anonymous Symbol]                       0x080004a8   Section        0  at32f421_crm.o(.text.crm_apb1_div_set)
    [Anonymous Symbol]                       0x080004c4   Section        0  at32f421_crm.o(.text.crm_apb2_div_set)
    [Anonymous Symbol]                       0x080004e0   Section        0  at32f421_crm.o(.text.crm_auto_step_mode_enable)
    [Anonymous Symbol]                       0x080004f8   Section        0  at32f421_crm.o(.text.crm_clock_source_enable)
    [Anonymous Symbol]                       0x08000574   Section        0  at32f421_crm.o(.text.crm_clocks_freq_get)
    crm_clocks_freq_get.sclk_ahb_div_table   0x08000680   Number         0  at32f421_crm.o(.text.crm_clocks_freq_get)
    crm_clocks_freq_get.ahb_apb1_div_table   0x08000690   Number         0  at32f421_crm.o(.text.crm_clocks_freq_get)
    crm_clocks_freq_get.ahb_apb2_div_table   0x08000690   Number         0  at32f421_crm.o(.text.crm_clocks_freq_get)
    crm_clocks_freq_get.adc_div_table        0x08000698   Number         0  at32f421_crm.o(.text.crm_clocks_freq_get)
    [Anonymous Symbol]                       0x080006a0   Section        0  at32f421_crm.o(.text.crm_flag_get)
    [Anonymous Symbol]                       0x080006bc   Section        0  at32f421_crm.o(.text.crm_periph_clock_enable)
    [Anonymous Symbol]                       0x080006e4   Section        0  at32f421_crm.o(.text.crm_pll_config)
    [Anonymous Symbol]                       0x0800076c   Section        0  at32f421_crm.o(.text.crm_reset)
    [Anonymous Symbol]                       0x080007bc   Section        0  at32f421_crm.o(.text.crm_sysclk_switch)
    [Anonymous Symbol]                       0x080007f8   Section        0  at32f421_crm.o(.text.crm_sysclk_switch_status_get)
    delay_us                                 0x08000809   Thumb Code    46  wk_system.o(.text.delay_us)
    [Anonymous Symbol]                       0x08000808   Section        0  wk_system.o(.text.delay_us)
    [Anonymous Symbol]                       0x08000838   Section        0  at32f421_gpio.o(.text.gpio_bits_reset)
    [Anonymous Symbol]                       0x0800083c   Section        0  at32f421_gpio.o(.text.gpio_bits_set)
    [Anonymous Symbol]                       0x08000840   Section        0  at32f421_gpio.o(.text.gpio_default_para_init)
    [Anonymous Symbol]                       0x08000850   Section        0  at32f421_gpio.o(.text.gpio_init)
    [Anonymous Symbol]                       0x080008d4   Section        0  at32f421_gpio.o(.text.gpio_pin_mux_config)
    [Anonymous Symbol]                       0x08000904   Section        0  main.o(.text.main)
    mypow                                    0x08000989   Thumb Code    22  st7735s.o(.text.mypow)
    [Anonymous Symbol]                       0x08000988   Section        0  st7735s.o(.text.mypow)
    [Anonymous Symbol]                       0x080009a0   Section        0  at32f421_misc.o(.text.nvic_priority_group_config)
    software_spi_transmit_u8                 0x080009a9   Thumb Code    92  st7735s.o(.text.software_spi_transmit_u8)
    [Anonymous Symbol]                       0x080009a8   Section        0  st7735s.o(.text.software_spi_transmit_u8)
    st7735s_lcd_address_set                  0x08000a05   Thumb Code    58  st7735s.o(.text.st7735s_lcd_address_set)
    [Anonymous Symbol]                       0x08000a04   Section        0  st7735s.o(.text.st7735s_lcd_address_set)
    [Anonymous Symbol]                       0x08000a40   Section        0  st7735s.o(.text.st7735s_lcd_clear)
    st7735s_lcd_draw_char                    0x08000a75   Thumb Code   338  st7735s.o(.text.st7735s_lcd_draw_char)
    [Anonymous Symbol]                       0x08000a74   Section        0  st7735s.o(.text.st7735s_lcd_draw_char)
    [Anonymous Symbol]                       0x08000bc8   Section        0  st7735s.o(.text.st7735s_lcd_draw_point)
    [Anonymous Symbol]                       0x08000bdc   Section        0  st7735s.o(.text.st7735s_lcd_init)
    st7735s_lcd_reset                        0x08000bf5   Thumb Code    36  st7735s.o(.text.st7735s_lcd_reset)
    [Anonymous Symbol]                       0x08000bf4   Section        0  st7735s.o(.text.st7735s_lcd_reset)
    st7735s_load_parameter                   0x08000c19   Thumb Code   472  st7735s.o(.text.st7735s_load_parameter)
    [Anonymous Symbol]                       0x08000c18   Section        0  st7735s.o(.text.st7735s_load_parameter)
    st7735s_write_commend                    0x08000df1   Thumb Code    22  st7735s.o(.text.st7735s_write_commend)
    [Anonymous Symbol]                       0x08000df0   Section        0  st7735s.o(.text.st7735s_write_commend)
    st7735s_write_data_u16                   0x08000e09   Thumb Code    18  st7735s.o(.text.st7735s_write_data_u16)
    [Anonymous Symbol]                       0x08000e08   Section        0  st7735s.o(.text.st7735s_write_data_u16)
    st7735s_write_data_u8                    0x08000e1d   Thumb Code    22  st7735s.o(.text.st7735s_write_data_u8)
    [Anonymous Symbol]                       0x08000e1c   Section        0  st7735s.o(.text.st7735s_write_data_u8)
    [Anonymous Symbol]                       0x08000e34   Section        0  system_at32f421.o(.text.system_core_clock_update)
    system_core_clock_update.sys_ahb_div_table 0x08000f10   Number         0  system_at32f421.o(.text.system_core_clock_update)
    [Anonymous Symbol]                       0x08000f20   Section        0  at32f421_misc.o(.text.systick_clock_source_config)
    [Anonymous Symbol]                       0x08000f38   Section        0  at32f421_usart.o(.text.usart_enable)
    [Anonymous Symbol]                       0x08000f4c   Section        0  at32f421_usart.o(.text.usart_hardware_flow_control_set)
    [Anonymous Symbol]                       0x08000f90   Section        0  at32f421_usart.o(.text.usart_init)
    [Anonymous Symbol]                       0x08001018   Section        0  at32f421_usart.o(.text.usart_parity_selection_config)
    [Anonymous Symbol]                       0x08001054   Section        0  at32f421_usart.o(.text.usart_transmitter_enable)
    [Anonymous Symbol]                       0x08001068   Section        0  wk_system.o(.text.wk_delay_ms)
    [Anonymous Symbol]                       0x08001098   Section        0  wk_gpio.o(.text.wk_gpio_config)
    [Anonymous Symbol]                       0x080010f0   Section        0  at32f421_wk_config.o(.text.wk_nvic_config)
    [Anonymous Symbol]                       0x08001188   Section        0  at32f421_wk_config.o(.text.wk_periph_clock_config)
    [Anonymous Symbol]                       0x080011b0   Section        0  at32f421_wk_config.o(.text.wk_system_clock_config)
    [Anonymous Symbol]                       0x08001240   Section        0  wk_system.o(.text.wk_timebase_init)
    [Anonymous Symbol]                       0x08001288   Section        0  wk_usart.o(.text.wk_usart1_init)
    x$fpl$d2f                                0x080012f4   Section       98  d2f.o(x$fpl$d2f)
    x$fpl$dadd                               0x08001358   Section      336  daddsub_clz.o(x$fpl$dadd)
    _dadd1                                   0x08001369   Thumb Code     0  daddsub_clz.o(x$fpl$dadd)
    x$fpl$dnaninf                            0x080014a8   Section      156  dnaninf.o(x$fpl$dnaninf)
    x$fpl$dretinf                            0x08001544   Section       12  dretinf.o(x$fpl$dretinf)
    x$fpl$dsub                               0x08001550   Section      476  daddsub_clz.o(x$fpl$dsub)
    _dsub1                                   0x08001561   Thumb Code     0  daddsub_clz.o(x$fpl$dsub)
    x$fpl$f2d                                0x0800172c   Section       86  f2d.o(x$fpl$f2d)
    x$fpl$ffix                               0x08001784   Section       54  ffix.o(x$fpl$ffix)
    x$fpl$fmul                               0x080017bc   Section      258  fmul.o(x$fpl$fmul)
    x$fpl$fnaninf                            0x080018be   Section      140  fnaninf.o(x$fpl$fnaninf)
    x$fpl$fretinf                            0x0800194a   Section       10  fretinf.o(x$fpl$fretinf)
    x$fpl$usenofp                            0x08001954   Section        0  usenofp.o(x$fpl$usenofp)
    .bss                                     0x20000008   Section       96  libspace.o(.bss)
    Heap_Mem                                 0x20000070   Data         512  startup_at32f421.o(HEAP)
    HEAP                                     0x20000070   Section      512  startup_at32f421.o(HEAP)
    Stack_Mem                                0x20000270   Data        1024  startup_at32f421.o(STACK)
    STACK                                    0x20000270   Section     1024  startup_at32f421.o(STACK)
    __initial_sp                             0x20000670   Data           0  startup_at32f421.o(STACK)

    Global Symbols

    Symbol Name                              Value     Ov Type        Size  Object(Section)

    BuildAttributes$$THM_ISAv4$E$P$D$K$B$S$7EM$PE$A:L22UL41UL21$X:L11$S22US41US21$IEEE1$IW$~IW$USESV6$~STKCKD$USESV7$~SHL$OTIME$ROPI$EBA8$UX$STANDARDLIB$REQ8$PRES8$EABIv2 0x00000000   Number         0  anon$$obj.o ABSOLUTE
    __fp_init_empty                          0x00000000   Number         0  fpinit_empty.o ABSOLUTE
    __ARM_exceptions_init                     - Undefined Weak Reference
    __alloca_initialize                       - Undefined Weak Reference
    __arm_preinit_                            - Undefined Weak Reference
    __cpp_initialize__aeabi_                  - Undefined Weak Reference
    __cxa_finalize                            - Undefined Weak Reference
    __rt_locale                               - Undefined Weak Reference
    __sigvec_lookup                           - Undefined Weak Reference
    _atexit_init                              - Undefined Weak Reference
    _call_atexit_fns                          - Undefined Weak Reference
    _clock_init                               - Undefined Weak Reference
    _fp_trap_init                             - Undefined Weak Reference
    _fp_trap_shutdown                         - Undefined Weak Reference
    _get_lc_collate                           - Undefined Weak Reference
    _get_lc_ctype                             - Undefined Weak Reference
    _get_lc_monetary                          - Undefined Weak Reference
    _get_lc_numeric                           - Undefined Weak Reference
    _get_lc_time                              - Undefined Weak Reference
    _getenv_init                              - Undefined Weak Reference
    _handle_redirection                       - Undefined Weak Reference
    _init_alloc                               - Undefined Weak Reference
    _init_user_alloc                          - Undefined Weak Reference
    _initio                                   - Undefined Weak Reference
    _rand_init                                - Undefined Weak Reference
    _signal_finish                            - Undefined Weak Reference
    _signal_init                              - Undefined Weak Reference
    _terminate_alloc                          - Undefined Weak Reference
    _terminate_user_alloc                     - Undefined Weak Reference
    _terminateio                              - Undefined Weak Reference
    __Vectors_Size                           0x000000cc   Number         0  startup_at32f421.o ABSOLUTE
    __Vectors                                0x08000000   Data           4  startup_at32f421.o(RESET)
    __Vectors_End                            0x080000cc   Data           0  startup_at32f421.o(RESET)
    __main                                   0x080000cd   Thumb Code     8  __main.o(!!!main)
    __scatterload                            0x080000d5   Thumb Code     0  __scatter.o(!!!scatter)
    __scatterload_rt2                        0x080000d5   Thumb Code    44  __scatter.o(!!!scatter)
    __scatterload_rt2_thumb_only             0x080000d5   Thumb Code     0  __scatter.o(!!!scatter)
    __scatterload_null                       0x080000e3   Thumb Code     0  __scatter.o(!!!scatter)
    __scatterload_copy                       0x08000109   Thumb Code    26  __scatter_copy.o(!!handler_copy)
    __scatterload_zeroinit                   0x08000125   Thumb Code    28  __scatter_zi.o(!!handler_zi)
    __rt_lib_init                            0x08000141   Thumb Code     0  libinit.o(.ARM.Collect$$libinit$$00000000)
    __rt_lib_init_alloca_1                   0x08000143   Thumb Code     0  libinit2.o(.ARM.Collect$$libinit$$0000002E)
    __rt_lib_init_argv_1                     0x08000143   Thumb Code     0  libinit2.o(.ARM.Collect$$libinit$$0000002C)
    __rt_lib_init_atexit_1                   0x08000143   Thumb Code     0  libinit2.o(.ARM.Collect$$libinit$$0000001B)
    __rt_lib_init_clock_1                    0x08000143   Thumb Code     0  libinit2.o(.ARM.Collect$$libinit$$00000021)
    __rt_lib_init_cpp_1                      0x08000143   Thumb Code     0  libinit2.o(.ARM.Collect$$libinit$$00000032)
    __rt_lib_init_exceptions_1               0x08000143   Thumb Code     0  libinit2.o(.ARM.Collect$$libinit$$00000030)
    __rt_lib_init_fp_1                       0x08000143   Thumb Code     0  libinit2.o(.ARM.Collect$$libinit$$00000002)
    __rt_lib_init_fp_trap_1                  0x08000143   Thumb Code     0  libinit2.o(.ARM.Collect$$libinit$$0000001F)
    __rt_lib_init_getenv_1                   0x08000143   Thumb Code     0  libinit2.o(.ARM.Collect$$libinit$$00000023)
    __rt_lib_init_heap_1                     0x08000143   Thumb Code     0  libinit2.o(.ARM.Collect$$libinit$$0000000A)
    __rt_lib_init_lc_collate_1               0x08000143   Thumb Code     0  libinit2.o(.ARM.Collect$$libinit$$00000011)
    __rt_lib_init_lc_ctype_1                 0x08000143   Thumb Code     0  libinit2.o(.ARM.Collect$$libinit$$00000013)
    __rt_lib_init_lc_monetary_1              0x08000143   Thumb Code     0  libinit2.o(.ARM.Collect$$libinit$$00000015)
    __rt_lib_init_lc_numeric_1               0x08000143   Thumb Code     0  libinit2.o(.ARM.Collect$$libinit$$00000017)
    __rt_lib_init_lc_time_1                  0x08000143   Thumb Code     0  libinit2.o(.ARM.Collect$$libinit$$00000019)
    __rt_lib_init_preinit_1                  0x08000143   Thumb Code     0  libinit2.o(.ARM.Collect$$libinit$$00000004)
    __rt_lib_init_rand_1                     0x08000143   Thumb Code     0  libinit2.o(.ARM.Collect$$libinit$$0000000E)
    __rt_lib_init_return                     0x08000143   Thumb Code     0  libinit2.o(.ARM.Collect$$libinit$$00000033)
    __rt_lib_init_signal_1                   0x08000143   Thumb Code     0  libinit2.o(.ARM.Collect$$libinit$$0000001D)
    __rt_lib_init_stdio_1                    0x08000143   Thumb Code     0  libinit2.o(.ARM.Collect$$libinit$$00000025)
    __rt_lib_init_user_alloc_1               0x08000143   Thumb Code     0  libinit2.o(.ARM.Collect$$libinit$$0000000C)
    __rt_lib_shutdown                        0x08000145   Thumb Code     0  libshutdown.o(.ARM.Collect$$libshutdown$$00000000)
    __rt_lib_shutdown_cpp_1                  0x08000147   Thumb Code     0  libshutdown2.o(.ARM.Collect$$libshutdown$$00000002)
    __rt_lib_shutdown_fp_trap_1              0x08000147   Thumb Code     0  libshutdown2.o(.ARM.Collect$$libshutdown$$00000007)
    __rt_lib_shutdown_heap_1                 0x08000147   Thumb Code     0  libshutdown2.o(.ARM.Collect$$libshutdown$$0000000F)
    __rt_lib_shutdown_return                 0x08000147   Thumb Code     0  libshutdown2.o(.ARM.Collect$$libshutdown$$00000010)
    __rt_lib_shutdown_signal_1               0x08000147   Thumb Code     0  libshutdown2.o(.ARM.Collect$$libshutdown$$0000000A)
    __rt_lib_shutdown_stdio_1                0x08000147   Thumb Code     0  libshutdown2.o(.ARM.Collect$$libshutdown$$00000004)
    __rt_lib_shutdown_user_alloc_1           0x08000147   Thumb Code     0  libshutdown2.o(.ARM.Collect$$libshutdown$$0000000C)
    __rt_entry                               0x08000149   Thumb Code     0  __rtentry.o(.ARM.Collect$$rtentry$$00000000)
    __rt_entry_presh_1                       0x08000149   Thumb Code     0  __rtentry2.o(.ARM.Collect$$rtentry$$00000002)
    __rt_entry_sh                            0x08000149   Thumb Code     0  __rtentry4.o(.ARM.Collect$$rtentry$$00000004)
    __rt_entry_li                            0x0800014f   Thumb Code     0  __rtentry2.o(.ARM.Collect$$rtentry$$0000000A)
    __rt_entry_postsh_1                      0x0800014f   Thumb Code     0  __rtentry2.o(.ARM.Collect$$rtentry$$00000009)
    __rt_entry_main                          0x08000153   Thumb Code     0  __rtentry2.o(.ARM.Collect$$rtentry$$0000000D)
    __rt_entry_postli_1                      0x08000153   Thumb Code     0  __rtentry2.o(.ARM.Collect$$rtentry$$0000000C)
    __rt_exit                                0x0800015b   Thumb Code     0  rtexit.o(.ARM.Collect$$rtexit$$00000000)
    __rt_exit_ls                             0x0800015d   Thumb Code     0  rtexit2.o(.ARM.Collect$$rtexit$$00000003)
    __rt_exit_prels_1                        0x0800015d   Thumb Code     0  rtexit2.o(.ARM.Collect$$rtexit$$00000002)
    __rt_exit_exit                           0x08000161   Thumb Code     0  rtexit2.o(.ARM.Collect$$rtexit$$00000004)
    Reset_Handler                            0x08000169   Thumb Code     8  startup_at32f421.o(.text)
    ADC1_CMP_IRQHandler                      0x08000183   Thumb Code     0  startup_at32f421.o(.text)
    CRM_IRQHandler                           0x08000183   Thumb Code     0  startup_at32f421.o(.text)
    DMA1_Channel1_IRQHandler                 0x08000183   Thumb Code     0  startup_at32f421.o(.text)
    DMA1_Channel3_2_IRQHandler               0x08000183   Thumb Code     0  startup_at32f421.o(.text)
    DMA1_Channel5_4_IRQHandler               0x08000183   Thumb Code     0  startup_at32f421.o(.text)
    ERTC_IRQHandler                          0x08000183   Thumb Code     0  startup_at32f421.o(.text)
    EXINT15_4_IRQHandler                     0x08000183   Thumb Code     0  startup_at32f421.o(.text)
    EXINT1_0_IRQHandler                      0x08000183   Thumb Code     0  startup_at32f421.o(.text)
    EXINT3_2_IRQHandler                      0x08000183   Thumb Code     0  startup_at32f421.o(.text)
    FLASH_IRQHandler                         0x08000183   Thumb Code     0  startup_at32f421.o(.text)
    I2C1_ERR_IRQHandler                      0x08000183   Thumb Code     0  startup_at32f421.o(.text)
    I2C1_EVT_IRQHandler                      0x08000183   Thumb Code     0  startup_at32f421.o(.text)
    I2C2_ERR_IRQHandler                      0x08000183   Thumb Code     0  startup_at32f421.o(.text)
    I2C2_EVT_IRQHandler                      0x08000183   Thumb Code     0  startup_at32f421.o(.text)
    PVM_IRQHandler                           0x08000183   Thumb Code     0  startup_at32f421.o(.text)
    SPI1_IRQHandler                          0x08000183   Thumb Code     0  startup_at32f421.o(.text)
    SPI2_IRQHandler                          0x08000183   Thumb Code     0  startup_at32f421.o(.text)
    TMR14_GLOBAL_IRQHandler                  0x08000183   Thumb Code     0  startup_at32f421.o(.text)
    TMR15_GLOBAL_IRQHandler                  0x08000183   Thumb Code     0  startup_at32f421.o(.text)
    TMR16_GLOBAL_IRQHandler                  0x08000183   Thumb Code     0  startup_at32f421.o(.text)
    TMR17_GLOBAL_IRQHandler                  0x08000183   Thumb Code     0  startup_at32f421.o(.text)
    TMR1_BRK_OVF_TRG_HALL_IRQHandler         0x08000183   Thumb Code     0  startup_at32f421.o(.text)
    TMR1_CH_IRQHandler                       0x08000183   Thumb Code     0  startup_at32f421.o(.text)
    TMR3_GLOBAL_IRQHandler                   0x08000183   Thumb Code     0  startup_at32f421.o(.text)
    TMR6_GLOBAL_IRQHandler                   0x08000183   Thumb Code     0  startup_at32f421.o(.text)
    USART1_IRQHandler                        0x08000183   Thumb Code     0  startup_at32f421.o(.text)
    USART2_IRQHandler                        0x08000183   Thumb Code     0  startup_at32f421.o(.text)
    WWDT_IRQHandler                          0x08000183   Thumb Code     0  startup_at32f421.o(.text)
    __user_initial_stackheap                 0x08000185   Thumb Code     0  startup_at32f421.o(.text)
    __use_no_semihosting                     0x080001a9   Thumb Code     2  use_no_semi_2.o(.text)
    __use_two_region_memory                  0x080001ab   Thumb Code     2  heapauxi.o(.text)
    __rt_heap_escrow$2region                 0x080001ad   Thumb Code     2  heapauxi.o(.text)
    __rt_heap_expand$2region                 0x080001af   Thumb Code     2  heapauxi.o(.text)
    __I$use$semihosting                      0x080001b1   Thumb Code     0  use_no_semi.o(.text)
    __use_no_semihosting_swi                 0x080001b1   Thumb Code     2  use_no_semi.o(.text)
    __user_setup_stackheap                   0x080001b3   Thumb Code    74  sys_stackheap_outer.o(.text)
    exit                                     0x080001fd   Thumb Code    18  exit.o(.text)
    __user_libspace                          0x08000211   Thumb Code     8  libspace.o(.text)
    __user_perproc_libspace                  0x08000211   Thumb Code     0  libspace.o(.text)
    __user_perthread_libspace                0x08000211   Thumb Code     0  libspace.o(.text)
    BusFault_Handler                         0x08000219   Thumb Code     2  at32f421_int.o(.text.BusFault_Handler)
    DebugMon_Handler                         0x0800021d   Thumb Code     2  at32f421_int.o(.text.DebugMon_Handler)
    HardFault_Handler                        0x08000221   Thumb Code     2  at32f421_int.o(.text.HardFault_Handler)
    LCD_ShowFloatNum1                        0x08000225   Thumb Code   210  st7735s.o(.text.LCD_ShowFloatNum1)
    LCD_ShowIntNum                           0x080002f9   Thumb Code   178  st7735s.o(.text.LCD_ShowIntNum)
    MemManage_Handler                        0x080003ad   Thumb Code     2  at32f421_int.o(.text.MemManage_Handler)
    NMI_Handler                              0x080003b1   Thumb Code     2  at32f421_int.o(.text.NMI_Handler)
    PendSV_Handler                           0x080003d9   Thumb Code     2  at32f421_int.o(.text.PendSV_Handler)
    SVC_Handler                              0x080003dd   Thumb Code     2  at32f421_int.o(.text.SVC_Handler)
    SysTick_Handler                          0x080003e1   Thumb Code     2  at32f421_int.o(.text.SysTick_Handler)
    SystemInit                               0x080003e5   Thumb Code    92  system_at32f421.o(.text.SystemInit)
    UsageFault_Handler                       0x08000441   Thumb Code     2  at32f421_int.o(.text.UsageFault_Handler)
    _sys_exit                                0x08000489   Thumb Code     2  wk_system.o(.text._sys_exit)
    crm_ahb_div_set                          0x0800048d   Thumb Code    26  at32f421_crm.o(.text.crm_ahb_div_set)
    crm_apb1_div_set                         0x080004a9   Thumb Code    26  at32f421_crm.o(.text.crm_apb1_div_set)
    crm_apb2_div_set                         0x080004c5   Thumb Code    26  at32f421_crm.o(.text.crm_apb2_div_set)
    crm_auto_step_mode_enable                0x080004e1   Thumb Code    24  at32f421_crm.o(.text.crm_auto_step_mode_enable)
    crm_clock_source_enable                  0x080004f9   Thumb Code   122  at32f421_crm.o(.text.crm_clock_source_enable)
    crm_clocks_freq_get                      0x08000575   Thumb Code   268  at32f421_crm.o(.text.crm_clocks_freq_get)
    crm_flag_get                             0x080006a1   Thumb Code    26  at32f421_crm.o(.text.crm_flag_get)
    crm_periph_clock_enable                  0x080006bd   Thumb Code    40  at32f421_crm.o(.text.crm_periph_clock_enable)
    crm_pll_config                           0x080006e5   Thumb Code   134  at32f421_crm.o(.text.crm_pll_config)
    crm_reset                                0x0800076d   Thumb Code    78  at32f421_crm.o(.text.crm_reset)
    crm_sysclk_switch                        0x080007bd   Thumb Code    58  at32f421_crm.o(.text.crm_sysclk_switch)
    crm_sysclk_switch_status_get             0x080007f9   Thumb Code    16  at32f421_crm.o(.text.crm_sysclk_switch_status_get)
    gpio_bits_reset                          0x08000839   Thumb Code     4  at32f421_gpio.o(.text.gpio_bits_reset)
    gpio_bits_set                            0x0800083d   Thumb Code     4  at32f421_gpio.o(.text.gpio_bits_set)
    gpio_default_para_init                   0x08000841   Thumb Code    14  at32f421_gpio.o(.text.gpio_default_para_init)
    gpio_init                                0x08000851   Thumb Code   132  at32f421_gpio.o(.text.gpio_init)
    gpio_pin_mux_config                      0x080008d5   Thumb Code    46  at32f421_gpio.o(.text.gpio_pin_mux_config)
    main                                     0x08000905   Thumb Code   132  main.o(.text.main)
    nvic_priority_group_config               0x080009a1   Thumb Code     8  at32f421_misc.o(.text.nvic_priority_group_config)
    st7735s_lcd_clear                        0x08000a41   Thumb Code    50  st7735s.o(.text.st7735s_lcd_clear)
    st7735s_lcd_draw_point                   0x08000bc9   Thumb Code    20  st7735s.o(.text.st7735s_lcd_draw_point)
    st7735s_lcd_init                         0x08000bdd   Thumb Code    22  st7735s.o(.text.st7735s_lcd_init)
    system_core_clock_update                 0x08000e35   Thumb Code   220  system_at32f421.o(.text.system_core_clock_update)
    systick_clock_source_config              0x08000f21   Thumb Code    24  at32f421_misc.o(.text.systick_clock_source_config)
    usart_enable                             0x08000f39   Thumb Code    18  at32f421_usart.o(.text.usart_enable)
    usart_hardware_flow_control_set          0x08000f4d   Thumb Code    66  at32f421_usart.o(.text.usart_hardware_flow_control_set)
    usart_init                               0x08000f91   Thumb Code   134  at32f421_usart.o(.text.usart_init)
    usart_parity_selection_config            0x08001019   Thumb Code    58  at32f421_usart.o(.text.usart_parity_selection_config)
    usart_transmitter_enable                 0x08001055   Thumb Code    18  at32f421_usart.o(.text.usart_transmitter_enable)
    wk_delay_ms                              0x08001069   Thumb Code    48  wk_system.o(.text.wk_delay_ms)
    wk_gpio_config                           0x08001099   Thumb Code    86  wk_gpio.o(.text.wk_gpio_config)
    wk_nvic_config                           0x080010f1   Thumb Code   150  at32f421_wk_config.o(.text.wk_nvic_config)
    wk_periph_clock_config                   0x08001189   Thumb Code    38  at32f421_wk_config.o(.text.wk_periph_clock_config)
    wk_system_clock_config                   0x080011b1   Thumb Code   144  at32f421_wk_config.o(.text.wk_system_clock_config)
    wk_timebase_init                         0x08001241   Thumb Code    72  wk_system.o(.text.wk_timebase_init)
    wk_usart1_init                           0x08001289   Thumb Code   106  wk_usart.o(.text.wk_usart1_init)
    __aeabi_d2f                              0x080012f5   Thumb Code     0  d2f.o(x$fpl$d2f)
    _d2f                                     0x080012f5   Thumb Code    98  d2f.o(x$fpl$d2f)
    __aeabi_dadd                             0x08001359   Thumb Code     0  daddsub_clz.o(x$fpl$dadd)
    _dadd                                    0x08001359   Thumb Code   332  daddsub_clz.o(x$fpl$dadd)
    __fpl_dnaninf                            0x080014a9   Thumb Code   156  dnaninf.o(x$fpl$dnaninf)
    __fpl_dretinf                            0x08001545   Thumb Code    12  dretinf.o(x$fpl$dretinf)
    __aeabi_dsub                             0x08001551   Thumb Code     0  daddsub_clz.o(x$fpl$dsub)
    _dsub                                    0x08001551   Thumb Code   472  daddsub_clz.o(x$fpl$dsub)
    __aeabi_f2d                              0x0800172d   Thumb Code     0  f2d.o(x$fpl$f2d)
    _f2d                                     0x0800172d   Thumb Code    86  f2d.o(x$fpl$f2d)
    __aeabi_f2iz                             0x08001785   Thumb Code     0  ffix.o(x$fpl$ffix)
    _ffix                                    0x08001785   Thumb Code    54  ffix.o(x$fpl$ffix)
    __aeabi_fmul                             0x080017bd   Thumb Code     0  fmul.o(x$fpl$fmul)
    _fmul                                    0x080017bd   Thumb Code   258  fmul.o(x$fpl$fmul)
    __fpl_fnaninf                            0x080018bf   Thumb Code   140  fnaninf.o(x$fpl$fnaninf)
    __fpl_fretinf                            0x0800194b   Thumb Code    10  fretinf.o(x$fpl$fretinf)
    __I$use$fp                               0x08001954   Number         0  usenofp.o(x$fpl$usenofp)
    ascii_1206                               0x08001954   Data        1140  st7735s.o(.rodata.ascii_1206)
    ascii_1608                               0x08001dc8   Data        1520  st7735s.o(.rodata.ascii_1608)
    ascii_2412                               0x080023b8   Data        4560  st7735s.o(.rodata.ascii_2412)
    ascii_3216                               0x08003588   Data        6080  st7735s.o(.rodata.ascii_3216)
    Region$$Table$$Base                      0x08004d48   Number         0  anon$$obj.o(Region$$Table)
    Region$$Table$$Limit                     0x08004d68   Number         0  anon$$obj.o(Region$$Table)
    system_core_clock                        0x20000000   Data           4  system_at32f421.o(.data.system_core_clock)
    __libspace_start                         0x20000008   Data          96  libspace.o(.bss)
    __temporary_stack_top$libspace           0x20000068   Data           0  libspace.o(.bss)
    ticks_count_us                           0x20000068   Data           4  wk_system.o(.bss.ticks_count_us)



==============================================================================

Memory Map of the image

  Image Entry point : 0x080000cd

  Load Region LR_IROM1 (Base: 0x08000000, Size: 0x00004d70, Max: 0x00010000, ABSOLUTE)

    Execution Region ER_IROM1 (Exec base: 0x08000000, Load base: 0x08000000, Size: 0x00004d68, Max: 0x00010000, ABSOLUTE)

    Exec Addr    Load Addr    Size         Type   Attr      Idx    E Section Name        Object

    0x08000000   0x08000000   0x000000cc   Data   RO          441    RESET               startup_at32f421.o
    0x080000cc   0x080000cc   0x00000008   Code   RO          498  * !!!main             c_w.l(__main.o)
    0x080000d4   0x080000d4   0x00000034   Code   RO          678    !!!scatter          c_w.l(__scatter.o)
    0x08000108   0x08000108   0x0000001a   Code   RO          680    !!handler_copy      c_w.l(__scatter_copy.o)
    0x08000122   0x08000122   0x00000002   PAD
    0x08000124   0x08000124   0x0000001c   Code   RO          682    !!handler_zi        c_w.l(__scatter_zi.o)
    0x08000140   0x08000140   0x00000002   Code   RO          552    .ARM.Collect$$libinit$$00000000  c_w.l(libinit.o)
    0x08000142   0x08000142   0x00000000   Code   RO          559    .ARM.Collect$$libinit$$00000002  c_w.l(libinit2.o)
    0x08000142   0x08000142   0x00000000   Code   RO          561    .ARM.Collect$$libinit$$00000004  c_w.l(libinit2.o)
    0x08000142   0x08000142   0x00000000   Code   RO          564    .ARM.Collect$$libinit$$0000000A  c_w.l(libinit2.o)
    0x08000142   0x08000142   0x00000000   Code   RO          566    .ARM.Collect$$libinit$$0000000C  c_w.l(libinit2.o)
    0x08000142   0x08000142   0x00000000   Code   RO          568    .ARM.Collect$$libinit$$0000000E  c_w.l(libinit2.o)
    0x08000142   0x08000142   0x00000000   Code   RO          571    .ARM.Collect$$libinit$$00000011  c_w.l(libinit2.o)
    0x08000142   0x08000142   0x00000000   Code   RO          573    .ARM.Collect$$libinit$$00000013  c_w.l(libinit2.o)
    0x08000142   0x08000142   0x00000000   Code   RO          575    .ARM.Collect$$libinit$$00000015  c_w.l(libinit2.o)
    0x08000142   0x08000142   0x00000000   Code   RO          577    .ARM.Collect$$libinit$$00000017  c_w.l(libinit2.o)
    0x08000142   0x08000142   0x00000000   Code   RO          579    .ARM.Collect$$libinit$$00000019  c_w.l(libinit2.o)
    0x08000142   0x08000142   0x00000000   Code   RO          581    .ARM.Collect$$libinit$$0000001B  c_w.l(libinit2.o)
    0x08000142   0x08000142   0x00000000   Code   RO          583    .ARM.Collect$$libinit$$0000001D  c_w.l(libinit2.o)
    0x08000142   0x08000142   0x00000000   Code   RO          585    .ARM.Collect$$libinit$$0000001F  c_w.l(libinit2.o)
    0x08000142   0x08000142   0x00000000   Code   RO          587    .ARM.Collect$$libinit$$00000021  c_w.l(libinit2.o)
    0x08000142   0x08000142   0x00000000   Code   RO          589    .ARM.Collect$$libinit$$00000023  c_w.l(libinit2.o)
    0x08000142   0x08000142   0x00000000   Code   RO          591    .ARM.Collect$$libinit$$00000025  c_w.l(libinit2.o)
    0x08000142   0x08000142   0x00000000   Code   RO          595    .ARM.Collect$$libinit$$0000002C  c_w.l(libinit2.o)
    0x08000142   0x08000142   0x00000000   Code   RO          597    .ARM.Collect$$libinit$$0000002E  c_w.l(libinit2.o)
    0x08000142   0x08000142   0x00000000   Code   RO          599    .ARM.Collect$$libinit$$00000030  c_w.l(libinit2.o)
    0x08000142   0x08000142   0x00000000   Code   RO          601    .ARM.Collect$$libinit$$00000032  c_w.l(libinit2.o)
    0x08000142   0x08000142   0x00000002   Code   RO          602    .ARM.Collect$$libinit$$00000033  c_w.l(libinit2.o)
    0x08000144   0x08000144   0x00000002   Code   RO          620    .ARM.Collect$$libshutdown$$00000000  c_w.l(libshutdown.o)
    0x08000146   0x08000146   0x00000000   Code   RO          632    .ARM.Collect$$libshutdown$$00000002  c_w.l(libshutdown2.o)
    0x08000146   0x08000146   0x00000000   Code   RO          634    .ARM.Collect$$libshutdown$$00000004  c_w.l(libshutdown2.o)
    0x08000146   0x08000146   0x00000000   Code   RO          637    .ARM.Collect$$libshutdown$$00000007  c_w.l(libshutdown2.o)
    0x08000146   0x08000146   0x00000000   Code   RO          640    .ARM.Collect$$libshutdown$$0000000A  c_w.l(libshutdown2.o)
    0x08000146   0x08000146   0x00000000   Code   RO          642    .ARM.Collect$$libshutdown$$0000000C  c_w.l(libshutdown2.o)
    0x08000146   0x08000146   0x00000000   Code   RO          645    .ARM.Collect$$libshutdown$$0000000F  c_w.l(libshutdown2.o)
    0x08000146   0x08000146   0x00000002   Code   RO          646    .ARM.Collect$$libshutdown$$00000010  c_w.l(libshutdown2.o)
    0x08000148   0x08000148   0x00000000   Code   RO          518    .ARM.Collect$$rtentry$$00000000  c_w.l(__rtentry.o)
    0x08000148   0x08000148   0x00000000   Code   RO          529    .ARM.Collect$$rtentry$$00000002  c_w.l(__rtentry2.o)
    0x08000148   0x08000148   0x00000006   Code   RO          541    .ARM.Collect$$rtentry$$00000004  c_w.l(__rtentry4.o)
    0x0800014e   0x0800014e   0x00000000   Code   RO          531    .ARM.Collect$$rtentry$$00000009  c_w.l(__rtentry2.o)
    0x0800014e   0x0800014e   0x00000004   Code   RO          532    .ARM.Collect$$rtentry$$0000000A  c_w.l(__rtentry2.o)
    0x08000152   0x08000152   0x00000000   Code   RO          534    .ARM.Collect$$rtentry$$0000000C  c_w.l(__rtentry2.o)
    0x08000152   0x08000152   0x00000008   Code   RO          535    .ARM.Collect$$rtentry$$0000000D  c_w.l(__rtentry2.o)
    0x0800015a   0x0800015a   0x00000002   Code   RO          556    .ARM.Collect$$rtexit$$00000000  c_w.l(rtexit.o)
    0x0800015c   0x0800015c   0x00000000   Code   RO          604    .ARM.Collect$$rtexit$$00000002  c_w.l(rtexit2.o)
    0x0800015c   0x0800015c   0x00000004   Code   RO          605    .ARM.Collect$$rtexit$$00000003  c_w.l(rtexit2.o)
    0x08000160   0x08000160   0x00000006   Code   RO          606    .ARM.Collect$$rtexit$$00000004  c_w.l(rtexit2.o)
    0x08000166   0x08000166   0x00000002   PAD
    0x08000168   0x08000168   0x00000040   Code   RO          442    .text               startup_at32f421.o
    0x080001a8   0x080001a8   0x00000002   Code   RO          494    .text               c_w.l(use_no_semi_2.o)
    0x080001aa   0x080001aa   0x00000006   Code   RO          496    .text               c_w.l(heapauxi.o)
    0x080001b0   0x080001b0   0x00000002   Code   RO          516    .text               c_w.l(use_no_semi.o)
    0x080001b2   0x080001b2   0x0000004a   Code   RO          543    .text               c_w.l(sys_stackheap_outer.o)
    0x080001fc   0x080001fc   0x00000012   Code   RO          545    .text               c_w.l(exit.o)
    0x0800020e   0x0800020e   0x00000002   PAD
    0x08000210   0x08000210   0x00000008   Code   RO          553    .text               c_w.l(libspace.o)
    0x08000218   0x08000218   0x00000002   Code   RO            8    .text.BusFault_Handler  at32f421_int.o
    0x0800021a   0x0800021a   0x00000002   PAD
    0x0800021c   0x0800021c   0x00000002   Code   RO           14    .text.DebugMon_Handler  at32f421_int.o
    0x0800021e   0x0800021e   0x00000002   PAD
    0x08000220   0x08000220   0x00000002   Code   RO            4    .text.HardFault_Handler  at32f421_int.o
    0x08000222   0x08000222   0x00000002   PAD
    0x08000224   0x08000224   0x000000d2   Code   RO          473    .text.LCD_ShowFloatNum1  st7735s.o
    0x080002f6   0x080002f6   0x00000002   PAD
    0x080002f8   0x080002f8   0x000000b2   Code   RO          469    .text.LCD_ShowIntNum  st7735s.o
    0x080003aa   0x080003aa   0x00000002   PAD
    0x080003ac   0x080003ac   0x00000002   Code   RO            6    .text.MemManage_Handler  at32f421_int.o
    0x080003ae   0x080003ae   0x00000002   PAD
    0x080003b0   0x080003b0   0x00000002   Code   RO            2    .text.NMI_Handler   at32f421_int.o
    0x080003b2   0x080003b2   0x00000002   PAD
    0x080003b4   0x080003b4   0x00000024   Code   RO           35    .text.NVIC_EncodePriority  at32f421_wk_config.o
    0x080003d8   0x080003d8   0x00000002   Code   RO           16    .text.PendSV_Handler  at32f421_int.o
    0x080003da   0x080003da   0x00000002   PAD
    0x080003dc   0x080003dc   0x00000002   Code   RO           12    .text.SVC_Handler   at32f421_int.o
    0x080003de   0x080003de   0x00000002   PAD
    0x080003e0   0x080003e0   0x00000002   Code   RO           18    .text.SysTick_Handler  at32f421_int.o
    0x080003e2   0x080003e2   0x00000002   PAD
    0x080003e4   0x080003e4   0x0000005c   Code   RO          427    .text.SystemInit    system_at32f421.o
    0x08000440   0x08000440   0x00000002   Code   RO           10    .text.UsageFault_Handler  at32f421_int.o
    0x08000442   0x08000442   0x00000002   PAD
    0x08000444   0x08000444   0x00000010   Code   RO           37    .text.__NVIC_GetPriorityGrouping  at32f421_wk_config.o
    0x08000454   0x08000454   0x00000012   Code   RO           33    .text.__NVIC_SetPriority  at32f421_wk_config.o
    0x08000466   0x08000466   0x00000002   PAD
    0x08000468   0x08000468   0x00000020   Code   RO          411    .text.__NVIC_SetPriorityGrouping  at32f421_misc.o
    0x08000488   0x08000488   0x00000002   Code   RO           63    .text._sys_exit     wk_system.o
    0x0800048a   0x0800048a   0x00000002   PAD
    0x0800048c   0x0800048c   0x0000001a   Code   RO          125    .text.crm_ahb_div_set  at32f421_crm.o
    0x080004a6   0x080004a6   0x00000002   PAD
    0x080004a8   0x080004a8   0x0000001a   Code   RO          127    .text.crm_apb1_div_set  at32f421_crm.o
    0x080004c2   0x080004c2   0x00000002   PAD
    0x080004c4   0x080004c4   0x0000001a   Code   RO          129    .text.crm_apb2_div_set  at32f421_crm.o
    0x080004de   0x080004de   0x00000002   PAD
    0x080004e0   0x080004e0   0x00000018   Code   RO          151    .text.crm_auto_step_mode_enable  at32f421_crm.o
    0x080004f8   0x080004f8   0x0000007a   Code   RO          117    .text.crm_clock_source_enable  at32f421_crm.o
    0x08000572   0x08000572   0x00000002   PAD
    0x08000574   0x08000574   0x0000012c   Code   RO          145    .text.crm_clocks_freq_get  at32f421_crm.o
    0x080006a0   0x080006a0   0x0000001a   Code   RO          101    .text.crm_flag_get  at32f421_crm.o
    0x080006ba   0x080006ba   0x00000002   PAD
    0x080006bc   0x080006bc   0x00000028   Code   RO          111    .text.crm_periph_clock_enable  at32f421_crm.o
    0x080006e4   0x080006e4   0x00000086   Code   RO          137    .text.crm_pll_config  at32f421_crm.o
    0x0800076a   0x0800076a   0x00000002   PAD
    0x0800076c   0x0800076c   0x0000004e   Code   RO           95    .text.crm_reset     at32f421_crm.o
    0x080007ba   0x080007ba   0x00000002   PAD
    0x080007bc   0x080007bc   0x0000003a   Code   RO          141    .text.crm_sysclk_switch  at32f421_crm.o
    0x080007f6   0x080007f6   0x00000002   PAD
    0x080007f8   0x080007f8   0x00000010   Code   RO          143    .text.crm_sysclk_switch_status_get  at32f421_crm.o
    0x08000808   0x08000808   0x0000002e   Code   RO           59    .text.delay_us      wk_system.o
    0x08000836   0x08000836   0x00000002   PAD
    0x08000838   0x08000838   0x00000004   Code   RO          183    .text.gpio_bits_reset  at32f421_gpio.o
    0x0800083c   0x0800083c   0x00000004   Code   RO          181    .text.gpio_bits_set  at32f421_gpio.o
    0x08000840   0x08000840   0x0000000e   Code   RO          171    .text.gpio_default_para_init  at32f421_gpio.o
    0x0800084e   0x0800084e   0x00000002   PAD
    0x08000850   0x08000850   0x00000084   Code   RO          169    .text.gpio_init     at32f421_gpio.o
    0x080008d4   0x080008d4   0x0000002e   Code   RO          193    .text.gpio_pin_mux_config  at32f421_gpio.o
    0x08000902   0x08000902   0x00000002   PAD
    0x08000904   0x08000904   0x00000084   Code   RO           47    .text.main          main.o
    0x08000988   0x08000988   0x00000016   Code   RO          471    .text.mypow         st7735s.o
    0x0800099e   0x0800099e   0x00000002   PAD
    0x080009a0   0x080009a0   0x00000008   Code   RO          409    .text.nvic_priority_group_config  at32f421_misc.o
    0x080009a8   0x080009a8   0x0000005c   Code   RO          479    .text.software_spi_transmit_u8  st7735s.o
    0x08000a04   0x08000a04   0x0000003a   Code   RO          457    .text.st7735s_lcd_address_set  st7735s.o
    0x08000a3e   0x08000a3e   0x00000002   PAD
    0x08000a40   0x08000a40   0x00000032   Code   RO          455    .text.st7735s_lcd_clear  st7735s.o
    0x08000a72   0x08000a72   0x00000002   PAD
    0x08000a74   0x08000a74   0x00000152   Code   RO          467    .text.st7735s_lcd_draw_char  st7735s.o
    0x08000bc6   0x08000bc6   0x00000002   PAD
    0x08000bc8   0x08000bc8   0x00000014   Code   RO          463    .text.st7735s_lcd_draw_point  st7735s.o
    0x08000bdc   0x08000bdc   0x00000016   Code   RO          449    .text.st7735s_lcd_init  st7735s.o
    0x08000bf2   0x08000bf2   0x00000002   PAD
    0x08000bf4   0x08000bf4   0x00000024   Code   RO          451    .text.st7735s_lcd_reset  st7735s.o
    0x08000c18   0x08000c18   0x000001d8   Code   RO          453    .text.st7735s_load_parameter  st7735s.o
    0x08000df0   0x08000df0   0x00000016   Code   RO          475    .text.st7735s_write_commend  st7735s.o
    0x08000e06   0x08000e06   0x00000002   PAD
    0x08000e08   0x08000e08   0x00000012   Code   RO          459    .text.st7735s_write_data_u16  st7735s.o
    0x08000e1a   0x08000e1a   0x00000002   PAD
    0x08000e1c   0x08000e1c   0x00000016   Code   RO          477    .text.st7735s_write_data_u8  st7735s.o
    0x08000e32   0x08000e32   0x00000002   PAD
    0x08000e34   0x08000e34   0x000000ec   Code   RO          429    .text.system_core_clock_update  system_at32f421.o
    0x08000f20   0x08000f20   0x00000018   Code   RO          417    .text.systick_clock_source_config  at32f421_misc.o
    0x08000f38   0x08000f38   0x00000012   Code   RO          209    .text.usart_enable  at32f421_usart.o
    0x08000f4a   0x08000f4a   0x00000002   PAD
    0x08000f4c   0x08000f4c   0x00000042   Code   RO          255    .text.usart_hardware_flow_control_set  at32f421_usart.o
    0x08000f8e   0x08000f8e   0x00000002   PAD
    0x08000f90   0x08000f90   0x00000086   Code   RO          205    .text.usart_init    at32f421_usart.o
    0x08001016   0x08001016   0x00000002   PAD
    0x08001018   0x08001018   0x0000003a   Code   RO          207    .text.usart_parity_selection_config  at32f421_usart.o
    0x08001052   0x08001052   0x00000002   PAD
    0x08001054   0x08001054   0x00000012   Code   RO          211    .text.usart_transmitter_enable  at32f421_usart.o
    0x08001066   0x08001066   0x00000002   PAD
    0x08001068   0x08001068   0x00000030   Code   RO           57    .text.wk_delay_ms   wk_system.o
    0x08001098   0x08001098   0x00000056   Code   RO           87    .text.wk_gpio_config  wk_gpio.o
    0x080010ee   0x080010ee   0x00000002   PAD
    0x080010f0   0x080010f0   0x00000096   Code   RO           31    .text.wk_nvic_config  at32f421_wk_config.o
    0x08001186   0x08001186   0x00000002   PAD
    0x08001188   0x08001188   0x00000026   Code   RO           29    .text.wk_periph_clock_config  at32f421_wk_config.o
    0x080011ae   0x080011ae   0x00000002   PAD
    0x080011b0   0x080011b0   0x00000090   Code   RO           27    .text.wk_system_clock_config  at32f421_wk_config.o
    0x08001240   0x08001240   0x00000048   Code   RO           61    .text.wk_timebase_init  wk_system.o
    0x08001288   0x08001288   0x0000006a   Code   RO           79    .text.wk_usart1_init  wk_usart.o
    0x080012f2   0x080012f2   0x00000002   PAD
    0x080012f4   0x080012f4   0x00000062   Code   RO          500    x$fpl$d2f           fz_ws.l(d2f.o)
    0x08001356   0x08001356   0x00000002   PAD
    0x08001358   0x08001358   0x00000150   Code   RO          502    x$fpl$dadd          fz_ws.l(daddsub_clz.o)
    0x080014a8   0x080014a8   0x0000009c   Code   RO          519    x$fpl$dnaninf       fz_ws.l(dnaninf.o)
    0x08001544   0x08001544   0x0000000c   Code   RO          521    x$fpl$dretinf       fz_ws.l(dretinf.o)
    0x08001550   0x08001550   0x000001dc   Code   RO          504    x$fpl$dsub          fz_ws.l(daddsub_clz.o)
    0x0800172c   0x0800172c   0x00000056   Code   RO          508    x$fpl$f2d           fz_ws.l(f2d.o)
    0x08001782   0x08001782   0x00000002   PAD
    0x08001784   0x08001784   0x00000036   Code   RO          510    x$fpl$ffix          fz_ws.l(ffix.o)
    0x080017ba   0x080017ba   0x00000002   PAD
    0x080017bc   0x080017bc   0x00000102   Code   RO          514    x$fpl$fmul          fz_ws.l(fmul.o)
    0x080018be   0x080018be   0x0000008c   Code   RO          523    x$fpl$fnaninf       fz_ws.l(fnaninf.o)
    0x0800194a   0x0800194a   0x0000000a   Code   RO          525    x$fpl$fretinf       fz_ws.l(fretinf.o)
    0x08001954   0x08001954   0x00000000   Code   RO          527    x$fpl$usenofp       fz_ws.l(usenofp.o)
    0x08001954   0x08001954   0x00000474   Data   RO          481    .rodata.ascii_1206  st7735s.o
    0x08001dc8   0x08001dc8   0x000005f0   Data   RO          482    .rodata.ascii_1608  st7735s.o
    0x080023b8   0x080023b8   0x000011d0   Data   RO          483    .rodata.ascii_2412  st7735s.o
    0x08003588   0x08003588   0x000017c0   Data   RO          484    .rodata.ascii_3216  st7735s.o
    0x08004d48   0x08004d48   0x00000020   Data   RO          677    Region$$Table       anon$$obj.o


    Execution Region RW_IRAM1 (Exec base: 0x20000000, Load base: 0x08004d68, Size: 0x00000670, Max: 0x00004000, ABSOLUTE)

    Exec Addr    Load Addr    Size         Type   Attr      Idx    E Section Name        Object

    0x20000000   0x08004d68   0x00000004   Data   RW          431    .data.system_core_clock  system_at32f421.o
    0x20000004   0x08004d6c   0x00000004   PAD
    0x20000008        -       0x00000060   Zero   RW          554    .bss                c_w.l(libspace.o)
    0x20000068        -       0x00000004   Zero   RW           69    .bss.ticks_count_us  wk_system.o
    0x2000006c   0x08004d6c   0x00000004   PAD
    0x20000070        -       0x00000200   Zero   RW          440    HEAP                startup_at32f421.o
    0x20000270        -       0x00000400   Zero   RW          439    STACK               startup_at32f421.o


==============================================================================

Image component sizes


      Code (inc. data)   RO Data    RW Data    ZI Data      Debug   Object Name

       876         38          0          0          0      19280   at32f421_crm.o
       200          0          0          0          0      10877   at32f421_gpio.o
        18          0          0          0          0       1000   at32f421_int.o
        64          0          0          0          0       6306   at32f421_misc.o
       294          4          0          0          0      11071   at32f421_usart.o
       402          0          0          0          0      10469   at32f421_wk_config.o
       132          0          0          0          0        494   main.o
      1560          6      13300          0          0      12607   st7735s.o
        64         26        204          0       1536        788   startup_at32f421.o
       328         16          0          4          0       7599   system_at32f421.o
        86          0          0          0          0       6465   wk_gpio.o
       168          0          0          0          4       4527   wk_system.o
       106          0          0          0          0       9182   wk_usart.o

    ----------------------------------------------------------------------
      4380         90      13536          4       1548     100665   Object Totals
         0          0         32          0          0          0   (incl. Generated)
        82          0          0          0          8          0   (incl. Padding)

    ----------------------------------------------------------------------

      Code (inc. data)   RO Data    RW Data    ZI Data      Debug   Library Member Name

         8          0          0          0          0         68   __main.o
         0          0          0          0          0          0   __rtentry.o
        12          0          0          0          0          0   __rtentry2.o
         6          0          0          0          0          0   __rtentry4.o
        52          8          0          0          0          0   __scatter.o
        26          0          0          0          0          0   __scatter_copy.o
        28          0          0          0          0          0   __scatter_zi.o
        18          0          0          0          0         80   exit.o
         6          0          0          0          0        152   heapauxi.o
         2          0          0          0          0          0   libinit.o
         2          0          0          0          0          0   libinit2.o
         2          0          0          0          0          0   libshutdown.o
         2          0          0          0          0          0   libshutdown2.o
         8          4          0          0         96         68   libspace.o
         2          0          0          0          0          0   rtexit.o
        10          0          0          0          0          0   rtexit2.o
        74          0          0          0          0         80   sys_stackheap_outer.o
         2          0          0          0          0         68   use_no_semi.o
         2          0          0          0          0         68   use_no_semi_2.o
        98          4          0          0          0         92   d2f.o
       812         16          0          0          0        296   daddsub_clz.o
       156          4          0          0          0         92   dnaninf.o
        12          0          0          0          0         68   dretinf.o
        86          4          0          0          0         84   f2d.o
        54          4          0          0          0         84   ffix.o
       258          4          0          0          0         84   fmul.o
       140          4          0          0          0         84   fnaninf.o
        10          0          0          0          0         68   fretinf.o
         0          0          0          0          0          0   usenofp.o

    ----------------------------------------------------------------------
      1900         52          0          0         96       1536   Library Totals
        12          0          0          0          0          0   (incl. Padding)

    ----------------------------------------------------------------------

      Code (inc. data)   RO Data    RW Data    ZI Data      Debug   Library Name

       262         12          0          0         96        584   c_w.l
      1626         40          0          0          0        952   fz_ws.l

    ----------------------------------------------------------------------
      1900         52          0          0         96       1536   Library Totals

    ----------------------------------------------------------------------

==============================================================================


      Code (inc. data)   RO Data    RW Data    ZI Data      Debug   

      6280        142      13536          4       1644     101353   Grand Totals
      6280        142      13536          4       1644     101353   ELF Image Totals
      6280        142      13536          4          0          0   ROM Totals

==============================================================================

    Total RO  Size (Code + RO Data)                19816 (  19.35kB)
    Total RW  Size (RW Data + ZI Data)              1648 (   1.61kB)
    Total ROM Size (Code + RO Data + RW Data)      19820 (  19.36kB)

==============================================================================

